07-04 16:51:30.121  1733  1752 W art     : Long monitor contention event with owner method=void libcore.io.Posix.fsync(java.io.FileDescriptor) from Posix.java:4294967294 waiters=0 for 581ms
07-04 16:51:30.324  2883  2893 W art     : Suspending all threads took: 141.545ms
07-04 16:51:30.343  2883  2893 I art     : Background partial concurrent mark sweep GC freed 31441(2MB) AllocSpace objects, 24(476KB) LOS objects, 32% free, 8MB/12MB, paused 145.770ms total 2.265s
07-04 16:51:31.079  2883  3318 I SystemUpdateTask: cancelUpdate (empty URL)
07-04 16:51:31.079  2883  3318 I CmaSystemUpdateService: active receiver: disabled
07-04 16:51:31.303  1733  1939 I AccountManagerService: getTypesVisibleToCaller: isPermitted? true
07-04 16:51:31.917  1733  1747 I AccountManagerService: getTypesVisibleToCaller: isPermitted? true
07-04 16:51:31.966  2883  3178 I Wear_Controller: Wear is not allowed to run on this device. Not starting control service.
07-04 16:51:31.967  2883  3289 I MS_RegisterService: RegisterService intent:Intent { act=com.google.android.gms.matchstick.register_intent_action cat=[targeted_intent_op_prefix:com.google.android.libraries.matchstick.net.SilentRegisterIntentOperation] cmp=com.google.android.gms/.chimera.GmsIntentOperationService } isPeriodic:false
07-04 16:51:31.981  2883  3327 I CheckinChimeraService: Checking schedule, now: 1499179891981 next: 1499222213620
07-04 16:51:31.982  2883  3327 I CheckinChimeraService: active receiver: disabled
07-04 16:51:32.904  2436  3329 E BluetoothAdapter: Bluetooth binder is null
07-04 16:51:33.683  2883  3288 I Icing   : Storage manager: low false usage 1.69MB avail 1.75GB capacity 1.94GB
07-04 16:51:33.691  2436  2436 I GCoreNlp: shouldConfirmNlp, NLP off. Ensuring opt-in disabled
07-04 16:51:33.737  1733  2396 I AccountManagerService: getTypesVisibleToCaller: isPermitted? true
07-04 16:51:33.739  2883  3289 I MS_PhoneUtils: Phone type: 1
07-04 16:51:34.202  2883  3289 I MS_RegisterService: Doing full registration.
07-04 16:51:34.300  2883  3289 I MS_RegisterService: Throttling registration.
07-04 16:51:34.515  2883  3314 W Vision  : Config client not connected for download:file:ocr
07-04 16:51:34.515  2883  3314 W Vision  : Config client not connected for download:prefetch_enabled
07-04 16:51:35.025  2883  3314 I Vision  : Engine already satisfied by existing download for ocr
07-04 16:51:36.344  2483  2992 I LibraryLoader: Time to load native libraries: 3309 ms (timestamps 9799-3108)
07-04 16:51:36.434  2883  3293 W PeopleGmsPhenoRgstrIntentOp: Google Api connection failed
07-04 16:51:36.520  2483  2992 I LibraryLoader: Expected native library version number "",actual native library version number ""
07-04 16:51:36.720  1733  2395 W art     : Long monitor contention event with owner method=void com.android.server.pm.PackageManagerService$PackageHandler.doHandleMessage(android.os.Message) from PackageManagerService.java:1497 waiters=1 for 1.673s
07-04 16:51:36.720  1733  3187 W art     : Long monitor contention event with owner method=void com.android.server.pm.PackageManagerService$PackageHandler.doHandleMessage(android.os.Message) from PackageManagerService.java:1497 waiters=2 for 1.045s
07-04 16:51:36.721  1733  1938 W art     : Long monitor contention event with owner method=void com.android.server.pm.PackageManagerService$PackageHandler.doHandleMessage(android.os.Message) from PackageManagerService.java:1497 waiters=0 for 1.777s
07-04 16:51:36.722  2883  3294 W WearSignatureVerifier: No package com.google.android.wearable.app.cn
07-04 16:51:36.723  2883  3294 E MDM     : [190] vce.a: Couldn't connect to Google API client: jug{statusCode=TIMEOUT, resolution=null, message=null}
07-04 16:51:36.749  1733  1818 I InputReader: Reconfiguring input devices.  changes=0x00000010
07-04 16:51:36.915  2436  2436 I WearableService: Wear is not allowed to run on this device. Not starting Wear service.
07-04 16:51:36.922  2436  2436 D WearableService: callingUid 10008, callindPid: 2436
07-04 16:51:37.718  2483  2992 W art     : Attempt to remove non-JNI local reference, dumping thread
07-04 16:51:38.688  2883  3355 I Authzen : [PermitStore] Getting all permits...
07-04 16:51:38.707  1733  1746 I AccountManagerService: getTypesVisibleToCaller: isPermitted? true
07-04 16:51:38.740  2883  3315 W DriveInitializer: Background init thread ended
07-04 16:51:39.501  1733  2337 I AccountManagerService: getTypesVisibleToCaller: isPermitted? true
07-04 16:51:39.954  2436  2436 W art     : Long monitor contention event with owner method=long android.database.sqlite.SQLiteConnection.nativeOpen(java.lang.String, int, java.lang.String, boolean, boolean) from SQLiteConnection.java:4294967294 waiters=0 for 1.314s
07-04 16:51:40.284  1733  2396 I AccountManagerService: getTypesVisibleToCaller: isPermitted? true
07-04 16:51:40.736  2483  2992 E Cookies : getCookie timeout
07-04 16:51:40.736  2483  2992 E Cookies : java.util.concurrent.TimeoutException
07-04 16:51:40.736  2483  2992 E Cookies : 	at java.util.concurrent.FutureTask.get(FutureTask.java:177)
07-04 16:51:40.736  2483  2992 E Cookies : 	at com.google.android.velvet.a.un(Cookies.java:350)
07-04 16:51:40.736  2483  2992 E Cookies : 	at com.google.android.velvet.a.getCookie(Cookies.java:313)
07-04 16:51:40.736  2483  2992 E Cookies : 	at com.google.android.search.core.google.ah.b(SearchUrlHelper.java:2518)
07-04 16:51:40.736  2483  2992 E Cookies : 	at com.google.android.search.core.google.ai.b(SearchUrlHelper.java:3055)
07-04 16:51:40.736  2483  2992 E Cookies : 	at com.google.android.search.core.google.ai.brs(SearchUrlHelper.java:2998)
07-04 16:51:40.736  2483  2992 E Cookies : 	at com.google.android.search.core.google.ah.ak(SearchUrlHelper.java:1102)
07-04 16:51:40.736  2483  2992 E Cookies : 	at com.google.android.search.core.google.a.d.b(GwsSuggestionFetcher.java:171)
07-04 16:51:40.736  2483  2992 E Cookies : 	at com.google.android.search.core.google.a.d.a(GwsSuggestionFetcher.java:108)
07-04 16:51:40.736  2483  2992 E Cookies : 	at com.google.android.search.core.google.a.a.f(CompleteServerClient.java:77)
07-04 16:51:40.736  2483  2992 E Cookies : 	at com.google.android.search.core.google.b.a(AbstractGoogleWebSource.java:55)
07-04 16:51:40.736  2483  2992 E Cookies : 	at com.google.android.search.core.google.a.b(AbstractGoogleSource.java:54)
07-04 16:51:40.736  2483  2992 E Cookies : 	at com.google.android.search.core.bz$16.run(SearchServiceFactory.java:508)
07-04 16:51:40.736  2483  2992 E Cookies : 	at java.util.concurrent.Executors$RunnableAdapter.call(Executors.java:423)
07-04 16:51:40.736  2483  2992 E Cookies : 	at java.util.concurrent.FutureTask.run(FutureTask.java:237)
07-04 16:51:40.736  2483  2992 E Cookies : 	at java.util.concurrent.Executors$RunnableAdapter.call(Executors.java:423)
07-04 16:51:40.736  2483  2992 E Cookies : 	at java.util.concurrent.FutureTask.run(FutureTask.java:237)
07-04 16:51:40.736  2483  2992 E Cookies : 	at java.util.concurrent.ThreadPoolExecutor.runWorker(ThreadPoolExecutor.java:1113)
07-04 16:51:40.736  2483  2992 E Cookies : 	at java.util.concurrent.ThreadPoolExecutor$Worker.run(ThreadPoolExecutor.java:588)
07-04 16:51:40.736  2483  2992 E Cookies : 	at java.lang.Thread.run(Thread.java:818)
07-04 16:51:40.736  2483  2992 E Cookies : 	at com.google.android.apps.gsa.shared.util.c.a.l$1.run(GsaThreadFactory.java:99)
07-04 16:51:40.736  2483  2992 W ErrorReporter: reportError [type: 29, code: 917507]: null
07-04 16:51:40.737  2483  2992 W Search.SearchUrlHelper: Auth token not ready, no auth header set.
07-04 16:51:41.146  2921  3201 D InitAlarmsService: Clearing and rescheduling alarms.
07-04 16:51:42.844  2883  3288 E Icing   : street name for address is empty or is not existed. 
07-04 16:51:43.085  2883  3288 E Icing   : Opening file  for read failed: No such file or directory
07-04 16:51:43.085  2883  3288 E Icing   : Unable to open file . 
07-04 16:51:43.086  2883  3288 E Icing   : WordsMap was not properly initialized
07-04 16:51:43.161  2883  2893 I art     : Background partial concurrent mark sweep GC freed 21910(2MB) AllocSpace objects, 16(316KB) LOS objects, 33% free, 7MB/11MB, paused 2.190ms total 691.907ms
07-04 16:51:43.459  2436  3359 E PhenotypeFlagCommitter: Retrieving snapshot for com.google.android.location failed
07-04 16:51:43.459  2436  3359 E PhenotypeFlagCommitter: java.util.concurrent.TimeoutException: Timed out waiting for Task
07-04 16:51:43.459  2436  3359 E PhenotypeFlagCommitter: 	at aeud.a(:com.google.android.gms:117)
07-04 16:51:43.459  2436  3359 E PhenotypeFlagCommitter: 	at yrv.a(:com.google.android.gms:128)
07-04 16:51:43.459  2436  3359 E PhenotypeFlagCommitter: 	at yrv.a(:com.google.android.gms:116)
07-04 16:51:43.459  2436  3359 E PhenotypeFlagCommitter: 	at com.google.android.location.internal.AnalyticsUploadChimeraIntentService.a(:com.google.android.gms:1095)
07-04 16:51:43.459  2436  3359 E PhenotypeFlagCommitter: 	at com.google.android.location.internal.AnalyticsSamplerChimeraReceiver.a(:com.google.android.gms:42)
07-04 16:51:43.459  2436  3359 E PhenotypeFlagCommitter: 	at com.google.android.location.internal.LocationPersistentInitIntentOperation.onHandleIntent(:com.google.android.gms:33)
07-04 16:51:43.459  2436  3359 E PhenotypeFlagCommitter: 	at com.google.android.chimera.IntentOperation.onHandleIntent(:com.google.android.gms:118)
07-04 16:51:43.459  2436  3359 E PhenotypeFlagCommitter: 	at byv.run(:com.google.android.gms:1864)
07-04 16:51:43.459  2436  3359 E PhenotypeFlagCommitter: 	at bys.run(:com.google.android.gms:1143)
07-04 16:51:43.459  2436  3359 E PhenotypeFlagCommitter: 	at java.util.concurrent.ThreadPoolExecutor.runWorker(ThreadPoolExecutor.java:1113)
07-04 16:51:43.459  2436  3359 E PhenotypeFlagCommitter: 	at java.util.concurrent.ThreadPoolExecutor$Worker.run(ThreadPoolExecutor.java:588)
07-04 16:51:43.459  2436  3359 E PhenotypeFlagCommitter: 	at java.lang.Thread.run(Thread.java:818)
07-04 16:51:43.463  2436  3359 I GCoreUlr: Starting service, intent=Intent { act=com.google.android.location.reporting.ACTION_UPDATE_WORLD cmp=com.google.android.gms/com.google.android.location.reporting.service.DispatchingService (has extras) }, extras=Bundle[{receiverAction=android.intent.action.BOOT_COMPLETED}]
07-04 16:51:46.387  1733  1939 I ActivityManager: Start proc 3372:com.android.exchange/u0a31 for service com.android.exchange/.service.EasService
07-04 16:51:46.484  3372  3372 W System  : ClassLoader referenced unknown path: /system/app/Exchange2/lib/x86
07-04 16:51:46.994  3216  3386 D ActivityThread: Loading provider com.android.email.provider;com.android.email.notifier: com.android.email.provider.EmailProvider
07-04 16:51:47.004  3216  3388 D ActivityThread: Loading provider com.android.email.provider;com.android.email.notifier: com.android.email.provider.EmailProvider
07-04 16:51:47.478  2883  3288 I Icing   : MaintenanceDriver: Registering all GCM Tasks.
07-04 16:51:47.502  1733  2396 I AccountManagerService: getTypesVisibleToCaller: isPermitted? true
07-04 16:51:47.506  2883  3288 I Icing   : updateResources: need to parse snt{com.google.android.gms}
07-04 16:51:49.138  1733  1747 I AccountManagerService: getTypesVisibleToCaller: isPermitted? true
07-04 16:51:49.140  1733  1940 I AccountManagerService: getTypesVisibleToCaller: isPermitted? true
07-04 16:51:49.313  1733  1939 I AccountManagerService: getTypesVisibleToCaller: isPermitted? true
07-04 16:51:49.314  1733  1938 I AccountManagerService: getTypesVisibleToCaller: isPermitted? true
07-04 16:51:49.328  1733  1940 W ActivityManager: Unable to start service Intent { cmp=com.android.email/.service.AttachmentService } U=0: not found
07-04 16:51:49.335  1733  2395 I AccountManagerService: getTypesVisibleToCaller: isPermitted? true
07-04 16:51:49.336  1733  1747 I AccountManagerService: getTypesVisibleToCaller: isPermitted? true
07-04 16:51:52.456  3216  3386 W art     : Long monitor contention event with owner method=void com.android.email.provider.DBHelper$DatabaseHelper.<init>(android.content.Context, java.lang.String) from DBHelper.java:839 waiters=1 for 168ms
07-04 16:51:52.456  3216  3226 W art     : Suspending all threads took: 2.025s
07-04 16:51:52.484  1733  1937 W ActivityManager: Unable to start service Intent { cmp=com.android.email/.service.AttachmentService } U=0: not found
07-04 16:51:52.486  1733  2337 W ActivityManager: Unable to start service Intent { cmp=com.android.email/.service.AttachmentService } U=0: not found
07-04 16:51:52.487  3216  3391 I Email   : Observing account changes for notifications
07-04 16:51:52.504  1733  2396 I AccountManagerService: getTypesVisibleToCaller: isPermitted? true
07-04 16:51:52.505  1733  1937 I AccountManagerService: getTypesVisibleToCaller: isPermitted? true
07-04 16:51:53.511  1733  1818 I InputReader: Reconfiguring input devices.  changes=0x00000010
07-04 16:51:53.616  1260  1339 D hwcomposer: hw_composer sent 34 syncs in 61s
07-04 16:51:53.889  2483  2992 W art     : Attempt to remove non-JNI local reference, dumping thread
07-04 16:51:53.898  1733  1834 D WifiService: New client listening to asynchronous messages
07-04 16:51:54.413  3216  3226 W art     : Suspending all threads took: 282.507ms
07-04 16:51:54.630  2436  3371 W NearbyMessages: Runnable[EventLoop.Initializer] ran for 00:08.251
07-04 16:51:54.964  2037  2037 I SystemBroadcastReceiver: Boot has been completed
07-04 16:51:54.964  2037  2037 I SystemBroadcastReceiver: toggleAppIcon() : FLAG_SYSTEM = true
07-04 16:51:54.970  1733  2396 I AccountManagerService: getTypesVisibleToCaller: isPermitted? true
07-04 16:51:54.974  1733  1938 I AccountManagerService: getTypesVisibleToCaller: isPermitted? true
07-04 16:51:55.012  3216  3216 E ActivityThread: Service com.android.email.service.EmailBroadcastProcessorService has leaked ServiceConnection com.android.emailcommon.service.ServiceProxy$ProxyConnection@e03e608 that was originally bound here
07-04 16:51:55.012  3216  3216 E ActivityThread: android.app.ServiceConnectionLeaked: Service com.android.email.service.EmailBroadcastProcessorService has leaked ServiceConnection com.android.emailcommon.service.ServiceProxy$ProxyConnection@e03e608 that was originally bound here
07-04 16:51:55.012  3216  3216 E ActivityThread: 	at android.app.LoadedApk$ServiceDispatcher.<init>(LoadedApk.java:1092)
07-04 16:51:55.012  3216  3216 E ActivityThread: 	at android.app.LoadedApk.getServiceDispatcher(LoadedApk.java:986)
07-04 16:51:55.012  3216  3216 E ActivityThread: 	at android.app.ContextImpl.bindServiceCommon(ContextImpl.java:1303)
07-04 16:51:55.012  3216  3216 E ActivityThread: 	at android.app.ContextImpl.bindService(ContextImpl.java:1286)
07-04 16:51:55.012  3216  3216 E ActivityThread: 	at android.content.ContextWrapper.bindService(ContextWrapper.java:604)
07-04 16:51:55.012  3216  3216 E ActivityThread: 	at com.android.emailcommon.service.ServiceProxy.setTask(ServiceProxy.java:181)
07-04 16:51:55.012  3216  3216 E ActivityThread: 	at com.android.emailcommon.service.ServiceProxy.test(ServiceProxy.java:224)
07-04 16:51:55.012  3216  3216 E ActivityThread: 	at com.android.email.service.EmailServiceUtils.isServiceAvailable(EmailServiceUtils.java:160)
07-04 16:51:55.012  3216  3216 E ActivityThread: 	at com.android.email.provider.AccountReconciler.reconcileAccountsInternal(AccountReconciler.java:171)
07-04 16:51:55.012  3216  3216 E ActivityThread: 	at com.android.email.provider.AccountReconciler.reconcileAccounts(AccountReconciler.java:115)
07-04 16:51:55.012  3216  3216 E ActivityThread: 	at com.android.email.service.EmailBroadcastProcessorService.reconcileAndStartServices(EmailBroadcastProcessorService.java:305)
07-04 16:51:55.012  3216  3216 E ActivityThread: 	at com.android.email.service.EmailBroadcastProcessorService.onBootCompleted(EmailBroadcastProcessorService.java:295)
07-04 16:51:55.012  3216  3216 E ActivityThread: 	at com.android.email.service.EmailBroadcastProcessorService.onHandleIntent(EmailBroadcastProcessorService.java:130)
07-04 16:51:55.012  3216  3216 E ActivityThread: 	at android.app.IntentService$ServiceHandler.handleMessage(IntentService.java:66)
07-04 16:51:55.012  3216  3216 E ActivityThread: 	at android.os.Handler.dispatchMessage(Handler.java:102)
07-04 16:51:55.012  3216  3216 E ActivityThread: 	at android.os.Looper.loop(Looper.java:148)
07-04 16:51:55.012  3216  3216 E ActivityThread: 	at android.os.HandlerThread.run(HandlerThread.java:61)
07-04 16:51:55.112  2436  2436 I GCoreNlp: shouldConfirmNlp, NLP off. Ensuring opt-in disabled
07-04 16:51:55.192  2436  3188 W WakefulBroadcastReceiver: No active wake lock id #3
07-04 16:51:55.195  2883  3342 W art     : Long monitor contention event with owner method=boolean android.os.BinderProxy.transactNative(int, android.os.Parcel, android.os.Parcel, int) from Binder.java:4294967294 waiters=0 for 21.457s
07-04 16:51:55.225  2436  2436 E BluetoothAdapter: Bluetooth binder is null
07-04 16:51:55.286  2436  2799 W WearSignatureVerifier: No package com.google.android.wearable.app.cn
07-04 16:51:55.299  2436  2799 W WearSignatureVerifier: No package com.google.android.wearable.app.cn
07-04 16:51:55.301  2436  2799 W WearSignatureVerifier: No package com.google.android.wearable.app.cn
07-04 16:51:55.304  2436  2799 W WearSignatureVerifier: No package com.google.android.wearable.app.cn
07-04 16:51:56.039  2436  2436 I GCoreNlp: shouldConfirmNlp, NLP off. Ensuring opt-in disabled
07-04 16:51:56.040  2883  3288 I Icing   : Internal init done: storage state 0
07-04 16:51:56.050  2436  2830 I GCoreUlr: WorldUpdater received intent Intent { act=com.google.android.location.reporting.ACTION_UPDATE_WORLD cmp=com.google.android.gms/com.google.android.location.reporting.service.DispatchingService (has extras) } with receiverAction android.intent.action.BOOT_COMPLETED
07-04 16:51:56.129  3372  3382 W art     : Suspending all threads took: 4.676s
07-04 16:51:56.246  2883  3277 E Drive.UninstallOperation: Package still installed com.example.kelvinmudzimuirema.cartnbasket
07-04 16:51:56.273  2883  3410 D Wear_Controller: Received broadcast action=android.intent.action.PACKAGE_REMOVED and uri=com.example.kelvinmudzimuirema.cartnbasket
07-04 16:51:56.313  2436  2830 I GCoreUlr: WorldUpdater:android.intent.action.BOOT_COMPLETED: Ensuring that reporting is stopped because of reasons: {account#6#=[InactiveReason{mIdentifier=6, mName='ReportingNotEnabled'}]}
07-04 16:51:56.316  2436  2830 I GCoreUlr: Unbound from all location providers
07-04 16:51:56.316  2436  2830 I GCoreUlr: Place inference reporting - stop
07-04 16:51:56.404  2883  3288 I Icing   : Post-init done
07-04 16:51:58.451  2883  3288 W Icing   : Usage reports not received in time.
07-04 16:51:58.453  2883  3288 I Icing   : Usage reports 0 indexed 0 rejected 0 imm upload false
07-04 16:51:59.156  2436  2436 E BluetoothAdapter: Bluetooth binder is null
07-04 16:51:59.158  2436  2436 E BluetoothAdapter: Bluetooth binder is null
07-04 16:51:59.198  2436  2436 I WearableService: Wear is not allowed to run on this device. Not starting Wear service.
07-04 16:51:59.203  2436  2436 D WearableService: callingUid 10008, callindPid: 2436
07-04 16:51:59.235  2436  2436 I GCoreUlr: DispatchingService.onDestroy()
07-04 16:51:59.244  2436  2436 I GCoreUlr: Stopping handler for UlrDispSvcFast
07-04 16:51:59.251  2436  2436 I GCoreUlr: Unbound from all location providers
07-04 16:51:59.251  2436  2436 I GCoreUlr: Place inference reporting - stop
07-04 16:52:00.084  2436  2436 W Nearby  : Bind call too late - someone already tried to get: interface atxb
07-04 16:52:00.126  2436  3371 W NearbyMessages: Runnable[resetNearbyDirect] ran for 00:05.041
07-04 16:52:00.127  2436  3371 W NearbyMessages: Runnable[updateNearbyInUseNotification] was delayed for 00:05.030
07-04 16:52:00.267  2436  3402 I PaymentBundleManager: Maintaining payment bundles
07-04 16:52:00.272  1733  1746 I ActivityManager: Killing 2711:com.android.defcontainer/u0a4 (adj 15): empty #17
07-04 16:52:00.298  2436  3400 I TpGmsPhenotypeRgstrSvc: Registered Tapandpay Gms module to phenotype successfully
07-04 16:52:00.324  2436  3402 I PaymentBundleManager: Finished maintaining payment bundles
07-04 16:52:00.360  1733  1937 I AccountManagerService: getTypesVisibleToCaller: isPermitted? true
07-04 16:52:00.366  2436  2830 E NetworkScheduler.SR: Invalid parameter app
07-04 16:52:00.366  2436  2830 E NetworkScheduler.SR: Invalid package name : Perhaps you didn't include a PendingIntent in the extras?
07-04 16:52:00.368  2436  2436 W WearSignatureVerifier: No package com.google.android.wearable.app.cn
07-04 16:52:00.392  3118  3118 W ContextImpl: Calling a method in the system process without a qualified user: android.app.ContextImpl.startService:1221 android.content.ContextWrapper.startService:581 android.content.ContextWrapper.startService:581 com.android.keychain.KeyChainBroadcastReceiver.onReceive:12 android.app.ActivityThread.handleReceiver:2725 
07-04 16:52:00.412  2436  2829 I GCoreUlr: Starting service, intent=Intent { act=com.google.android.location.reporting.ACTION_UPDATE_WORLD cmp=com.google.android.gms/com.google.android.location.reporting.service.DispatchingService (has extras) }, extras=Bundle[{receiverAction=com.google.android.location.reporting.PHENOTYPE_FLAGS_CHANGED}]
07-04 16:52:00.451  2436  2436 E BluetoothAdapter: Bluetooth binder is null
07-04 16:52:00.506  2883  3408 D Wear_Controller: Received broadcast action=android.intent.action.PACKAGE_ADDED and uri=com.example.kelvinmudzimuirema.cartnbasket
07-04 16:52:01.141  2436  2828 I GCoreUlr: WorldUpdater received intent Intent { act=com.google.android.location.reporting.ACTION_UPDATE_WORLD cmp=com.google.android.gms/com.google.android.location.reporting.service.DispatchingService (has extras) } with receiverAction com.google.android.location.reporting.PHENOTYPE_FLAGS_CHANGED
07-04 16:52:01.187  2436  2828 E GCoreUlr: Bad errorId configuring silent feedback
07-04 16:52:01.217  2436  2828 I GCoreUlr: WorldUpdater:com.google.android.location.reporting.PHENOTYPE_FLAGS_CHANGED: Ensuring that reporting is stopped because of reasons: {account#6#=[InactiveReason{mIdentifier=6, mName='ReportingNotEnabled'}]}
07-04 16:52:01.223  2436  2828 I GCoreUlr: Unbound from all location providers
07-04 16:52:01.223  2436  2828 I GCoreUlr: Place inference reporting - stop
07-04 16:52:01.235  2436  2436 I GCoreUlr: DispatchingService.onDestroy()
07-04 16:52:01.237  2436  2436 I GCoreUlr: Stopping handler for UlrDispSvcFast
07-04 16:52:01.245  2436  2436 I GCoreUlr: Unbound from all location providers
07-04 16:52:01.245  2436  2436 I GCoreUlr: Place inference reporting - stop
07-04 16:52:01.406  2436  2827 W art     : Long monitor contention event with owner method=void java.lang.Object.wait!(long, int) from Object.java:4294967294 waiters=0 for 960ms
07-04 16:52:01.890  2883  2893 W art     : Suspending all threads took: 824.405ms
07-04 16:52:02.416  2883  2883 W art     : Verification of void com.google.android.gms.games.service.PlayGamesAsyncService.<clinit>() took 416.296ms
07-04 16:52:02.435  2436  2447 I art     : Background sticky concurrent mark sweep GC freed 25305(2MB) AllocSpace objects, 20(400KB) LOS objects, 20% free, 7MB/9MB, paused 4.223ms total 1.958s
07-04 16:52:02.451  2436  3371 W NearbyMessages: Runnable[handleClientLifecycleEvent#CLIENT_DISCONNECTED] was delayed for 00:02.036
07-04 16:52:02.454  2436  3371 W NearbyMessages: NetworkPollManager:  RPC was requested, but deemed unnecessary.
07-04 16:52:03.071  2436  2827 I GCoreUlr: Starting service, intent=Intent { act=com.google.android.location.reporting.ACTION_UPDATE_WORLD cmp=com.google.android.gms/com.google.android.location.reporting.service.DispatchingService (has extras) }, extras=Bundle[{receiverAction=com.google.android.location.reporting.PHENOTYPE_FLAGS_CHANGED}]
07-04 16:52:03.077  2436  2436 E BluetoothAdapter: Bluetooth binder is null
07-04 16:52:03.147  2436  2830 I GCoreUlr: WorldUpdater received intent Intent { act=com.google.android.location.reporting.ACTION_UPDATE_WORLD cmp=com.google.android.gms/com.google.android.location.reporting.service.DispatchingService (has extras) } with receiverAction com.google.android.location.reporting.PHENOTYPE_FLAGS_CHANGED
07-04 16:52:03.161  2436  2830 E GCoreUlr: Bad errorId configuring silent feedback
07-04 16:52:03.181  2436  2830 I GCoreUlr: WorldUpdater:com.google.android.location.reporting.PHENOTYPE_FLAGS_CHANGED: Ensuring that reporting is stopped because of reasons: {account#6#=[InactiveReason{mIdentifier=6, mName='ReportingNotEnabled'}]}
07-04 16:52:03.189  2436  2830 I GCoreUlr: Unbound from all location providers
07-04 16:52:03.189  2436  2830 I GCoreUlr: Place inference reporting - stop
07-04 16:52:03.200  2436  2436 I GCoreUlr: DispatchingService.onDestroy()
07-04 16:52:03.201  2436  2829 I GCoreUlr: Starting service, intent=Intent { act=com.google.android.location.reporting.ACTION_UPDATE_WORLD cmp=com.google.android.gms/com.google.android.location.reporting.service.DispatchingService (has extras) }, extras=Bundle[{receiverAction=com.google.android.location.reporting.PHENOTYPE_FLAGS_CHANGED}]
07-04 16:52:03.207  2436  2436 I GCoreUlr: Stopping handler for UlrDispSvcFast
07-04 16:52:03.218  2436  2436 I GCoreUlr: Unbound from all location providers
07-04 16:52:03.218  2436  2436 I GCoreUlr: Place inference reporting - stop
07-04 16:52:03.220  2436  2436 E BluetoothAdapter: Bluetooth binder is null
07-04 16:52:03.281  2436  2829 I GCoreUlr: WorldUpdater received intent Intent { act=com.google.android.location.reporting.ACTION_UPDATE_WORLD cmp=com.google.android.gms/com.google.android.location.reporting.service.DispatchingService (has extras) } with receiverAction com.google.android.location.reporting.PHENOTYPE_FLAGS_CHANGED
07-04 16:52:03.306  2436  2829 E GCoreUlr: Bad errorId configuring silent feedback
07-04 16:52:03.319  2436  2827 I GCoreUlr: Starting service, intent=Intent { act=com.google.android.location.reporting.ACTION_UPDATE_WORLD cmp=com.google.android.gms/com.google.android.location.reporting.service.DispatchingService (has extras) }, extras=Bundle[{receiverAction=com.google.android.location.reporting.PHENOTYPE_FLAGS_CHANGED}]
07-04 16:52:03.346  2436  2829 I GCoreUlr: WorldUpdater:com.google.android.location.reporting.PHENOTYPE_FLAGS_CHANGED: Ensuring that reporting is stopped because of reasons: {account#6#=[InactiveReason{mIdentifier=6, mName='ReportingNotEnabled'}]}
07-04 16:52:03.354  2436  2829 I GCoreUlr: Unbound from all location providers
07-04 16:52:03.354  2436  2829 I GCoreUlr: Place inference reporting - stop
07-04 16:52:03.361  2436  2829 I GCoreUlr: WorldUpdater received intent Intent { act=com.google.android.location.reporting.ACTION_UPDATE_WORLD cmp=com.google.android.gms/com.google.android.location.reporting.service.DispatchingService (has extras) } with receiverAction com.google.android.location.reporting.PHENOTYPE_FLAGS_CHANGED
07-04 16:52:03.367  2436  2829 E GCoreUlr: Bad errorId configuring silent feedback
07-04 16:52:03.386  2436  2829 I GCoreUlr: WorldUpdater:com.google.android.location.reporting.PHENOTYPE_FLAGS_CHANGED: Ensuring that reporting is stopped because of reasons: {account#6#=[InactiveReason{mIdentifier=6, mName='ReportingNotEnabled'}]}
07-04 16:52:03.392  2436  2829 I GCoreUlr: Unbound from all location providers
07-04 16:52:03.392  2436  2829 I GCoreUlr: Place inference reporting - stop
07-04 16:52:03.396  2436  2436 I GCoreUlr: DispatchingService.onDestroy()
07-04 16:52:03.397  2436  2436 I GCoreUlr: Stopping handler for UlrDispSvcFast
07-04 16:52:03.408  2436  2436 I GCoreUlr: Unbound from all location providers
07-04 16:52:03.408  2436  2436 I GCoreUlr: Place inference reporting - stop
07-04 16:52:04.296  1733  1937 I ActivityManager: Start proc 3446:com.svox.pico/u0a43 for broadcast com.svox.pico/.VoiceDataInstallerReceiver
07-04 16:52:04.478  3372  3372 I Exchange: EasService.onCreate
07-04 16:52:04.774  3372  3460 I Exchange: RestartPingTask
07-04 16:52:05.007  2883  3410 D FA-SVC  : Got package replaced intent: com.example.kelvinmudzimuirema.cartnbasket
07-04 16:52:05.032  3372  3372 I Exchange: RestartPingsTask did not start any pings.
07-04 16:52:05.033  3372  3372 I Exchange: PSS stopIfIdle
07-04 16:52:05.033  3372  3372 I Exchange: PSS has no active accounts; stopping service.
07-04 16:52:05.100  1733  2337 I ActivityManager: Killing 2902:com.android.settings/1000 (adj 15): empty #17
07-04 16:52:05.101  1258  1258 E lowmemorykiller: Error writing /proc/2902/oom_score_adj; errno=22
07-04 16:52:05.165  2483  3444 I UpdateIcingCorporaServi: Updating corpora: APPS=com.example.kelvinmudzimuirema.cartnbasket, CONTACTS=MAYBE
07-04 16:52:05.213  2883  3413 W IcingInternalCorpora: getNumBytesRead when not calculated.
07-04 16:52:05.218  2436  2829 E NetworkScheduler.SR: Invalid parameter app
07-04 16:52:05.218  2436  2829 E NetworkScheduler.SR: Invalid package name : Perhaps you didn't include a PendingIntent in the extras?
07-04 16:52:05.234  1733  1747 I ActivityManager: Killing 3041:com.google.android.apps.photos/u0a42 (adj 15): empty #17
07-04 16:52:05.282  2883  3277 I Icing   : Usage reports 0 indexed 0 rejected 0 imm upload false
07-04 16:52:05.296  2883  3277 I Icing   : Usage reports 0 indexed 0 rejected 0 imm upload false
07-04 16:52:05.422  3372  3372 I Exchange: onDestroy
07-04 16:52:05.590  2921  2921 D AlertReceiver: onReceive: a=android.intent.action.PROVIDER_CHANGED Intent { act=android.intent.action.PROVIDER_CHANGED dat=content://com.android.calendar flg=0x10 cmp=com.android.calendar/.alerts.AlertReceiver }
07-04 16:52:05.606  2921  3465 D AlertService: 0 Action = android.intent.action.PROVIDER_CHANGED
07-04 16:52:05.710  2883  3413 D Wear_Controller: Received broadcast action=android.intent.action.PACKAGE_CHANGED and uri=com.google.android.gms
07-04 16:52:05.810  2883  3277 I Icing   : updateResources: need to parse snt{com.google.android.gms}
07-04 16:52:05.863  1733  3187 I AccountManagerService: getTypesVisibleToCaller: isPermitted? true
07-04 16:52:05.912  2436  2828 W art     : Long monitor contention event with owner method=java.lang.String android.os.Parcel.readString() from Parcel.java:1651 waiters=0 for 271ms
07-04 16:52:06.594  2436  2827 W GCM     : Mismatched messenger
07-04 16:52:06.647  2436  2827 W Conscrypt: Could not set socket write timeout: null
07-04 16:52:06.739  2436  3470 I Scheduler: Switch to QosScheduler
07-04 16:52:06.838  2436  3470 I GoogleURLConnFactory: Using platform SSLCertificateSocketFactory
07-04 16:52:06.874  2436  2827 W Conscrypt: Could not set socket write timeout: null
07-04 16:52:07.311  2883  3308 I Icing   : Usage reports 0 indexed 0 rejected 0 imm upload true
07-04 16:52:07.348  2483  3444 I UpdateIcingCorporaServi: UpdateCorporaTask done [took 2182 ms] updated apps [took 2182 ms] 
07-04 16:52:07.351  2483  3444 I UpdateIcingCorporaServi: Updating corpora: APPS=com.google.android.gms, CONTACTS=MAYBE
07-04 16:52:07.378  2483  3444 I UpdateIcingCorporaServi: UpdateCorporaTask done [took 27 ms] updated apps [took 27 ms] 
07-04 16:52:07.417  2436  3477 I GCoreUlr: Starting service, intent=Intent { act=com.google.android.location.reporting.ACTION_UPDATE_WORLD cmp=com.google.android.gms/com.google.android.location.reporting.service.DispatchingService (has extras) }, extras=Bundle[{receiverAction=com.google.gservices.intent.action.GSERVICES_CHANGED}]
07-04 16:52:07.438  2883  3414 W DynamiteLoaderImpl: Failed to load module version: module com.google.android.gms.flags not found
07-04 16:52:07.438  2883  3414 I DynamiteModule: Considering local module com.google.android.gms.flags:2 and remote module com.google.android.gms.flags:0
07-04 16:52:07.439  2883  3414 I DynamiteModule: Selected local version of com.google.android.gms.flags
07-04 16:52:07.461  2436  2436 E BluetoothAdapter: Bluetooth binder is null
07-04 16:52:07.518  1733  1937 I AccountManagerService: getTypesVisibleToCaller: isPermitted? true
07-04 16:52:07.582  2883  3409 I CmaSystemUpdateService: StartServiceIntentOperation: Intent { act=com.google.gservices.intent.action.GSERVICES_CHANGED flg=0x10 cmp=com.google.android.gms/.chimera.GmsIntentOperationService$PersistentInternalReceiver }
07-04 16:52:07.584  2883  3409 I CmaSystemUpdateService: receiver: Intent { act=com.google.gservices.intent.action.GSERVICES_CHANGED flg=0x10 cmp=com.google.android.gms/.chimera.GmsIntentOperationService$PersistentInternalReceiver }
07-04 16:52:07.619  2883  3484 I SystemUpdateTask: cancelUpdate (empty URL)
07-04 16:52:07.619  2883  3484 I CmaSystemUpdateService: active receiver: disabled
07-04 16:52:07.622  2883  2883 I CmaSystemUpdateService: connectivity change: Intent { act=android.net.conn.CONNECTIVITY_CHANGE flg=0x4000010 (has extras) }
07-04 16:52:07.622  2883  2883 I CmaSystemUpdateService: receiver: Intent { act=android.net.conn.CONNECTIVITY_CHANGE flg=0x4000010 (has extras) }
07-04 16:52:07.641  2883  3485 I SystemUpdateTask: cancelUpdate (empty URL)
07-04 16:52:07.642  2883  3485 I CmaSystemUpdateService: active receiver: disabled
07-04 16:52:08.073  2436  2827 I GCoreUlr: WorldUpdater received intent Intent { act=com.google.android.location.reporting.ACTION_UPDATE_WORLD cmp=com.google.android.gms/com.google.android.location.reporting.service.DispatchingService (has extras) } with receiverAction com.google.gservices.intent.action.GSERVICES_CHANGED
07-04 16:52:08.082  2436  2827 E GCoreUlr: Bad errorId configuring silent feedback
07-04 16:52:08.207  1733  1747 W ActivityManager: Unable to start service Intent { cmp=com.google.android.gms/.analytics.service.RefreshEnabledStateService } U=0: not found
07-04 16:52:08.234  1374  1669 V EmulatedCamera_Camera: getCameraInfo
07-04 16:52:08.234  1374  1669 V EmulatedCamera_BaseCamera: getCameraInfo
07-04 16:52:08.268  2883  3411 I OcrModelUpStIntentOp: Updating ocr activity enabled=true (gservicesFlag=true, lowRamDevice=false, prereqCheck=true)
07-04 16:52:08.371  2436  2828 I GCoreUlr: Starting service, intent=Intent { act=com.google.android.location.reporting.ACTION_UPDATE_WORLD cmp=com.google.android.gms/com.google.android.location.reporting.service.DispatchingService (has extras) }, extras=Bundle[{receiverAction=com.google.android.location.reporting.PHENOTYPE_FLAGS_CHANGED}]
07-04 16:52:08.394  2883  3308 I Icing   : MaintenanceDriver: Registering all GCM Tasks.
07-04 16:52:08.496  2483  3206 I GservicesUpdateTask: Updating Gservices keys
07-04 16:52:08.529  2436  2827 I GCoreUlr: WorldUpdater:com.google.gservices.intent.action.GSERVICES_CHANGED: Ensuring that reporting is stopped because of reasons: {account#6#=[InactiveReason{mIdentifier=6, mName='ReportingNotEnabled'}]}
07-04 16:52:08.540  1733  1938 I ActivityManager: Start proc 3493:com.google.android.apps.photos/u0a42 for broadcast com.google.android.apps.photos/com.google.android.apps.moviemaker.app.ApplicationEnabler$Receiver
07-04 16:52:08.704  3493  3493 W System  : ClassLoader referenced unknown path: /system/app/Photos/lib/x86
07-04 16:52:08.779  2883  3308 I Icing   : Indexing 5F4674A4A594251482F5C6B062427E23B178F1D8 from com.google.android.googlequicksearchbox
07-04 16:52:08.843  2436  2827 I GCoreUlr: Unbound from all location providers
07-04 16:52:08.844  2436  2827 I GCoreUlr: Place inference reporting - stop
07-04 16:52:09.028  2883  3490 I CheckinChimeraService: Checking schedule, now: 1499179929027 next: 1499222213620
07-04 16:52:09.028  2883  3490 I CheckinChimeraService: active receiver: disabled
07-04 16:52:09.042  2883  3308 D Icing   : Loaded CLD2 Version V2.0 - 20141016
07-04 16:52:09.141  2883  3308 I Icing   : Indexing done 5F4674A4A594251482F5C6B062427E23B178F1D8
07-04 16:52:09.662  2436  2827 I GCoreUlr: WorldUpdater received intent Intent { act=com.google.android.location.reporting.ACTION_UPDATE_WORLD cmp=com.google.android.gms/com.google.android.location.reporting.service.DispatchingService (has extras) } with receiverAction com.google.android.location.reporting.PHENOTYPE_FLAGS_CHANGED
07-04 16:52:09.668  2436  2827 E GCoreUlr: Bad errorId configuring silent feedback
07-04 16:52:09.682  2883  3308 I Icing   : Usage reports 0 indexed 0 rejected 0 imm upload false
07-04 16:52:09.697  2883  3308 I Icing   : Usage reports 0 indexed 0 rejected 0 imm upload false
07-04 16:52:09.757  2883  3411 I OcrModelUpStIntentOp: Downloading text recognizer
07-04 16:52:09.771  2883  3308 I Icing   : Usage reports 0 indexed 0 rejected 0 imm upload false
07-04 16:52:09.777  2883  3308 I Icing   : Usage reports 0 indexed 0 rejected 0 imm upload false
07-04 16:52:09.829  1733  1940 I AccountManagerService: getTypesVisibleToCaller: isPermitted? true
07-04 16:52:09.837  1733  1937 I AccountManagerService: getTypesVisibleToCaller: isPermitted? true
07-04 16:52:09.843  1733  1938 I AccountManagerService: getTypesVisibleToCaller: isPermitted? true
07-04 16:52:10.330  2436  2827 I GCoreUlr: WorldUpdater:com.google.android.location.reporting.PHENOTYPE_FLAGS_CHANGED: Ensuring that reporting is stopped because of reasons: {account#6#=[InactiveReason{mIdentifier=6, mName='ReportingNotEnabled'}]}
07-04 16:52:10.340  2436  2827 I GCoreUlr: Unbound from all location providers
07-04 16:52:10.340  2436  2827 I GCoreUlr: Place inference reporting - stop
07-04 16:52:10.439  2883  3288 I Icing   : Indexing 8FA062045E88D6FF87CDDC8B659407F7B00C63DD from com.google.android.gms
07-04 16:52:10.483  2883  3288 I Icing   : Indexing done 8FA062045E88D6FF87CDDC8B659407F7B00C63DD
07-04 16:52:10.646  2921  3465 I GlobalDismissManager: no sender configured
07-04 16:52:10.646  2921  3465 D AlertService: Beginning updateAlertNotification
07-04 16:52:10.661  2921  3465 D AlertService: No fired or scheduled alerts
07-04 16:52:10.674  2921  3465 D AlertService: Scheduling next alarm with AlarmScheduler. sEventReminderReceived: null
07-04 16:52:10.677  2436  2447 I art     : Background partial concurrent mark sweep GC freed 41648(3MB) AllocSpace objects, 18(360KB) LOS objects, 35% free, 7MB/11MB, paused 1.500ms total 1.593s
07-04 16:52:10.684  2921  3465 D AlarmScheduler: No events found starting within 1 week.
07-04 16:52:10.738  2883  3288 I Icing   : Indexing 8FA062045E88D6FF87CDDC8B659407F7B00C63DD from com.google.android.gms
07-04 16:52:10.739  2883  3288 I Icing   : Indexing done 8FA062045E88D6FF87CDDC8B659407F7B00C63DD
07-04 16:52:10.787  2883  3288 I Icing   : Indexing 8FA062045E88D6FF87CDDC8B659407F7B00C63DD from com.google.android.gms
07-04 16:52:10.788  2883  3288 I Icing   : Indexing done 8FA062045E88D6FF87CDDC8B659407F7B00C63DD
07-04 16:52:11.546  2883  2893 W art     : Suspending all threads took: 5.549ms
07-04 16:52:12.212  1733  3187 I AccountManagerService: getTypesVisibleToCaller: isPermitted? true
07-04 16:52:12.554  1733  3187 I AccountManagerService: getTypesVisibleToCaller: isPermitted? true
07-04 16:52:12.560  1733  1939 I AccountManagerService: getTypesVisibleToCaller: isPermitted? true
07-04 16:52:12.561  1733  2395 I AccountManagerService: getTypesVisibleToCaller: isPermitted? true
07-04 16:52:12.846  1733  1746 I AccountManagerService: getTypesVisibleToCaller: isPermitted? true
07-04 16:52:12.849  1733  1938 I AccountManagerService: getTypesVisibleToCaller: isPermitted? true
07-04 16:52:14.324  3493  3503 W art     : Suspending all threads took: 643.834ms
07-04 16:52:14.760  2883  2891 W SQLiteConnectionPool: A SQLiteConnection object for database '/data/user/0/com.google.android.gms/databases/metrics.db' was leaked!  Please fix your application to end transactions in progress properly and to close the database when it is no longer needed.
07-04 16:52:14.762  2883  2891 W SQLiteConnectionPool: A SQLiteConnection object for database '/data/user/0/com.google.android.gms/databases/help_responses.db.18' was leaked!  Please fix your application to end transactions in progress properly and to close the database when it is no longer needed.
07-04 16:52:14.764  2883  2891 W SQLiteConnectionPool: A SQLiteConnection object for database '/data/user/0/com.google.android.gms/databases/auto_complete_suggestions.db' was leaked!  Please fix your application to end transactions in progress properly and to close the database when it is no longer needed.
07-04 16:52:15.098  2883  3461 W art     : Verification of long com.google.android.gms.games.broker.AchievementAgent.performLocalIncrement(com.google.android.gms.games.broker.AchievementAgent$AchievementStepData, boolean, boolean) took 355.521ms
07-04 16:52:15.110  1733  1937 I AccountManagerService: getTypesVisibleToCaller: isPermitted? true
07-04 16:52:16.823  2883  2893 W art     : Suspending all threads took: 216.725ms
07-04 16:52:17.758  1733  1938 I AccountManagerService: getTypesVisibleToCaller: isPermitted? true
07-04 16:52:17.779  2436  2436 W art     : Long monitor contention event with owner method=void llm.<init>(java.lang.String, int) from :com.google.android.gms:32 waiters=0 for 7.150s
07-04 16:52:17.781  2436  2827 W art     : Long monitor contention event with owner method=void llm.<init>(java.lang.String, int) from :com.google.android.gms:32 waiters=1 for 531ms
07-04 16:52:17.786  2436  3369 W art     : Long monitor contention event with owner method=void llm.<init>(java.lang.String, int) from :com.google.android.gms:32 waiters=2 for 528ms
07-04 16:52:17.819  2436  2436 I GCoreUlr: DispatchingService.onDestroy()
07-04 16:52:17.820  2436  2436 I GCoreUlr: Stopping handler for UlrDispSvcFast
07-04 16:52:17.832  2436  2436 I GCoreUlr: Unbound from all location providers
07-04 16:52:17.832  2436  2436 I GCoreUlr: Place inference reporting - stop
07-04 16:52:17.865  2883  3411 I PeopleDatabaseHelper: cleanUpNonGplusAccounts done.
07-04 16:52:18.217  2436  2436 E ctxmgr  : [FencePendingIntentCache]Expected to find a PendingIntent for pendingIntentKey=bdc29c35-ae9b-4635-9af5-e38587c49bec
07-04 16:52:18.225  1733  1938 I ActivityManager: Killing 3131:com.android.dialer/u0a5 (adj 15): empty #17
07-04 16:52:18.378  2436  3470 W Conscrypt: Could not set socket write timeout: null
07-04 16:52:18.405  2436  3470 W Conscrypt: Could not set socket write timeout: null
07-04 16:52:19.006  2883  2883 I DeviceCache: Unable to convert the the network interface's MAC Address to string. MAC address cannot be null.
07-04 16:52:19.007  2883  2883 I DeviceCache: Unable to convert the the network interface's MAC Address to string. MAC address cannot be null.
07-04 16:52:19.033  2883  3411 I Authzen : [DeviceStateSyncManager] The server is in sync with current state. Nothing to do
07-04 16:52:19.067  1733  1746 I AccountManagerService: getTypesVisibleToCaller: isPermitted? true
07-04 16:52:19.216  2883  3528 D Wear_Controller: Received broadcast action=android.intent.action.PACKAGE_CHANGED and uri=com.google.android.gms
07-04 16:52:19.262  2483  3535 I UpdateIcingCorporaServi: Updating corpora: APPS=com.google.android.gms, CONTACTS=MAYBE
07-04 16:52:19.268  1733  1753 I ActivityManager: Waited long enough for: ServiceRecord{495afa6 u0 com.google.android.gms/.games.chimera.GamesAsyncServiceProxy}
07-04 16:52:19.293  2483  3535 I UpdateIcingCorporaServi: UpdateCorporaTask done [took 31 ms] updated apps [took 31 ms] 
07-04 16:52:19.368  2883  3308 I Icing   : updateResources: need to parse snt{com.google.android.gms}
07-04 16:52:19.857  2883  3355 W art     : Long monitor contention event with owner method=void libcore.io.Posix.fsync(java.io.FileDescriptor) from Posix.java:4294967294 waiters=0 for 431ms
07-04 16:52:19.898  1733  1937 I AccountManagerService: getTypesVisibleToCaller: isPermitted? true
07-04 16:52:19.918  2883  3308 I Icing   : Usage reports 0 indexed 0 rejected 0 imm upload false
07-04 16:52:19.924  2883  3308 I Icing   : Usage reports 0 indexed 0 rejected 0 imm upload false
07-04 16:52:20.428  2883  3544 D Wear_Controller: Received broadcast action=android.intent.action.PACKAGE_CHANGED and uri=com.google.android.gms
07-04 16:52:20.449  2483  3545 I UpdateIcingCorporaServi: Updating corpora: APPS=com.google.android.gms, CONTACTS=MAYBE
07-04 16:52:20.455  2883  3308 I Icing   : updateResources: need to parse snt{com.google.android.gms}
07-04 16:52:20.508  2883  3528 W IcingInternalCorpora: getNumBytesRead when not calculated.
07-04 16:52:20.536  2483  3545 I UpdateIcingCorporaServi: UpdateCorporaTask done [took 86 ms] updated apps [took 86 ms] 
07-04 16:52:20.750  2883  3308 I Icing   : Usage reports 0 indexed 0 rejected 0 imm upload false
07-04 16:52:20.758  2883  3308 I Icing   : Usage reports 0 indexed 0 rejected 0 imm upload false
07-04 16:52:20.927  2883  3288 I Icing   : Indexing 8FA062045E88D6FF87CDDC8B659407F7B00C63DD from com.google.android.gms
07-04 16:52:20.932  2883  3288 I Icing   : Indexing done 8FA062045E88D6FF87CDDC8B659407F7B00C63DD
07-04 16:52:21.513  2436  3029 W art     : Long monitor contention event with owner method=void rou.a(rpa, boolean) from :com.google.android.gms:183 waiters=0 for 778ms
07-04 16:52:21.525  2883  2893 I art     : Background sticky concurrent mark sweep GC freed 25277(2MB) AllocSpace objects, 6(120KB) LOS objects, 13% free, 8MB/10MB, paused 1.601ms total 1.660s
07-04 16:52:21.588  2883  3411 D Wear_Controller: Received broadcast action=android.intent.action.PACKAGE_CHANGED and uri=com.google.android.gms
07-04 16:52:21.589  2436  2735 I GAv4-SVC: Google Analytics 10.2.98 is starting up.
07-04 16:52:21.667  2483  3554 I UpdateIcingCorporaServi: Updating corpora: APPS=com.google.android.gms, CONTACTS=MAYBE
07-04 16:52:21.687  2483  3554 I UpdateIcingCorporaServi: UpdateCorporaTask done [took 20 ms] updated apps [took 19 ms] 
07-04 16:52:21.725  2883  3308 I Icing   : updateResources: need to parse snt{com.google.android.gms}
07-04 16:52:21.857  2883  3308 I Icing   : Usage reports 0 indexed 0 rejected 0 imm upload false
07-04 16:52:21.871  2883  3308 I Icing   : Usage reports 0 indexed 0 rejected 0 imm upload false
07-04 16:52:21.879  2883  3308 I Icing   : Indexing 8FA062045E88D6FF87CDDC8B659407F7B00C63DD from com.google.android.gms
07-04 16:52:21.880  2883  3308 I Icing   : Indexing done 8FA062045E88D6FF87CDDC8B659407F7B00C63DD
07-04 16:52:22.877  2883  3308 I Icing   : Indexing 8FA062045E88D6FF87CDDC8B659407F7B00C63DD from com.google.android.gms
07-04 16:52:22.878  2883  3308 I Icing   : Indexing done 8FA062045E88D6FF87CDDC8B659407F7B00C63DD
07-04 16:52:23.473  2483  3559 I UpdateIcingCorporaServi: Updating corpora: APPS=com.google.android.gms, CONTACTS=MAYBE
07-04 16:52:23.501  2883  3544 D Wear_Controller: Received broadcast action=android.intent.action.PACKAGE_CHANGED and uri=com.google.android.gms
07-04 16:52:23.510  2483  3559 I UpdateIcingCorporaServi: UpdateCorporaTask done [took 36 ms] updated apps [took 36 ms] 
07-04 16:52:23.594  2883  3288 I Icing   : updateResources: need to parse snt{com.google.android.gms}
07-04 16:52:23.813  2883  3288 I Icing   : Usage reports 0 indexed 0 rejected 0 imm upload false
07-04 16:52:23.828  2883  3288 I Icing   : Usage reports 0 indexed 0 rejected 0 imm upload false
07-04 16:52:23.841  2883  3319 I Vision  : Engine already satisfied by existing download for ocr
07-04 16:52:24.023  3493  3526 W art     : Long monitor contention event with owner method=void cmb.<init>(bia) from PG:58 waiters=0 for 3.012s
07-04 16:52:24.271  2436  2827 W ctxmgr  : [WorkManager]Long workInfo: pkg=com.google.android.gms, lbl=ulrUdcConsentChangeIntent, start=2017-07-04 16:52:17.930+0200, stop=2017-07-04 16:52:24.267+0200, durtn=6337ms
07-04 16:52:24.833  2883  3319 I Icing   : Indexing 8FA062045E88D6FF87CDDC8B659407F7B00C63DD from com.google.android.gms
07-04 16:52:24.834  2883  3319 I Icing   : Indexing done 8FA062045E88D6FF87CDDC8B659407F7B00C63DD
07-04 16:52:25.375  3493  3525 W art     : Long monitor contention event with owner method=java.lang.Object nct.e(java.lang.Class) from PG:393 waiters=0 for 1.014s
07-04 16:52:25.424  2436  2827 W ctxmgr  : [WorkManager]Long workInfo: pkg=com.google.android.gms, lbl=ListenerInvokerRunner, start=2017-07-04 16:52:24.292+0200, stop=2017-07-04 16:52:25.424+0200, durtn=1132ms
07-04 16:52:25.435  2436  2798 W GCoreFlp: No location to return for getLastLocation()
07-04 16:52:25.455  2436  2798 W GCoreFlp: No location to return for getLastLocation()
07-04 16:52:25.582  2436  2824 W GeofencerStateMachine: Ignoring removeGeofence because network location is disabled.
07-04 16:52:25.596  2436  2827 E ctxmgr  : [FenceManager]Could not remove all geofences. status=Status{statusCode=unknown status code: 1000, resolution=null}
07-04 16:52:25.607  2883  2893 W art     : Suspending all threads took: 15.790ms
07-04 16:52:25.614  2883  3531 W PlatformStatsUtil: Could not retrieve Usage & Diagnostics setting. Giving up.
07-04 16:52:25.631  2883  2893 I art     : Background partial concurrent mark sweep GC freed 26377(1704KB) AllocSpace objects, 2(40KB) LOS objects, 30% free, 8MB/12MB, paused 19.406ms total 3.780s
07-04 16:52:25.661  2883  3469 I GAv4-SVC: Google Analytics 10.2.98 is starting up.
07-04 16:52:25.707  1733  2395 I AccountManagerService: getTypesVisibleToCaller: isPermitted? true
07-04 16:52:25.841  1733  1939 I AccountManagerService: getTypesVisibleToCaller: isPermitted? true
07-04 16:52:26.267  2436  2827 W GLSUser : [DeviceKeyStore] Cannot load key: Device key file not found.
07-04 16:52:26.363  1374  1669 D WVCdm   : Instantiating CDM.
07-04 16:52:26.364  1374  2231 I WVCdm   : CdmEngine::OpenSession
07-04 16:52:26.364  1374  2231 I WVCdm   : Level3 Library Sep 28 2015 13:08:28
