07-04 16:49:50.434  1374  1669 V EmulatedCamera_CallbackNotifier:     CAMERA_MSG_PREVIEW_METADATA
07-04 16:49:50.434  1374  1669 V EmulatedCamera_CallbackNotifier: **** Currently enabled messages:
07-04 16:49:50.434  1374  1669 V EmulatedCamera_Preview: setPreviewWindow: current: 0x0 -> new: 0x0
07-04 16:49:50.434  1374  1669 V EmulatedCamera_Camera: doStopPreview
07-04 16:49:50.434  1374  1669 V EmulatedCamera_Camera: cancelPicture
07-04 16:49:50.434  1374  1669 V EmulatedCamera_Camera: releaseCamera
07-04 16:49:50.434  1374  1669 V EmulatedCamera_Camera: doStopPreview
07-04 16:49:50.434  1374  1669 V EmulatedCamera_FakeDevice: disconnectDevice
07-04 16:49:50.434  1374  1669 W EmulatedCamera_Device: Initialize: Emulated camera device is already initialized: mState = 1
07-04 16:49:50.434  1374  1669 D EmulatedCamera_FakeCamera: Initialize: Fake camera is facing front
07-04 16:49:50.434  1374  1669 V EmulatedCamera_Device: initializeWhiteBalanceModes with auto, 1.000000, 1.000000
07-04 16:49:50.435  1374  1669 V EmulatedCamera_Device: initializeWhiteBalanceModes with incandescent, 1.380000, 0.600000
07-04 16:49:50.435  1374  1669 V EmulatedCamera_Device: initializeWhiteBalanceModes with daylight, 1.090000, 0.920000
07-04 16:49:50.435  1374  1669 V EmulatedCamera_Device: initializeWhiteBalanceModes with twilight, 0.920000, 1.220000
07-04 16:49:50.435  1374  1669 V EmulatedCamera_Device: setWhiteBalanceMode with white balance auto
07-04 16:49:50.435  1374  1669 I CameraFlashlight: Destroying camera 1
07-04 16:49:50.435  1374  1669 V EmulatedCamera_Camera: closeCamera
07-04 16:49:50.435  1374  1669 V EmulatedCamera_Camera: doStopPreview
07-04 16:49:50.435  1374  1669 W EmulatedCamera_Device: Initialize: Emulated camera device is already initialized: mState = 1
07-04 16:49:50.435  1374  1669 D EmulatedCamera_FakeCamera: Initialize: Fake camera is facing front
07-04 16:49:50.435  1374  1669 V EmulatedCamera_Device: initializeWhiteBalanceModes with auto, 1.000000, 1.000000
07-04 16:49:50.435  1374  1669 V EmulatedCamera_Device: initializeWhiteBalanceModes with incandescent, 1.380000, 0.600000
07-04 16:49:50.436  1374  1669 V EmulatedCamera_Device: initializeWhiteBalanceModes with daylight, 1.090000, 0.920000
07-04 16:49:50.436  1374  1669 V EmulatedCamera_Device: initializeWhiteBalanceModes with twilight, 0.920000, 1.220000
07-04 16:49:50.436  1374  1669 V EmulatedCamera_Device: setWhiteBalanceMode with white balance auto
07-04 16:49:50.441  1374  1669 I CameraService: disconnect: Disconnected client for camera 1 for PID 1374
07-04 16:49:50.441  1374  1669 D NuPlayerDriver: reset(0xb4821000)
07-04 16:49:50.441  1374  1669 D NuPlayerDriver: notifyListener_l(0xb4821000), (8, 0, 0)
07-04 16:49:50.441  1374  2460 D NuPlayerDriver: notifyResetComplete(0xb4821000)
07-04 16:49:50.443  1374  1669 D NuPlayerDriver: reset(0xb4821480)
07-04 16:49:50.443  1374  1669 D NuPlayerDriver: notifyListener_l(0xb4821480), (8, 0, 0)
07-04 16:49:50.443  1374  2462 D NuPlayerDriver: notifyResetComplete(0xb4821480)
07-04 16:49:50.444  1374  1669 E CameraService: disconnect: Disconnect called on already disconnected client for device 1
07-04 16:49:50.445  1374  1843 V EmulatedCamera_Camera: getCameraInfo
07-04 16:49:50.445  1374  1843 V EmulatedCamera_BaseCamera: getCameraInfo
07-04 16:49:50.447  1374  1374 V EmulatedCamera_Camera: getCameraInfo
07-04 16:49:50.447  1374  1374 V EmulatedCamera_BaseCamera: getCameraInfo
07-04 16:49:51.251  1374  1669 V EmulatedCamera_Camera: getCameraInfo
07-04 16:49:51.251  1374  1669 V EmulatedCamera_BaseCamera: getCameraInfo
07-04 16:49:51.252  1374  2231 V EmulatedCamera_Camera: getCameraInfo
07-04 16:49:51.252  1374  2231 V EmulatedCamera_BaseCamera: getCameraInfo
07-04 16:49:51.333  1260  1325 E SurfaceFlinger: ro.sf.lcd_density must be defined as a build property
07-04 16:49:51.337  1897  2470 D OpenGLRenderer: Use EGL_SWAP_BEHAVIOR_PRESERVED: true
07-04 16:49:51.338  1897  2470 D OpenGLRenderer: profile bars disabled
07-04 16:49:51.339  1897  2470 D OpenGLRenderer: ambientRatio = 1.50
07-04 16:49:51.348  1897  1897 D         : HostConnection::get() New Host Connection established 0xa21bf2c0, tid 1897
07-04 16:49:51.364  1897  1897 D PhoneStatusBar: disable: < EXPAND* icons alerts system_info BACK* HOME* RECENT* clock SEARCH* quick_settings >
07-04 16:49:51.454  1897  1897 D PhoneStatusBar: heads up is enabled
07-04 16:49:52.278  1260  1339 D hwcomposer: hw_composer sent 1148 syncs in 60s
07-04 16:49:52.950  2081  2081 W art     : Long monitor contention event with owner method=long android.database.sqlite.SQLiteConnection.nativePrepareStatement(long, java.lang.String) from SQLiteConnection.java:4294967294 waiters=0 for 2.498s
07-04 16:49:52.963  2081  2081 W Launcher: setApplicationContext called twice! old=android.app.Application@bd864f9 new=android.app.Application@bd864f9
07-04 16:49:52.980  1260  1325 D gralloc_ranchu: gralloc_alloc: format 1 and usage 0x933 imply creation of host color buffer
07-04 16:49:53.114  1733  1938 I AccountManagerService: getTypesVisibleToCaller: isPermitted? true
07-04 16:49:53.186  2081  2081 I Choreographer: Skipped 164 frames!  The application may be doing too much work on its main thread.
07-04 16:49:53.267  1260  1325 D gralloc_ranchu: gralloc_alloc: format 2 and usage 0x933 imply creation of host color buffer
07-04 16:49:53.322  2081  2097 I art     : Background sticky concurrent mark sweep GC freed 9267(915KB) AllocSpace objects, 3(72KB) LOS objects, 35% free, 2MB/3MB, paused 1.887ms total 146.027ms
07-04 16:49:53.498  1260  1379 I SurfaceFlinger: Boot is finished (121048 ms)
07-04 16:49:53.502  1897  1897 W KeyguardUpdateMonitor: invalid subId in handleSimStateChange()
07-04 16:49:53.507  1345  1366 E Surface : getSlotFromBufferLocked: unknown buffer: 0xb60af000
07-04 16:49:53.524  1733  1760 I SystemServiceManager: Starting phase 1000
07-04 16:49:53.553  1897  1897 W KeyguardUpdateMonitor: invalid subId in handleServiceStateChange()
07-04 16:49:53.566  1733  1940 V KeyguardServiceDelegate: **** SHOWN CALLED ****
07-04 16:49:53.580  1897  1897 I Choreographer: Skipped 294 frames!  The application may be doing too much work on its main thread.
07-04 16:49:53.587  1897  1897 D ViewRootImpl: changeCanvasOpacity: opaque=true
07-04 16:49:53.603  1733  1760 D         : HostConnection::get() New Host Connection established 0xa103f740, tid 1760
07-04 16:49:53.606  1733  1760 D gralloc_ranchu: gralloc_unregister_buffer: exiting HostConnection (is buffer-handling thread)
07-04 16:49:53.611  1733  1760 D         : HostConnection::get() New Host Connection established 0xa103f740, tid 1760
07-04 16:49:53.615  1733  1760 D gralloc_ranchu: gralloc_unregister_buffer: exiting HostConnection (is buffer-handling thread)
07-04 16:49:53.635  2081  2464 D         : HostConnection::get() New Host Connection established 0xa22ff340, tid 2464
07-04 16:49:53.637  2081  2464 I OpenGLRenderer: Initialized EGL, version 1.4
07-04 16:49:53.638  2081  2464 W OpenGLRenderer: Failed to choose config with EGL_SWAP_BEHAVIOR_PRESERVED, retrying without...
07-04 16:49:53.683  1260  1379 D gralloc_ranchu: gralloc_alloc: format 1 and usage 0x900 imply creation of host color buffer
07-04 16:49:53.684  1260  1379 D         : HostConnection::get() New Host Connection established 0xb700ddc0, tid 1379
07-04 16:49:53.734  1260  1325 D gralloc_ranchu: gralloc_alloc: format 1 and usage 0x900 imply creation of host color buffer
07-04 16:49:53.775  1260  1325 D gralloc_ranchu: gralloc_alloc: format 1 and usage 0x900 imply creation of host color buffer
07-04 16:49:53.818  2081  2081 I Choreographer: Skipped 37 frames!  The application may be doing too much work on its main thread.
07-04 16:49:53.873  1897  2470 D         : HostConnection::get() New Host Connection established 0xa21bfb00, tid 2470
07-04 16:49:53.878  1897  2470 I OpenGLRenderer: Initialized EGL, version 1.4
07-04 16:49:53.879  1897  2470 W OpenGLRenderer: Failed to choose config with EGL_SWAP_BEHAVIOR_PRESERVED, retrying without...
07-04 16:49:53.916  1733  1760 I ActivityManager: Displayed com.android.launcher3/.Launcher: +37s815ms
07-04 16:49:53.935  1260  1325 D gralloc_ranchu: gralloc_alloc: format 1 and usage 0x900 imply creation of host color buffer
07-04 16:49:53.967  1260  1855 D gralloc_ranchu: gralloc_alloc: format 1 and usage 0x900 imply creation of host color buffer
07-04 16:49:53.969  1260  1855 D         : HostConnection::get() New Host Connection established 0xb6cd4400, tid 1855
07-04 16:49:53.977  1260  1855 D gralloc_ranchu: gralloc_alloc: format 1 and usage 0x900 imply creation of host color buffer
07-04 16:49:54.030  1733  1937 I ActivityManager: Start proc 2483:com.google.android.googlequicksearchbox:search/u0a16 for service com.google.android.googlequicksearchbox/com.google.android.hotword.service.HotwordService
07-04 16:49:54.031  1260  1325 D gralloc_ranchu: gralloc_alloc: format 1 and usage 0x900 imply creation of host color buffer
07-04 16:49:54.059  1260  1323 D gralloc_ranchu: gralloc_alloc: format 1 and usage 0x900 imply creation of host color buffer
07-04 16:49:54.070  1260  1323 D gralloc_ranchu: gralloc_alloc: format 1 and usage 0x900 imply creation of host color buffer
07-04 16:49:54.098  2483  2489 I art     : Debugger is no longer active
07-04 16:49:54.098  1733  1834 D WifiService: New client listening to asynchronous messages
07-04 16:49:54.308  2436  2436 I LoadedApk: No resource references to update in package FFFFFFFFFFFFFFFFFFFFFF
07-04 16:49:54.343  2081  2081 D Launcher: bindAppWidget: AppWidget(id=4)
07-04 16:49:54.344  2081  2081 D Launcher: bindAppWidget: id=4 belongs to component ComponentInfo{com.android.deskclock/com.android.alarmclock.AnalogAppWidgetProvider}
07-04 16:49:54.640  2081  2097 I art     : Background partial concurrent mark sweep GC freed 2643(176KB) AllocSpace objects, 0(0B) LOS objects, 35% free, 7MB/11MB, paused 80.052ms total 99.284ms
07-04 16:49:54.646  1897  1897 W KeyguardUpdateMonitor: invalid subId in handleServiceStateChange()
07-04 16:49:54.646  1897  1897 W KeyguardUpdateMonitor: invalid subId in handleSimStateChange()
07-04 16:49:54.646  1897  1897 W KeyguardUpdateMonitor: invalid subId in handleSimStateChange()
07-04 16:49:54.987  1897  1897 I Choreographer: Skipped 83 frames!  The application may be doing too much work on its main thread.
07-04 16:49:55.032  1897  1897 W PathParser: Points are too far apart 4.030360828967057
07-04 16:49:55.033  1897  1897 W PathParser: Points are too far apart 4.030360538880159
07-04 16:49:55.291  2503  2503 D AndroidRuntime: >>>>>> START com.android.internal.os.RuntimeInit uid 0 <<<<<<
07-04 16:49:55.295  2503  2503 D AndroidRuntime: CheckJNI is ON
07-04 16:49:55.396  2503  2503 D ICU     : No timezone override file found: /data/misc/zoneinfo/current/icu/icu_tzdata.dat
07-04 16:49:55.454  2503  2503 E memtrack: Couldn't load memtrack module (No such file or directory)
07-04 16:49:55.454  2503  2503 E android.os.Debug: failed to load memtrack module: -2
07-04 16:49:55.467  2503  2503 I Radio-JNI: register_android_hardware_Radio DONE
07-04 16:49:55.505  2503  2503 D AndroidRuntime: Calling main entry com.android.commands.pm.Pm
07-04 16:49:55.527  2503  2503 I art     : System.exit called, status: 0
07-04 16:49:55.527  2503  2503 I AndroidRuntime: VM exiting with result code 0.
07-04 16:49:55.547  2499  2499 D AndroidRuntime: >>>>>> START com.android.internal.os.RuntimeInit uid 0 <<<<<<
07-04 16:49:55.550  2499  2499 D AndroidRuntime: CheckJNI is ON
07-04 16:49:55.597  2501  2501 D AndroidRuntime: >>>>>> START com.android.internal.os.RuntimeInit uid 0 <<<<<<
07-04 16:49:55.600  2501  2501 D AndroidRuntime: CheckJNI is ON
07-04 16:49:55.629  2499  2499 D ICU     : No timezone override file found: /data/misc/zoneinfo/current/icu/icu_tzdata.dat
07-04 16:49:55.653  1897  1897 D PhoneStatusBar: disable: < expand* icons alerts system_info back* home* recent* clock search* quick_settings >
07-04 16:49:55.654  2081  2081 D Launcher: bound widget id=4 in 1310ms
07-04 16:49:55.654  2081  2081 I Choreographer: Skipped 78 frames!  The application may be doing too much work on its main thread.
07-04 16:49:55.673  2081  2464 V RenderScript: 0xa20be000 Launching thread(s), CPUs 2
07-04 16:49:55.712  2501  2501 D ICU     : No timezone override file found: /data/misc/zoneinfo/current/icu/icu_tzdata.dat
07-04 16:49:55.717  1897  1897 I Choreographer: Skipped 42 frames!  The application may be doing too much work on its main thread.
07-04 16:49:55.908  2501  2501 E memtrack: Couldn't load memtrack module (No such file or directory)
07-04 16:49:55.908  2501  2501 E android.os.Debug: failed to load memtrack module: -2
07-04 16:49:55.914  2501  2501 I Radio-JNI: register_android_hardware_Radio DONE
07-04 16:49:55.909  2499  2499 E memtrack: Couldn't load memtrack module (No such file or directory)
07-04 16:49:55.916  2499  2499 E android.os.Debug: failed to load memtrack module: -2
07-04 16:49:55.927  2499  2499 I Radio-JNI: register_android_hardware_Radio DONE
07-04 16:49:55.982  2501  2501 D AndroidRuntime: Calling main entry com.android.commands.wm.Wm
07-04 16:49:55.984  2501  2501 D AndroidRuntime: Shutting down VM
07-04 16:49:55.987  2499  2499 D AndroidRuntime: Calling main entry com.android.commands.wm.Wm
07-04 16:49:55.997  2499  2499 D AndroidRuntime: Shutting down VM
07-04 16:49:56.394  2516  2516 D AndroidRuntime: >>>>>> START com.android.internal.os.RuntimeInit uid 0 <<<<<<
07-04 16:49:56.398  2516  2516 D AndroidRuntime: CheckJNI is ON
07-04 16:49:56.430  2516  2516 D ICU     : No timezone override file found: /data/misc/zoneinfo/current/icu/icu_tzdata.dat
07-04 16:49:56.471  2516  2516 E memtrack: Couldn't load memtrack module (No such file or directory)
07-04 16:49:56.471  2516  2516 E android.os.Debug: failed to load memtrack module: -2
07-04 16:49:56.473  2516  2516 I Radio-JNI: register_android_hardware_Radio DONE
07-04 16:49:56.493  2516  2516 D AndroidRuntime: Calling main entry com.android.commands.pm.Pm
07-04 16:49:56.514  1375  1375 I installd: free_cache(64685) avail 1880752128
07-04 16:49:56.531  2516  2516 I art     : System.exit called, status: 0
07-04 16:49:56.531  2516  2516 I AndroidRuntime: VM exiting with result code 0.
07-04 16:49:57.001  2542  2542 D AndroidRuntime: >>>>>> START com.android.internal.os.RuntimeInit uid 0 <<<<<<
07-04 16:49:57.005  2542  2542 D AndroidRuntime: CheckJNI is ON
07-04 16:49:57.034  2542  2542 D ICU     : No timezone override file found: /data/misc/zoneinfo/current/icu/icu_tzdata.dat
07-04 16:49:57.077  2542  2542 E memtrack: Couldn't load memtrack module (No such file or directory)
07-04 16:49:57.077  2542  2542 E android.os.Debug: failed to load memtrack module: -2
07-04 16:49:57.081  2542  2542 I Radio-JNI: register_android_hardware_Radio DONE
07-04 16:49:57.106  2542  2542 D AndroidRuntime: Calling main entry com.android.commands.pm.Pm
07-04 16:49:57.123  1375  1375 I installd: free_cache(808662) avail 1880690688
07-04 16:49:57.170  2542  2542 I art     : System.exit called, status: 0
07-04 16:49:57.170  2542  2542 I AndroidRuntime: VM exiting with result code 0.
07-04 16:49:57.551  2554  2554 D AndroidRuntime: >>>>>> START com.android.internal.os.RuntimeInit uid 0 <<<<<<
07-04 16:49:57.554  2554  2554 D AndroidRuntime: CheckJNI is ON
07-04 16:49:57.581  2554  2554 D ICU     : No timezone override file found: /data/misc/zoneinfo/current/icu/icu_tzdata.dat
07-04 16:49:57.619  2554  2554 E memtrack: Couldn't load memtrack module (No such file or directory)
07-04 16:49:57.619  2554  2554 E android.os.Debug: failed to load memtrack module: -2
07-04 16:49:57.622  2554  2554 I Radio-JNI: register_android_hardware_Radio DONE
07-04 16:49:57.643  2554  2554 D AndroidRuntime: Calling main entry com.android.commands.pm.Pm
07-04 16:49:57.660  1375  1375 I installd: free_cache(30107) avail 1879879680
07-04 16:49:57.675  2554  2554 I art     : System.exit called, status: 0
07-04 16:49:57.675  2554  2554 I AndroidRuntime: VM exiting with result code 0.
07-04 16:49:58.128  2565  2565 D AndroidRuntime: >>>>>> START com.android.internal.os.RuntimeInit uid 0 <<<<<<
07-04 16:49:58.131  2565  2565 D AndroidRuntime: CheckJNI is ON
07-04 16:49:58.162  2565  2565 D ICU     : No timezone override file found: /data/misc/zoneinfo/current/icu/icu_tzdata.dat
07-04 16:49:58.209  2565  2565 E memtrack: Couldn't load memtrack module (No such file or directory)
07-04 16:49:58.210  2565  2565 E android.os.Debug: failed to load memtrack module: -2
07-04 16:49:58.212  2565  2565 I Radio-JNI: register_android_hardware_Radio DONE
07-04 16:49:58.234  2565  2565 D AndroidRuntime: Calling main entry com.android.commands.pm.Pm
07-04 16:49:58.247  1375  1375 I installd: free_cache(2120753) avail 1879846912
07-04 16:49:58.598  1733  2337 I ActivityManager: Start proc 2575:com.google.process.gapps/u0a8 for content provider com.google.android.gsf/.gservices.GservicesProvider
07-04 16:49:58.625  2575  2581 E art     : Failed sending reply to debugger: Broken pipe
07-04 16:49:58.626  2575  2581 I art     : Debugger is no longer active
07-04 16:49:58.633  2575  2575 W System  : ClassLoader referenced unknown path: /system/priv-app/GoogleServicesFramework/lib/x86
07-04 16:49:58.638  2565  2565 I art     : System.exit called, status: 0
07-04 16:49:58.638  2565  2565 I AndroidRuntime: VM exiting with result code 0.
07-04 16:49:59.018  2575  2575 I GservicesProvider: Gservices pushing to system: true; secure/global: true
07-04 16:49:59.056  2589  2589 D AndroidRuntime: >>>>>> START com.android.internal.os.RuntimeInit uid 0 <<<<<<
07-04 16:49:59.059  2589  2589 D AndroidRuntime: CheckJNI is ON
07-04 16:49:59.086  2589  2589 D ICU     : No timezone override file found: /data/misc/zoneinfo/current/icu/icu_tzdata.dat
07-04 16:49:59.177  2589  2589 E memtrack: Couldn't load memtrack module (No such file or directory)
07-04 16:49:59.177  2589  2589 E android.os.Debug: failed to load memtrack module: -2
07-04 16:49:59.181  2589  2589 I Radio-JNI: register_android_hardware_Radio DONE
07-04 16:49:59.202  2589  2589 D AndroidRuntime: Calling main entry com.android.commands.pm.Pm
07-04 16:49:59.219  1375  1375 I installd: free_cache(5492) avail 1877725184
07-04 16:49:59.247  2589  2589 I art     : System.exit called, status: 0
07-04 16:49:59.247  2589  2589 I AndroidRuntime: VM exiting with result code 0.
07-04 16:49:59.423  2575  2575 I GoogleHttpClient: GMS http client unavailable, use old client
07-04 16:49:59.603  1733  1939 I AccountManagerService: getTypesVisibleToCaller: isPermitted? true
07-04 16:49:59.657  2600  2600 D AndroidRuntime: >>>>>> START com.android.internal.os.RuntimeInit uid 0 <<<<<<
07-04 16:49:59.659  2600  2600 D AndroidRuntime: CheckJNI is ON
07-04 16:49:59.687  2600  2600 D ICU     : No timezone override file found: /data/misc/zoneinfo/current/icu/icu_tzdata.dat
07-04 16:49:59.763  2600  2600 E memtrack: Couldn't load memtrack module (No such file or directory)
07-04 16:49:59.763  2600  2600 E android.os.Debug: failed to load memtrack module: -2
07-04 16:49:59.766  2600  2600 I Radio-JNI: register_android_hardware_Radio DONE
07-04 16:49:59.794  2600  2600 D AndroidRuntime: Calling main entry com.android.commands.pm.Pm
07-04 16:49:59.823  1375  1375 I installd: free_cache(5500) avail 1877716992
07-04 16:49:59.845  2600  2600 I art     : System.exit called, status: 0
07-04 16:49:59.845  2600  2600 I AndroidRuntime: VM exiting with result code 0.
07-04 16:50:00.272  2615  2615 D AndroidRuntime: >>>>>> START com.android.internal.os.RuntimeInit uid 0 <<<<<<
07-04 16:50:00.275  2615  2615 D AndroidRuntime: CheckJNI is ON
07-04 16:50:00.310  2615  2615 D ICU     : No timezone override file found: /data/misc/zoneinfo/current/icu/icu_tzdata.dat
07-04 16:50:00.364  2615  2615 E memtrack: Couldn't load memtrack module (No such file or directory)
07-04 16:50:00.365  2615  2615 E android.os.Debug: failed to load memtrack module: -2
07-04 16:50:00.367  2615  2615 I Radio-JNI: register_android_hardware_Radio DONE
07-04 16:50:00.387  2615  2615 D AndroidRuntime: Calling main entry com.android.commands.pm.Pm
07-04 16:50:00.402  1375  1375 I installd: free_cache(8838) avail 1877708800
07-04 16:50:00.416  2615  2615 I art     : System.exit called, status: 0
07-04 16:50:00.416  2615  2615 I AndroidRuntime: VM exiting with result code 0.
07-04 16:50:00.812  2629  2629 D AndroidRuntime: >>>>>> START com.android.internal.os.RuntimeInit uid 0 <<<<<<
07-04 16:50:00.814  2629  2629 D AndroidRuntime: CheckJNI is ON
07-04 16:50:00.842  2629  2629 D ICU     : No timezone override file found: /data/misc/zoneinfo/current/icu/icu_tzdata.dat
07-04 16:50:00.880  2629  2629 E memtrack: Couldn't load memtrack module (No such file or directory)
07-04 16:50:00.880  2629  2629 E android.os.Debug: failed to load memtrack module: -2
07-04 16:50:00.882  2629  2629 I Radio-JNI: register_android_hardware_Radio DONE
07-04 16:50:00.904  2629  2629 D AndroidRuntime: Calling main entry com.android.commands.pm.Pm
07-04 16:50:00.919  1375  1375 I installd: free_cache(4112) avail 1877696512
07-04 16:50:00.934  2629  2629 I art     : System.exit called, status: 0
07-04 16:50:00.934  2629  2629 I AndroidRuntime: VM exiting with result code 0.
07-04 16:50:01.114  2436  2436 W System  : ClassLoader referenced unknown path: /system/priv-app/PrebuiltGmsCore/lib/x86
07-04 16:50:01.288  2436  2436 W System  : ClassLoader referenced unknown path: /system/priv-app/PrebuiltGmsCore/lib/x86
07-04 16:50:01.297  2436  2447 I art     : Background sticky concurrent mark sweep GC freed 5683(305KB) AllocSpace objects, 2(40KB) LOS objects, 23% free, 2MB/3MB, paused 931us total 935.088ms
07-04 16:50:01.389  2640  2640 D AndroidRuntime: >>>>>> START com.android.internal.os.RuntimeInit uid 0 <<<<<<
07-04 16:50:01.392  2640  2640 D AndroidRuntime: CheckJNI is ON
07-04 16:50:01.418  2640  2640 D ICU     : No timezone override file found: /data/misc/zoneinfo/current/icu/icu_tzdata.dat
07-04 16:50:01.439  2436  2436 W linker  : /data/data/com.google.android.gms/app_extracted_libs/x86/libgmscore.so: unused DT entry: type 0x7ffffffd arg 0x754
07-04 16:50:01.476  2640  2640 E memtrack: Couldn't load memtrack module (No such file or directory)
07-04 16:50:01.477  2640  2640 E android.os.Debug: failed to load memtrack module: -2
07-04 16:50:01.481  2640  2640 I Radio-JNI: register_android_hardware_Radio DONE
07-04 16:50:01.500  2640  2640 D AndroidRuntime: Calling main entry com.android.commands.pm.Pm
07-04 16:50:01.532  1375  1375 I installd: free_cache(8176) avail 1877688320
07-04 16:50:01.582  2436  2436 W System  : ClassLoader referenced unknown path: /system/priv-app/PrebuiltGmsCore/lib/x86
07-04 16:50:01.583  2436  2436 W System  : ClassLoader referenced unknown path: /system/priv-app/PrebuiltGmsCore/lib/x86
07-04 16:50:01.589  2640  2640 I art     : System.exit called, status: 0
07-04 16:50:01.589  2640  2640 I AndroidRuntime: VM exiting with result code 0.
07-04 16:50:01.652  2436  2436 W linker  : /data/data/com.google.android.gms/app_extracted_libs/x86/libconscrypt_gmscore_jni.so: unused DT entry: type 0x1d arg 0x91
07-04 16:50:01.652  2436  2436 W linker  : /data/data/com.google.android.gms/app_extracted_libs/x86/libconscrypt_gmscore_jni.so: unused DT entry: type 0x7ffffffd arg 0x174
07-04 16:50:01.660  2436  2436 V JNIHelp : Registering com/google/android/gms/org/conscrypt/NativeCrypto's 242 native methods...
07-04 16:50:01.676  2436  2436 I art     : Rejecting re-init on previously-failed class java.lang.Class<com.google.android.gms.org.conscrypt.OpenSSLExtendedSessionImpl>
07-04 16:50:01.676  2436  2436 I art     : Rejecting re-init on previously-failed class java.lang.Class<com.google.android.gms.org.conscrypt.OpenSSLExtendedSessionImpl>
07-04 16:50:02.008  2483  2655 E ActivityThread: Failed to find provider info for com.google.android.partnersetup.rlzappprovider
07-04 16:50:02.010  2653  2653 D AndroidRuntime: >>>>>> START com.android.internal.os.RuntimeInit uid 0 <<<<<<
07-04 16:50:02.013  2653  2653 D AndroidRuntime: CheckJNI is ON
07-04 16:50:02.041  2653  2653 D ICU     : No timezone override file found: /data/misc/zoneinfo/current/icu/icu_tzdata.dat
07-04 16:50:02.060  1733  1940 I AccountManagerService: getTypesVisibleToCaller: isPermitted? true
07-04 16:50:02.082  2653  2653 E memtrack: Couldn't load memtrack module (No such file or directory)
07-04 16:50:02.082  2653  2653 E android.os.Debug: failed to load memtrack module: -2
07-04 16:50:02.084  2653  2653 I Radio-JNI: register_android_hardware_Radio DONE
07-04 16:50:02.108  2653  2653 D AndroidRuntime: Calling main entry com.android.commands.pm.Pm
07-04 16:50:02.118  1375  1375 I installd: free_cache(6030) avail 1877680128
07-04 16:50:02.131  2653  2653 I art     : System.exit called, status: 0
07-04 16:50:02.131  2653  2653 I AndroidRuntime: VM exiting with result code 0.
07-04 16:50:02.551  2666  2666 D AndroidRuntime: >>>>>> START com.android.internal.os.RuntimeInit uid 0 <<<<<<
07-04 16:50:02.554  2666  2666 D AndroidRuntime: CheckJNI is ON
07-04 16:50:02.609  2666  2666 D ICU     : No timezone override file found: /data/misc/zoneinfo/current/icu/icu_tzdata.dat
07-04 16:50:02.658  2666  2666 E memtrack: Couldn't load memtrack module (No such file or directory)
07-04 16:50:02.659  2666  2666 E android.os.Debug: failed to load memtrack module: -2
07-04 16:50:02.661  2666  2666 I Radio-JNI: register_android_hardware_Radio DONE
07-04 16:50:02.680  2666  2666 D AndroidRuntime: Calling main entry com.android.commands.pm.Pm
07-04 16:50:02.694  1375  1375 I installd: free_cache(4114) avail 1877671936
07-04 16:50:02.708  2666  2666 I art     : System.exit called, status: 0
07-04 16:50:02.709  2666  2666 I AndroidRuntime: VM exiting with result code 0.
07-04 16:50:02.792  2424  2424 W KeyphraseEnrollmentInfo: Enrollment application doesn't support keyphrases
07-04 16:50:02.857  2436  2436 I ProviderInstaller: Installed default security provider GmsCore_OpenSSL
07-04 16:50:03.125  2681  2681 D AndroidRuntime: >>>>>> START com.android.internal.os.RuntimeInit uid 0 <<<<<<
07-04 16:50:03.128  2681  2681 D AndroidRuntime: CheckJNI is ON
07-04 16:50:03.158  2681  2681 D ICU     : No timezone override file found: /data/misc/zoneinfo/current/icu/icu_tzdata.dat
07-04 16:50:03.195  2681  2681 E memtrack: Couldn't load memtrack module (No such file or directory)
07-04 16:50:03.195  2681  2681 E android.os.Debug: failed to load memtrack module: -2
07-04 16:50:03.198  2681  2681 I Radio-JNI: register_android_hardware_Radio DONE
07-04 16:50:03.218  2681  2681 D AndroidRuntime: Calling main entry com.android.commands.pm.Pm
07-04 16:50:03.232  1375  1375 I installd: free_cache(36337) avail 1877663744
07-04 16:50:03.245  2681  2681 I art     : System.exit called, status: 0
07-04 16:50:03.245  2681  2681 I AndroidRuntime: VM exiting with result code 0.
07-04 16:50:03.659  2694  2694 D AndroidRuntime: >>>>>> START com.android.internal.os.RuntimeInit uid 0 <<<<<<
07-04 16:50:03.662  2694  2694 D AndroidRuntime: CheckJNI is ON
07-04 16:50:03.691  2694  2694 D ICU     : No timezone override file found: /data/misc/zoneinfo/current/icu/icu_tzdata.dat
07-04 16:50:03.732  2694  2694 E memtrack: Couldn't load memtrack module (No such file or directory)
07-04 16:50:03.732  2694  2694 E android.os.Debug: failed to load memtrack module: -2
07-04 16:50:03.734  2694  2694 I Radio-JNI: register_android_hardware_Radio DONE
07-04 16:50:03.754  2694  2694 D AndroidRuntime: Calling main entry com.android.commands.pm.Pm
07-04 16:50:03.797  2483  2493 W art     : Suspending all threads took: 233.757ms
07-04 16:50:04.180  2436  2447 W art     : Suspending all threads took: 61.608ms
07-04 16:50:04.225  1733  1765 I ActivityManager: Start proc 2711:com.android.defcontainer/u0a4 for service com.android.defcontainer/.DefaultContainerService
07-04 16:50:04.316  2436  2447 I art     : Background partial concurrent mark sweep GC freed 24918(1831KB) AllocSpace objects, 0(0B) LOS objects, 39% free, 4MB/7MB, paused 188.031ms total 297.792ms
07-04 16:50:04.329  1733  1765 W PackageParser: Unknown element under <manifest>: meta-data at /data/app/vmdl2038416206.tmp/base.apk Binary XML file line #13
07-04 16:50:04.451  2483  2725 W TRUiThreadExecutor: Task does not implement UiTask: com.google.common.g.a.p@939390e
07-04 16:50:04.782  1375  1375 I SELinux : SELinux: Loaded file_contexts contexts from /file_contexts.
07-04 16:50:04.783  1733  1765 I PackageManager.DexOptimizer: Running dexopt (dex2oat) on: /data/app/vmdl2038416206.tmp/base.apk pkg=com.example.kelvinmudzimuirema.cartnbasket isa=x86 vmSafeMode=false debuggable=true oatDir = /data/app/vmdl2038416206.tmp/oat
07-04 16:50:05.975  2728  2728 W dex2oat : Unexpected CPU variant for X86 using defaults: x86
07-04 16:50:05.975  2728  2728 W dex2oat : Mismatch between dex2oat instruction set features (ISA: X86 Feature string: smp,-ssse3,-sse4.1,-sse4.2,-avx,-avx2) and those of dex2oat executable (ISA: X86 Feature string: smp,ssse3,-sse4.1,-sse4.2,-avx,-avx2) for the command line:
07-04 16:50:05.975  2728  2728 W dex2oat : /system/bin/dex2oat --zip-fd=6 --zip-location=base.apk --oat-fd=7 --oat-location=/data/app/vmdl2038416206.tmp/oat/x86/base.odex --instruction-set=x86 --instruction-set-variant=x86 --instruction-set-features=default --runtime-arg -Xms64m --runtime-arg -Xmx512m --swap-fd=8 --debuggable
07-04 16:50:06.027  2728  2728 I dex2oat : /system/bin/dex2oat --debuggable
07-04 16:50:06.617  1733  2363 D GpsLocationProvider: NTP server returned: 1499179775830 (Tue Jul 04 16:49:35 GMT+02:00 2017) reference: 111351 certainty: 107 system time offset: -30786
07-04 16:50:07.019  2436  2436 I GCoreNlp: shouldConfirmNlp, NLP off. Ensuring opt-in disabled
07-04 16:50:07.037  2728  2728 W dex2oat : Compilation of void com.android.tools.fd.runtime.AppInfo.<init>() took 413.143ms
07-04 16:50:07.258  2728  2730 W dex2oat : Compilation of boolean com.android.tools.fd.runtime.AbstractPatchesLoaderImpl.load() took 220.482ms
07-04 16:50:07.266  2728  2728 W dex2oat : Compilation of java.lang.reflect.Field com.android.tools.fd.runtime.AndroidInstantRuntime.getFieldByName(java.lang.Class, java.lang.String) took 224.376ms
07-04 16:50:07.301  2728  2728 I dex2oat : dex2oat took 1.326s (threads: 2) arena alloc=263KB java alloc=62KB native alloc=1064KB free=1751KB
07-04 16:50:07.308  1733  1753 I ActivityManager: Force stopping com.example.kelvinmudzimuirema.cartnbasket appid=10059 user=-1: uninstall pkg
07-04 16:50:07.426  1733  1765 I PackageManager: Package com.example.kelvinmudzimuirema.cartnbasket codePath changed from /data/app/com.example.kelvinmudzimuirema.cartnbasket-1 to /data/app/com.example.kelvinmudzimuirema.cartnbasket-2; Retaining data and using new
07-04 16:50:07.426  1733  1765 W PackageManager: Code path for com.example.kelvinmudzimuirema.cartnbasket changing from /data/app/com.example.kelvinmudzimuirema.cartnbasket-1 to /data/app/com.example.kelvinmudzimuirema.cartnbasket-2
07-04 16:50:07.427  1733  1765 W PackageManager: Resource path for com.example.kelvinmudzimuirema.cartnbasket changing from /data/app/com.example.kelvinmudzimuirema.cartnbasket-1 to /data/app/com.example.kelvinmudzimuirema.cartnbasket-2
07-04 16:50:07.427  1733  1753 I ActivityManager: Force stopping com.example.kelvinmudzimuirema.cartnbasket appid=10059 user=-1: replace pkg
07-04 16:50:07.530  1733  1765 W Settings: Setting install_non_market_apps has moved from android.provider.Settings.Global to android.provider.Settings.Secure, returning read-only value.
07-04 16:50:07.530  1733  1765 I art     : Starting a blocking GC Explicit
07-04 16:50:07.567  1733  1765 I art     : Explicit concurrent mark sweep GC freed 38717(2MB) AllocSpace objects, 14(504KB) LOS objects, 33% free, 6MB/10MB, paused 1.152ms total 31.931ms
07-04 16:50:07.580  1733  1765 W PackageManager: Couldn't remove dex file for package:  at location /data/app/com.example.kelvinmudzimuirema.cartnbasket-1/base.apk, retcode=-1
07-04 16:50:07.581  1733  1765 W PackageManager: Couldn't remove dex file for package:  at location /data/app/com.example.kelvinmudzimuirema.cartnbasket-1/split_lib_dependencies_apk.apk, retcode=-1
07-04 16:50:07.581  1733  1765 W PackageManager: Couldn't remove dex file for package:  at location /data/app/com.example.kelvinmudzimuirema.cartnbasket-1/split_lib_slice_0_apk.apk, retcode=-1
07-04 16:50:07.581  1733  1765 W PackageManager: Couldn't remove dex file for package:  at location /data/app/com.example.kelvinmudzimuirema.cartnbasket-1/split_lib_slice_1_apk.apk, retcode=-1
07-04 16:50:07.582  1733  1765 W PackageManager: Couldn't remove dex file for package:  at location /data/app/com.example.kelvinmudzimuirema.cartnbasket-1/split_lib_slice_2_apk.apk, retcode=-1
07-04 16:50:07.582  1733  1765 W PackageManager: Couldn't remove dex file for package:  at location /data/app/com.example.kelvinmudzimuirema.cartnbasket-1/split_lib_slice_3_apk.apk, retcode=-1
07-04 16:50:07.583  1733  1765 W PackageManager: Couldn't remove dex file for package:  at location /data/app/com.example.kelvinmudzimuirema.cartnbasket-1/split_lib_slice_4_apk.apk, retcode=-1
07-04 16:50:07.583  1733  1765 W PackageManager: Couldn't remove dex file for package:  at location /data/app/com.example.kelvinmudzimuirema.cartnbasket-1/split_lib_slice_5_apk.apk, retcode=-1
07-04 16:50:07.583  1733  1765 W PackageManager: Couldn't remove dex file for package:  at location /data/app/com.example.kelvinmudzimuirema.cartnbasket-1/split_lib_slice_6_apk.apk, retcode=-1
07-04 16:50:07.583  1733  1765 W PackageManager: Couldn't remove dex file for package:  at location /data/app/com.example.kelvinmudzimuirema.cartnbasket-1/split_lib_slice_7_apk.apk, retcode=-1
07-04 16:50:07.584  1733  1765 W PackageManager: Couldn't remove dex file for package:  at location /data/app/com.example.kelvinmudzimuirema.cartnbasket-1/split_lib_slice_8_apk.apk, retcode=-1
07-04 16:50:07.584  1733  1765 W PackageManager: Couldn't remove dex file for package:  at location /data/app/com.example.kelvinmudzimuirema.cartnbasket-1/split_lib_slice_9_apk.apk, retcode=-1
07-04 16:50:07.585  1375  1375 E installd: Couldn't opendir /data/app/vmdl2038416206.tmp: No such file or directory
07-04 16:50:07.589  1733  1765 I ActivityManager: Force stopping com.example.kelvinmudzimuirema.cartnbasket appid=10059 user=0: pkg removed
07-04 16:50:07.590  2694  2694 I art     : System.exit called, status: 0
07-04 16:50:07.590  2694  2694 I AndroidRuntime: VM exiting with result code 0.
07-04 16:50:07.612  1733  1818 I InputReader: Reconfiguring input devices.  changes=0x00000010
07-04 16:50:07.613  1733  1733 D JobSchedulerService: Receieved: android.intent.action.PACKAGE_REMOVED
07-04 16:50:07.629  1733  1818 I InputReader: Reconfiguring input devices.  changes=0x00000010
07-04 16:50:07.641  2073  2073 D CarrierServiceBindHelper: Receive action: android.intent.action.PACKAGE_REMOVED
07-04 16:50:07.652  1733  1818 I InputReader: Reconfiguring input devices.  changes=0x00000010
07-04 16:50:07.672  2073  2073 D CarrierServiceBindHelper: Receive action: android.intent.action.PACKAGE_ADDED
07-04 16:50:07.673  2073  2073 D CarrierServiceBindHelper: mHandler: 3
07-04 16:50:07.673  2073  2073 D CarrierServiceBindHelper: Receive action: android.intent.action.PACKAGE_REPLACED
07-04 16:50:07.674  2073  2073 D CarrierServiceBindHelper: mHandler: 3
07-04 16:50:07.674  2073  2073 D CarrierServiceBindHelper: mHandler: 3
07-04 16:50:07.674  2073  2073 D CarrierConfigLoader: mHandler: 9 phoneId: 0
07-04 16:50:08.921  2738  2738 D AndroidRuntime: >>>>>> START com.android.internal.os.RuntimeInit uid 0 <<<<<<
07-04 16:50:08.924  2738  2738 D AndroidRuntime: CheckJNI is ON
07-04 16:50:08.953  2738  2738 D ICU     : No timezone override file found: /data/misc/zoneinfo/current/icu/icu_tzdata.dat
07-04 16:50:08.992  2738  2738 E memtrack: Couldn't load memtrack module (No such file or directory)
07-04 16:50:08.992  2738  2738 E android.os.Debug: failed to load memtrack module: -2
07-04 16:50:08.994  2738  2738 I Radio-JNI: register_android_hardware_Radio DONE
07-04 16:50:09.013  2738  2738 D AndroidRuntime: Calling main entry com.android.commands.am.Am
07-04 16:50:09.023  1733  1938 I ActivityManager: START u0 {act=android.intent.action.MAIN cat=[android.intent.category.LAUNCHER] flg=0x10000000 cmp=com.example.kelvinmudzimuirema.cartnbasket/.MainActivity} from uid 0 on display 0
07-04 16:50:09.080  2738  2738 D AndroidRuntime: Shutting down VM
07-04 16:50:09.098  1733  1937 I ActivityManager: Start proc 2751:com.example.kelvinmudzimuirema.cartnbasket/u0a59 for activity com.example.kelvinmudzimuirema.cartnbasket/.MainActivity
07-04 16:50:09.098  2751  2751 I art     : Not late-enabling -Xcheck:jni (already on)
07-04 16:50:09.101  1260  1379 D gralloc_ranchu: gralloc_alloc: format 1 and usage 0x933 imply creation of host color buffer
07-04 16:50:09.156  1733  1760 D         : HostConnection::get() New Host Connection established 0x9d9f4b00, tid 1760
07-04 16:50:09.233  2764  2764 W dex2oat : Unexpected CPU variant for X86 using defaults: x86
07-04 16:50:09.233  2764  2764 W dex2oat : Mismatch between dex2oat instruction set features (ISA: X86 Feature string: smp,-ssse3,-sse4.1,-sse4.2,-avx,-avx2) and those of dex2oat executable (ISA: X86 Feature string: smp,ssse3,-sse4.1,-sse4.2,-avx,-avx2) for the command line:
07-04 16:50:09.233  2764  2764 W dex2oat : /system/bin/dex2oat --runtime-arg -classpath --runtime-arg  --debuggable --instruction-set=x86 --instruction-set-features=smp,ssse3,-sse4.1,-sse4.2,-avx,-avx2 --runtime-arg -Xrelocate --boot-image=/system/framework/boot.art --runtime-arg -Xms64m --runtime-arg -Xmx512m --instruction-set-variant=x86 --instruction-set-features=default --dex-file=/data/app/com.example.kelvinmudzimuirema.cartnbasket-2/split_lib_dependencies_apk.apk --oat-file=/data/dalvik-cache/x86/data@app@com.example.kelvinmudzimuirema.cartnbasket-2@split_lib_dependencies_apk.apk@classes.dex
07-04 16:50:09.234  2764  2764 E dex2oat : Failed to create oat file: /data/dalvik-cache/x86/data@app@com.example.kelvinmudzimuirema.cartnbasket-2@split_lib_dependencies_apk.apk@classes.dex: Permission denied
07-04 16:50:09.234  2764  2764 I dex2oat : dex2oat took 1.294ms (threads: 2) 
07-04 16:50:09.241  1733  1733 V BackupManagerService: Connected to transport ComponentInfo{com.google.android.gms/com.google.android.gms.backup.BackupTransportService}
07-04 16:50:09.243  1733  1733 V BackupManagerService: Registering transport com.google.android.gms/.backup.BackupTransportService::com.google.android.gms/.backup.BackupTransportService = com.android.internal.backup.IBackupTransport$Stub$Proxy@d387307
07-04 16:50:09.243  2751  2751 W art     : Failed execv(/system/bin/dex2oat --runtime-arg -classpath --runtime-arg  --debuggable --instruction-set=x86 --instruction-set-features=smp,ssse3,-sse4.1,-sse4.2,-avx,-avx2 --runtime-arg -Xrelocate --boot-image=/system/framework/boot.art --runtime-arg -Xms64m --runtime-arg -Xmx512m --instruction-set-variant=x86 --instruction-set-features=default --dex-file=/data/app/com.example.kelvinmudzimuirema.cartnbasket-2/split_lib_dependencies_apk.apk --oat-file=/data/dalvik-cache/x86/data@app@com.example.kelvinmudzimuirema.cartnbasket-2@split_lib_dependencies_apk.apk@classes.dex) because non-0 exit status
07-04 16:50:09.311  1260  2117 D         : HostConnection::get() New Host Connection established 0xb6cd4000, tid 2117
07-04 16:50:09.313  2081  2464 E Surface : getSlotFromBufferLocked: unknown buffer: 0xb2df9460
07-04 16:50:09.607  2770  2770 W dex2oat : Unexpected CPU variant for X86 using defaults: x86
07-04 16:50:09.607  2770  2770 W dex2oat : Mismatch between dex2oat instruction set features (ISA: X86 Feature string: smp,-ssse3,-sse4.1,-sse4.2,-avx,-avx2) and those of dex2oat executable (ISA: X86 Feature string: smp,ssse3,-sse4.1,-sse4.2,-avx,-avx2) for the command line:
07-04 16:50:09.607  2770  2770 W dex2oat : /system/bin/dex2oat --runtime-arg -classpath --runtime-arg  --debuggable --instruction-set=x86 --instruction-set-features=smp,ssse3,-sse4.1,-sse4.2,-avx,-avx2 --runtime-arg -Xrelocate --boot-image=/system/framework/boot.art --runtime-arg -Xms64m --runtime-arg -Xmx512m --instruction-set-variant=x86 --instruction-set-features=default --dex-file=/data/app/com.example.kelvinmudzimuirema.cartnbasket-2/split_lib_slice_0_apk.apk --oat-file=/data/dalvik-cache/x86/data@app@com.example.kelvinmudzimuirema.cartnbasket-2@split_lib_slice_0_apk.apk@classes.dex
07-04 16:50:09.609  2770  2770 E dex2oat : Failed to create oat file: /data/dalvik-cache/x86/data@app@com.example.kelvinmudzimuirema.cartnbasket-2@split_lib_slice_0_apk.apk@classes.dex: Permission denied
07-04 16:50:09.609  2770  2770 I dex2oat : dex2oat took 2.553ms (threads: 2) 
07-04 16:50:09.611  2751  2751 W art     : Failed execv(/system/bin/dex2oat --runtime-arg -classpath --runtime-arg  --debuggable --instruction-set=x86 --instruction-set-features=smp,ssse3,-sse4.1,-sse4.2,-avx,-avx2 --runtime-arg -Xrelocate --boot-image=/system/framework/boot.art --runtime-arg -Xms64m --runtime-arg -Xmx512m --instruction-set-variant=x86 --instruction-set-features=default --dex-file=/data/app/com.example.kelvinmudzimuirema.cartnbasket-2/split_lib_slice_0_apk.apk --oat-file=/data/dalvik-cache/x86/data@app@com.example.kelvinmudzimuirema.cartnbasket-2@split_lib_slice_0_apk.apk@classes.dex) because non-0 exit status
07-04 16:50:09.645  2772  2772 W dex2oat : Unexpected CPU variant for X86 using defaults: x86
07-04 16:50:09.645  2772  2772 W dex2oat : Mismatch between dex2oat instruction set features (ISA: X86 Feature string: smp,-ssse3,-sse4.1,-sse4.2,-avx,-avx2) and those of dex2oat executable (ISA: X86 Feature string: smp,ssse3,-sse4.1,-sse4.2,-avx,-avx2) for the command line:
07-04 16:50:09.645  2772  2772 W dex2oat : /system/bin/dex2oat --runtime-arg -classpath --runtime-arg  --debuggable --instruction-set=x86 --instruction-set-features=smp,ssse3,-sse4.1,-sse4.2,-avx,-avx2 --runtime-arg -Xrelocate --boot-image=/system/framework/boot.art --runtime-arg -Xms64m --runtime-arg -Xmx512m --instruction-set-variant=x86 --instruction-set-features=default --dex-file=/data/app/com.example.kelvinmudzimuirema.cartnbasket-2/split_lib_slice_1_apk.apk --oat-file=/data/dalvik-cache/x86/data@app@com.example.kelvinmudzimuirema.cartnbasket-2@split_lib_slice_1_apk.apk@classes.dex
07-04 16:50:09.645  2772  2772 E dex2oat : Failed to create oat file: /data/dalvik-cache/x86/data@app@com.example.kelvinmudzimuirema.cartnbasket-2@split_lib_slice_1_apk.apk@classes.dex: Permission denied
07-04 16:50:09.646  2772  2772 I dex2oat : dex2oat took 1.970ms (threads: 2) 
07-04 16:50:09.648  2751  2751 W art     : Failed execv(/system/bin/dex2oat --runtime-arg -classpath --runtime-arg  --debuggable --instruction-set=x86 --instruction-set-features=smp,ssse3,-sse4.1,-sse4.2,-avx,-avx2 --runtime-arg -Xrelocate --boot-image=/system/framework/boot.art --runtime-arg -Xms64m --runtime-arg -Xmx512m --instruction-set-variant=x86 --instruction-set-features=default --dex-file=/data/app/com.example.kelvinmudzimuirema.cartnbasket-2/split_lib_slice_1_apk.apk --oat-file=/data/dalvik-cache/x86/data@app@com.example.kelvinmudzimuirema.cartnbasket-2@split_lib_slice_1_apk.apk@classes.dex) because non-0 exit status
07-04 16:50:09.684  2774  2774 W dex2oat : Unexpected CPU variant for X86 using defaults: x86
07-04 16:50:09.684  2774  2774 W dex2oat : Mismatch between dex2oat instruction set features (ISA: X86 Feature string: smp,-ssse3,-sse4.1,-sse4.2,-avx,-avx2) and those of dex2oat executable (ISA: X86 Feature string: smp,ssse3,-sse4.1,-sse4.2,-avx,-avx2) for the command line:
07-04 16:50:09.684  2774  2774 W dex2oat : /system/bin/dex2oat --runtime-arg -classpath --runtime-arg  --debuggable --instruction-set=x86 --instruction-set-features=smp,ssse3,-sse4.1,-sse4.2,-avx,-avx2 --runtime-arg -Xrelocate --boot-image=/system/framework/boot.art --runtime-arg -Xms64m --runtime-arg -Xmx512m --instruction-set-variant=x86 --instruction-set-features=default --dex-file=/data/app/com.example.kelvinmudzimuirema.cartnbasket-2/split_lib_slice_2_apk.apk --oat-file=/data/dalvik-cache/x86/data@app@com.example.kelvinmudzimuirema.cartnbasket-2@split_lib_slice_2_apk.apk@classes.dex
07-04 16:50:09.684  2774  2774 E dex2oat : Failed to create oat file: /data/dalvik-cache/x86/data@app@com.example.kelvinmudzimuirema.cartnbasket-2@split_lib_slice_2_apk.apk@classes.dex: Permission denied
07-04 16:50:09.686  2774  2774 I dex2oat : dex2oat took 1.817ms (threads: 2) 
07-04 16:50:09.688  2751  2751 W art     : Failed execv(/system/bin/dex2oat --runtime-arg -classpath --runtime-arg  --debuggable --instruction-set=x86 --instruction-set-features=smp,ssse3,-sse4.1,-sse4.2,-avx,-avx2 --runtime-arg -Xrelocate --boot-image=/system/framework/boot.art --runtime-arg -Xms64m --runtime-arg -Xmx512m --instruction-set-variant=x86 --instruction-set-features=default --dex-file=/data/app/com.example.kelvinmudzimuirema.cartnbasket-2/split_lib_slice_2_apk.apk --oat-file=/data/dalvik-cache/x86/data@app@com.example.kelvinmudzimuirema.cartnbasket-2@split_lib_slice_2_apk.apk@classes.dex) because non-0 exit status
07-04 16:50:09.723  2776  2776 W dex2oat : Unexpected CPU variant for X86 using defaults: x86
07-04 16:50:09.723  2776  2776 W dex2oat : Mismatch between dex2oat instruction set features (ISA: X86 Feature string: smp,-ssse3,-sse4.1,-sse4.2,-avx,-avx2) and those of dex2oat executable (ISA: X86 Feature string: smp,ssse3,-sse4.1,-sse4.2,-avx,-avx2) for the command line:
07-04 16:50:09.723  2776  2776 W dex2oat : /system/bin/dex2oat --runtime-arg -classpath --runtime-arg  --debuggable --instruction-set=x86 --instruction-set-features=smp,ssse3,-sse4.1,-sse4.2,-avx,-avx2 --runtime-arg -Xrelocate --boot-image=/system/framework/boot.art --runtime-arg -Xms64m --runtime-arg -Xmx512m --instruction-set-variant=x86 --instruction-set-features=default --dex-file=/data/app/com.example.kelvinmudzimuirema.cartnbasket-2/split_lib_slice_3_apk.apk --oat-file=/data/dalvik-cache/x86/data@app@com.example.kelvinmudzimuirema.cartnbasket-2@split_lib_slice_3_apk.apk@classes.dex
07-04 16:50:09.723  2776  2776 E dex2oat : Failed to create oat file: /data/dalvik-cache/x86/data@app@com.example.kelvinmudzimuirema.cartnbasket-2@split_lib_slice_3_apk.apk@classes.dex: Permission denied
07-04 16:50:09.726  2776  2776 I dex2oat : dex2oat took 2.067ms (threads: 2) 
07-04 16:50:09.728  2751  2751 W art     : Failed execv(/system/bin/dex2oat --runtime-arg -classpath --runtime-arg  --debuggable --instruction-set=x86 --instruction-set-features=smp,ssse3,-sse4.1,-sse4.2,-avx,-avx2 --runtime-arg -Xrelocate --boot-image=/system/framework/boot.art --runtime-arg -Xms64m --runtime-arg -Xmx512m --instruction-set-variant=x86 --instruction-set-features=default --dex-file=/data/app/com.example.kelvinmudzimuirema.cartnbasket-2/split_lib_slice_3_apk.apk --oat-file=/data/dalvik-cache/x86/data@app@com.example.kelvinmudzimuirema.cartnbasket-2@split_lib_slice_3_apk.apk@classes.dex) because non-0 exit status
07-04 16:50:09.769  2778  2778 W dex2oat : Unexpected CPU variant for X86 using defaults: x86
07-04 16:50:09.770  2778  2778 W dex2oat : Mismatch between dex2oat instruction set features (ISA: X86 Feature string: smp,-ssse3,-sse4.1,-sse4.2,-avx,-avx2) and those of dex2oat executable (ISA: X86 Feature string: smp,ssse3,-sse4.1,-sse4.2,-avx,-avx2) for the command line:
07-04 16:50:09.770  2778  2778 W dex2oat : /system/bin/dex2oat --runtime-arg -classpath --runtime-arg  --debuggable --instruction-set=x86 --instruction-set-features=smp,ssse3,-sse4.1,-sse4.2,-avx,-avx2 --runtime-arg -Xrelocate --boot-image=/system/framework/boot.art --runtime-arg -Xms64m --runtime-arg -Xmx512m --instruction-set-variant=x86 --instruction-set-features=default --dex-file=/data/app/com.example.kelvinmudzimuirema.cartnbasket-2/split_lib_slice_4_apk.apk --oat-file=/data/dalvik-cache/x86/data@app@com.example.kelvinmudzimuirema.cartnbasket-2@split_lib_slice_4_apk.apk@classes.dex
07-04 16:50:09.771  2778  2778 E dex2oat : Failed to create oat file: /data/dalvik-cache/x86/data@app@com.example.kelvinmudzimuirema.cartnbasket-2@split_lib_slice_4_apk.apk@classes.dex: Permission denied
07-04 16:50:09.773  2778  2778 I dex2oat : dex2oat took 6.350ms (threads: 2) 
07-04 16:50:09.776  2751  2751 W art     : Failed execv(/system/bin/dex2oat --runtime-arg -classpath --runtime-arg  --debuggable --instruction-set=x86 --instruction-set-features=smp,ssse3,-sse4.1,-sse4.2,-avx,-avx2 --runtime-arg -Xrelocate --boot-image=/system/framework/boot.art --runtime-arg -Xms64m --runtime-arg -Xmx512m --instruction-set-variant=x86 --instruction-set-features=default --dex-file=/data/app/com.example.kelvinmudzimuirema.cartnbasket-2/split_lib_slice_4_apk.apk --oat-file=/data/dalvik-cache/x86/data@app@com.example.kelvinmudzimuirema.cartnbasket-2@split_lib_slice_4_apk.apk@classes.dex) because non-0 exit status
07-04 16:50:09.815  2780  2780 W dex2oat : Unexpected CPU variant for X86 using defaults: x86
07-04 16:50:09.816  2780  2780 W dex2oat : Mismatch between dex2oat instruction set features (ISA: X86 Feature string: smp,-ssse3,-sse4.1,-sse4.2,-avx,-avx2) and those of dex2oat executable (ISA: X86 Feature string: smp,ssse3,-sse4.1,-sse4.2,-avx,-avx2) for the command line:
