07-04 16:49:08.884  1733  1733 D NsdService: Network service discovery enabled true
07-04 16:49:08.889  1733  1733 I SystemServer: UpdateLock Service
07-04 16:49:08.893  1733  1733 I SystemServiceManager: Starting com.android.server.notification.NotificationManagerService
07-04 16:49:09.005  1733  1833 D WifiApConfigStore: 2G band allowed channels are:1,6,11
07-04 16:49:09.182  1733  1733 I SystemServiceManager: Starting com.android.server.storage.DeviceStorageMonitorService
07-04 16:49:09.186  1733  1733 I SystemServer: Location Manager
07-04 16:49:09.225  1733  1733 I SystemServer: Country Detector
07-04 16:49:09.231  1733  1733 I SystemServer: Search Service
07-04 16:49:09.238  1733  1733 I SystemServer: DropBox Service
07-04 16:49:09.242  1733  1733 I SystemServer: Wallpaper Service
07-04 16:49:09.322  1733  1733 I SystemServer: Audio Service
07-04 16:49:09.673  1374  1669 D PermissionCache: checking android.permission.MODIFY_AUDIO_SETTINGS for uid=1000 => granted (486 us)
07-04 16:49:09.716  1733  1733 W TelecomManager: Telecom Service not found.
07-04 16:49:09.720  1374  1667 E AudioFlinger: no wake lock to update!
07-04 16:49:09.755  1733  1733 I SystemServiceManager: Starting com.android.server.DockObserver
07-04 16:49:09.756  1733  1733 W DockObserver: This kernel does not have dock station support
07-04 16:49:09.758  1733  1733 I SystemServer: Wired Accessory Manager
07-04 16:49:09.761  1733  1733 W WiredAccessoryManager: This kernel does not have wired headset support
07-04 16:49:09.761  1733  1733 W WiredAccessoryManager: This kernel does not have usb audio support
07-04 16:49:09.761  1733  1733 W WiredAccessoryManager: This kernel does not have HDMI audio support
07-04 16:49:09.762  1733  1733 I SystemServiceManager: Starting com.android.server.midi.MidiService$Lifecycle
07-04 16:49:09.767  1733  1733 I SystemServiceManager: Starting com.android.server.usb.UsbService$Lifecycle
07-04 16:49:09.896  1733  1733 E UsbDeviceManager: failed to write to /sys/class/android_usb/android0/f_rndis/ethaddr
07-04 16:49:09.897  1733  1733 E UsbDeviceManagerJNI: could not open /dev/usb_accessory
07-04 16:49:09.902  1733  1733 I SystemServer: Serial Service
07-04 16:49:09.904  1733  1733 I SystemServiceManager: Starting com.android.server.twilight.TwilightService
07-04 16:49:09.909  1733  1733 I SystemServiceManager: Starting com.android.server.job.JobSchedulerService
07-04 16:49:09.948  1733  1733 I SystemServiceManager: Starting com.android.server.backup.BackupManagerService$Lifecycle
07-04 16:49:09.950  1733  1733 I SystemServiceManager: Starting com.android.server.appwidget.AppWidgetService
07-04 16:49:09.955  1733  1733 I SystemServiceManager: Starting com.android.server.voiceinteraction.VoiceInteractionManagerService
07-04 16:49:09.958  1374  1669 D PermissionCache: checking android.permission.CAPTURE_AUDIO_HOTWORD for uid=1000 => granted (604 us)
07-04 16:49:09.961  1733  1733 W SoundTriggerHelper: listModules status=0, # of modules=0
07-04 16:49:09.963  1733  1733 I SystemServer: DiskStats Service
07-04 16:49:09.965  1733  1733 I SystemServer: SamplingProfiler Service
07-04 16:49:09.974  1733  1733 I SystemServer: NetworkTimeUpdateService
07-04 16:49:09.975  1733  1733 I SystemServer: CommonTimeManagementService
07-04 16:49:09.978  1733  1733 I SystemServer: CertBlacklister
07-04 16:49:09.980  1733  1733 I SystemServiceManager: Starting com.android.server.dreams.DreamManagerService
07-04 16:49:09.985  1733  1733 I SystemServer: Assets Atlas Service
07-04 16:49:09.993  1733  1733 I SystemServiceManager: Starting com.android.server.print.PrintManagerService
07-04 16:49:09.995  1733  1845 D AssetAtlas: Loaded configuration: SliceMinArea (832x2048) flags=0x2 count=6
07-04 16:49:09.996  1260  1325 D gralloc_ranchu: gralloc_alloc: format 1 and usage 0x100 imply creation of host color buffer
07-04 16:49:10.044  1733  1845 D         : HostConnection::get() New Host Connection established 0xa119f640, tid 1845
07-04 16:49:10.054  1733  1733 I SystemServiceManager: Starting com.android.server.restrictions.RestrictionsManagerService
07-04 16:49:10.063  1733  1733 I SystemServiceManager: Starting com.android.server.media.MediaSessionService
07-04 16:49:10.139  1733  1733 I SystemServer: Media Router Service
07-04 16:49:10.143  1733  1733 I SystemServiceManager: Starting com.android.server.trust.TrustManagerService
07-04 16:49:10.145  1733  1733 I SystemServiceManager: Starting com.android.server.fingerprint.FingerprintService
07-04 16:49:10.165  1385  1385 D PermissionCache: checking android.permission.MANAGE_FINGERPRINT for uid=1000 => granted (1789 us)
07-04 16:49:10.165  1385  1385 V fingerprintd: nativeOpenHal()
07-04 16:49:10.185  1385  1385 D FingerprintHal: ----------------> fingerprint_open ----------------->
07-04 16:49:10.186  1385  1385 D FingerprintHal: ----------------> loadFingerprints ----------------->
07-04 16:49:10.186  1385  1385 E FingerprintHal: Could not load fingerprints from storage at /data/system/users/0/fpdata/emulator_fingerprint_storage.bin; it has not yet been created.
07-04 16:49:10.186  1385  1385 D FingerprintHal: ----------------> set_notify_callback ----------------->
07-04 16:49:10.187  1385  1385 D FingerprintHal: fingerprint callback notification set
07-04 16:49:10.187  1385  1385 V fingerprintd: fingerprint HAL successfully initialized
07-04 16:49:10.190  1385  1846 D FingerprintHal: ----------------> listenerFunction ----------------->
07-04 16:49:10.279  1385  1385 V fingerprintd: setActiveGroup(0, /data/system/users/0/fpdata, 27)
07-04 16:49:10.279  1385  1385 W FingerprintHal: Setting active finger group not implemented
07-04 16:49:10.279  1733  1845 D AssetAtlas: Rendered atlas in 223.62ms (6.17+217.46ms)
07-04 16:49:10.281  1733  1733 V FingerprintService: Fingerprint HAL id: -1222742016
07-04 16:49:10.281  1733  1733 I SystemServer: BackgroundDexOptService
07-04 16:49:10.287  1733  1733 I SystemServiceManager: Starting com.android.server.pm.LauncherAppsService
07-04 16:49:10.288  1733  1743 I art     : Background partial concurrent mark sweep GC freed 394(30KB) AllocSpace objects, 0(0B) LOS objects, 24% free, 12MB/16MB, paused 2.099ms total 201.214ms
07-04 16:49:10.289  1733  1733 I SystemServiceManager: Starting com.android.server.media.projection.MediaProjectionManagerService
07-04 16:49:10.332  1733  1733 I WindowManager: SAFE MODE not enabled
07-04 16:49:10.335  1733  1733 I SystemServiceManager: Starting com.android.server.MmsServiceBroker
07-04 16:49:10.807  1733  1733 E LockSettingsStorage: Cannot read file java.io.FileNotFoundException: /data/system/gatekeeper.password.key: open failed: ENOENT (No such file or directory)
07-04 16:49:10.808  1733  1733 E LockSettingsStorage: Cannot read file java.io.FileNotFoundException: /data/system/password.key: open failed: ENOENT (No such file or directory)
07-04 16:49:10.808  1733  1733 E LockSettingsStorage: Cannot read file java.io.FileNotFoundException: /data/system/gatekeeper.pattern.key: open failed: ENOENT (No such file or directory)
07-04 16:49:10.808  1733  1733 E LockSettingsStorage: Cannot read file java.io.FileNotFoundException: /data/system/gatekeeper.gesture.key: open failed: ENOENT (No such file or directory)
07-04 16:49:10.808  1733  1733 E LockSettingsStorage: Cannot read file java.io.FileNotFoundException: /data/system/gesture.key: open failed: ENOENT (No such file or directory)
07-04 16:49:10.808  1733  1733 I SystemServiceManager: Starting phase 480
07-04 16:49:10.833  1733  1733 I SystemServiceManager: Starting phase 500
07-04 16:49:10.908  1733  1733 I WifiService: WifiService starting up with Wi-Fi disabled
07-04 16:49:10.917  1733  1834 D WifiService: New client listening to asynchronous messages
07-04 16:49:10.920  1733  1733 I WifiScanningService: Registering wifiscanner
07-04 16:49:10.931  1733  1733 I RttService: Registering rttmanager
07-04 16:49:10.959  1733  1733 V BackupManagerService: No ancestral data
07-04 16:49:11.046  1733  1733 V KeyValueBackupJob: Scheduling k/v pass in 242 minutes
07-04 16:49:11.080  1733  1733 V BackupManagerService: Starting with transport com.google.android.gms/.backup.BackupTransportService
07-04 16:49:11.081  1733  1733 V BackupManagerService: Found transports: 2
07-04 16:49:11.089  1733  1733 I BackupManagerService: Found stale backup journal, scheduling
07-04 16:49:11.293  1733  1762 W KeyguardServiceDelegate: onScreenTurningOn(): no keyguard service!
07-04 16:49:11.420  1733  1733 I ActivityManager: System now ready
07-04 16:49:11.425  1733  1733 I SystemServer: Making services ready
07-04 16:49:11.425  1733  1733 I SystemServiceManager: Starting phase 550
07-04 16:49:11.431  1733  1821 D MountService: Thinking about reset, mSystemReady=true, mDaemonConnected=true
07-04 16:49:11.432  1733  1753 I ActivityManager: Force stopping com.android.providers.media appid=10006 user=-1: vold reset
07-04 16:49:11.432  1733  1821 D VoldConnector: SND -> {3 volume reset}
07-04 16:49:11.433  1247  1317 D vold    : Recognized experimental block major ID 253 as virtio-blk (emulator's virtual SD card device)
07-04 16:49:11.433  1247  1317 V vold    : /system/bin/sgdisk
07-04 16:49:11.433  1247  1317 V vold    :     --android-dump
07-04 16:49:11.433  1247  1317 V vold    :     /dev/block/vold/disk:253,64
07-04 16:49:11.434  1733  1822 D VoldConnector: RCV <- {651 emulated 7}
07-04 16:49:11.434  1733  1822 D VoldConnector: RCV <- {659 emulated}
07-04 16:49:11.434  1733  1822 D VoldConnector: RCV <- {650 emulated 2 "" ""}
07-04 16:49:11.435  1733  1822 D VoldConnector: RCV <- {651 emulated 0}
07-04 16:49:11.435  1733  1822 D VoldConnector: RCV <- {651 public:253,64 7}
07-04 16:49:11.435  1733  1822 D VoldConnector: RCV <- {659 public:253,64}
07-04 16:49:11.435  1733  1822 D VoldConnector: RCV <- {649 disk:253,64}
07-04 16:49:11.435  1733  1822 D VoldConnector: RCV <- {640 disk:253,64 5}
07-04 16:49:11.436  1733  1822 D VoldConnector: RCV <- {641 disk:253,64 104857600}
07-04 16:49:11.436  1733  1822 D VoldConnector: RCV <- {642 disk:253,64 Virtual}
07-04 16:49:11.436  1733  1822 D VoldConnector: RCV <- {644 disk:253,64 /sys//devices/pci0000:00/0000:00:07.0/virtio4/block/vde}
07-04 16:49:11.437  1733  1733 D UsbAlsaManager: Adding ALSA device AlsaDevice: [card: 0, device: 0, type: 1]
07-04 16:49:11.437  1733  1733 D UsbAlsaManager: Adding ALSA device AlsaDevice: [card: 0, device: 0, type: 2]
07-04 16:49:11.454  1247  1317 V vold    : DISK mbr
07-04 16:49:11.455  1247  1317 W vold    : disk:253,64 has unknown partition table; trying entire device
07-04 16:49:11.456  1247  1317 V vold    : /system/bin/blkid
07-04 16:49:11.456  1247  1317 V vold    :     -c
07-04 16:49:11.456  1247  1317 V vold    :     /dev/null
07-04 16:49:11.456  1247  1317 V vold    :     -s
07-04 16:49:11.456  1247  1317 V vold    :     TYPE
07-04 16:49:11.456  1247  1317 V vold    :     -s
07-04 16:49:11.456  1247  1317 V vold    :     UUID
07-04 16:49:11.456  1247  1317 V vold    :     -s
07-04 16:49:11.456  1247  1317 V vold    :     LABEL
07-04 16:49:11.456  1247  1317 V vold    :     /dev/block/vold/disk:253,64
07-04 16:49:11.474  1247  1317 V vold    : /dev/block/vold/disk:253,64: LABEL="SDCARD" UUID="13F4-4003" TYPE="vfat" 
07-04 16:49:11.475  1733  1822 D VoldConnector: RCV <- {650 public:253,64 0 "disk:253,64" ""}
07-04 16:49:11.475  1733  1822 D VoldConnector: RCV <- {651 public:253,64 0}
07-04 16:49:11.476  1733  1822 D VoldConnector: RCV <- {643 disk:253,64}
07-04 16:49:11.476  1733  1822 D VoldConnector: RCV <- {200 3 Command succeeded}
07-04 16:49:11.477  1733  1821 D VoldConnector: SND -> {4 volume user_added 0 0}
07-04 16:49:11.478  1733  1822 D VoldConnector: RCV <- {200 4 Command succeeded}
07-04 16:49:11.480  1733  1733 W MountService: No primary storage defined yet; hacking together a stub
07-04 16:49:11.482  1733  1733 I SystemServer: WebViewFactory preparation
07-04 16:49:11.486  1733  1755 V MountService: Found primary storage at VolumeInfo{emulated}:
07-04 16:49:11.486  1733  1755 V MountService:     type=EMULATED diskId=null partGuid=null mountFlags=0 mountUserId=-1 
07-04 16:49:11.486  1733  1755 V MountService:     state=UNMOUNTED 
07-04 16:49:11.486  1733  1755 V MountService:     fsType=null fsUuid=null fsLabel=null 
07-04 16:49:11.486  1733  1755 V MountService:     path=null internalPath=null 
07-04 16:49:11.487  1733  1821 D VoldConnector: SND -> {5 volume mount emulated 3 -1}
07-04 16:49:11.488  1247  1317 V vold    : Waiting for FUSE to spin up...
07-04 16:49:11.488  1733  1822 D VoldConnector: RCV <- {651 emulated 1}
07-04 16:49:11.489  1733  1822 D VoldConnector: RCV <- {656 emulated /data/media}
07-04 16:49:11.489  1733  1822 D VoldConnector: RCV <- {655 emulated /storage/emulated}
07-04 16:49:11.540  1733  1822 D VoldConnector: RCV <- {651 emulated 2}
07-04 16:49:11.541  1733  1822 D VoldConnector: RCV <- {200 5 Command succeeded}
07-04 16:49:11.542  1733  1821 D VoldConnector: SND -> {6 volume mount public:253,64 2 0}
07-04 16:49:11.542  1247  1317 V vold    : /system/bin/blkid
07-04 16:49:11.542  1247  1317 V vold    :     -c
07-04 16:49:11.542  1247  1317 V vold    :     /dev/null
07-04 16:49:11.542  1247  1317 V vold    :     -s
07-04 16:49:11.543  1247  1317 V vold    :     TYPE
07-04 16:49:11.543  1247  1317 V vold    :     -s
07-04 16:49:11.543  1247  1317 V vold    :     UUID
07-04 16:49:11.543  1247  1317 V vold    :     -s
07-04 16:49:11.543  1247  1317 V vold    :     LABEL
07-04 16:49:11.543  1247  1317 V vold    :     /dev/block/vold/public:253,64
07-04 16:49:11.543  1733  1822 D VoldConnector: RCV <- {651 public:253,64 1}
07-04 16:49:11.556  1733  1753 I Zygote  : Process: zygote socket opened, supported ABIS: x86
07-04 16:49:11.568  1247  1317 V vold    : /dev/block/vold/public:253,64: LABEL="SDCARD" UUID="13F4-4003" TYPE="vfat" 
07-04 16:49:11.568  1733  1753 I ActivityManager: Start proc 1871:com.android.externalstorage/u0a7 for broadcast com.android.externalstorage/.MountReceiver
07-04 16:49:11.569  1247  1317 V vold    : /system/bin/fsck_msdos
07-04 16:49:11.569  1247  1317 V vold    :     -p
07-04 16:49:11.569  1247  1317 V vold    :     -f
07-04 16:49:11.569  1247  1317 V vold    :     /dev/block/vold/public:253,64
07-04 16:49:11.570  1733  1822 D VoldConnector: RCV <- {652 public:253,64 vfat}
07-04 16:49:11.571  1733  1822 D VoldConnector: RCV <- {653 public:253,64 13F4-4003}
07-04 16:49:11.573  1733  1822 D VoldConnector: RCV <- {654 public:253,64 SDCARD}
07-04 16:49:11.578  1247  1317 I fsck_msdos: ** /dev/block/vold/public:253,64
07-04 16:49:11.580  1247  1317 I fsck_msdos: ** Phase 1 - Read and Compare FATs
07-04 16:49:11.587  1247  1317 I fsck_msdos: Attempting to allocate 794 KB for FAT
07-04 16:49:11.598  1733  1733 I ActivityManager: Start proc 1884:WebViewLoader-x86/1037 [android.webkit.WebViewFactory$RelroFileCreator] for 
07-04 16:49:11.618  1733  1733 I ActivityManager: Start proc 1897:com.android.systemui/u0a15 for service com.android.systemui/.SystemUIService
07-04 16:49:11.619  1884  1884 V WebViewFactory: RelroFileCreator (64bit = false),  32-bit lib: /system/app/webview/webview.apk!/lib/x86/libwebviewchromium.so, 64-bit lib: 
07-04 16:49:11.619  1733  1733 D NetworkManagement: enabling bandwidth control
07-04 16:49:11.665  1247  1317 I fsck_msdos: Attempting to allocate 794 KB for FAT
07-04 16:49:11.672  1733  1753 I ActivityManager: Start proc 1913:android.process.media/u0a6 for broadcast com.android.providers.media/.MtpReceiver
07-04 16:49:11.684  1897  1905 I art     : Debugger is no longer active
07-04 16:49:11.767  1897  1905 W art     : Suspending all threads took: 82.872ms
07-04 16:49:11.922  1247  1317 I fsck_msdos: ** Phase 2 - Check Cluster Chains
07-04 16:49:11.924  1370  1652 I iptables: iptables: No chain/target/match by that name.
07-04 16:49:11.924  1370  1652 I iptables: iptables terminated by exit(1)
07-04 16:49:11.925  1370  1652 E Netd    : exec() res=0, status=256 for /system/bin/iptables -w -F st_penalty_log 
07-04 16:49:11.931  1871  1871 W System  : ClassLoader referenced unknown path: /system/priv-app/ExternalStorageProvider/lib/x86
07-04 16:49:11.932  1247  1317 I fsck_msdos: ** Phase 3 - Checking Directories
07-04 16:49:11.937  1247  1317 I fsck_msdos: ** Phase 4 - Checking for Lost Files
07-04 16:49:11.937  1247  1317 I fsck_msdos: 14 files, 100789 free (201578 clusters)
07-04 16:49:11.942  1370  1652 I ip6tables: ip6tables: No chain/target/match by that name.
07-04 16:49:11.942  1370  1652 I ip6tables: ip6tables terminated by exit(1)
07-04 16:49:11.943  1370  1652 E Netd    : exec() res=0, status=256 for /system/bin/ip6tables -w -F st_penalty_log 
07-04 16:49:11.945  1871  1871 D ExternalStorage: After updating volumes, found 1 active roots
07-04 16:49:11.950  1871  1871 D ExternalStorage: After updating volumes, found 1 active roots
07-04 16:49:11.955  1370  1652 I iptables: iptables: No chain/target/match by that name.
07-04 16:49:11.955  1370  1652 I iptables: iptables terminated by exit(1)
07-04 16:49:11.956  1370  1652 E Netd    : exec() res=0, status=256 for /system/bin/iptables -w -F st_penalty_reject 
07-04 16:49:11.961  1913  1913 W System  : ClassLoader referenced unknown path: /system/priv-app/MediaProvider/lib/x86
07-04 16:49:11.965  1897  1897 W System  : ClassLoader referenced unknown path: /system/priv-app/SystemUI/lib/x86
07-04 16:49:11.965  1370  1652 I ip6tables: ip6tables: No chain/target/match by that name.
07-04 16:49:11.965  1370  1652 I ip6tables: ip6tables terminated by exit(1)
07-04 16:49:11.965  1370  1652 E Netd    : exec() res=0, status=256 for /system/bin/ip6tables -w -F st_penalty_reject 
07-04 16:49:11.972  1370  1652 I iptables: iptables: No chain/target/match by that name.
07-04 16:49:11.972  1370  1652 I iptables: iptables terminated by exit(1)
07-04 16:49:11.972  1370  1652 E Netd    : exec() res=0, status=256 for /system/bin/iptables -w -F st_clear_caught 
07-04 16:49:11.980  1370  1652 I ip6tables: ip6tables: No chain/target/match by that name.
07-04 16:49:11.980  1370  1652 I ip6tables: ip6tables terminated by exit(1)
07-04 16:49:11.980  1370  1652 E Netd    : exec() res=0, status=256 for /system/bin/ip6tables -w -F st_clear_caught 
07-04 16:49:11.986  1370  1652 I iptables: iptables: No chain/target/match by that name.
07-04 16:49:11.986  1370  1652 I iptables: iptables terminated by exit(1)
07-04 16:49:11.986  1370  1652 E Netd    : exec() res=0, status=256 for /system/bin/iptables -w -F st_clear_detect 
07-04 16:49:11.992  1370  1652 I ip6tables: ip6tables: No chain/target/match by that name.
07-04 16:49:11.993  1370  1652 I ip6tables: ip6tables terminated by exit(1)
07-04 16:49:11.993  1370  1652 E Netd    : exec() res=0, status=256 for /system/bin/ip6tables -w -F st_clear_detect 
07-04 16:49:11.999  1370  1652 I iptables: iptables: No chain/target/match by that name.
07-04 16:49:11.999  1370  1652 I iptables: iptables terminated by exit(1)
07-04 16:49:11.999  1370  1652 E Netd    : exec() res=0, status=256 for /system/bin/iptables -w -X st_penalty_log 
07-04 16:49:12.006  1370  1652 I ip6tables: ip6tables: No chain/target/match by that name.
07-04 16:49:12.006  1370  1652 I ip6tables: ip6tables terminated by exit(1)
07-04 16:49:12.007  1370  1652 E Netd    : exec() res=0, status=256 for /system/bin/ip6tables -w -X st_penalty_log 
07-04 16:49:12.014  1370  1652 I iptables: iptables: No chain/target/match by that name.
07-04 16:49:12.014  1370  1652 I iptables: iptables terminated by exit(1)
07-04 16:49:12.015  1370  1652 E Netd    : exec() res=0, status=256 for /system/bin/iptables -w -X st_penalty_reject 
07-04 16:49:12.024  1370  1652 I ip6tables: ip6tables: No chain/target/match by that name.
07-04 16:49:12.024  1370  1652 I ip6tables: ip6tables terminated by exit(1)
07-04 16:49:12.025  1370  1652 E Netd    : exec() res=0, status=256 for /system/bin/ip6tables -w -X st_penalty_reject 
07-04 16:49:12.032  1370  1652 I iptables: iptables: No chain/target/match by that name.
07-04 16:49:12.032  1370  1652 I iptables: iptables terminated by exit(1)
07-04 16:49:12.032  1370  1652 E Netd    : exec() res=0, status=256 for /system/bin/iptables -w -X st_clear_caught 
07-04 16:49:12.039  1247  1317 I Vold    : Filesystem check completed OK
07-04 16:49:12.040  1733  1822 D VoldConnector: RCV <- {656 public:253,64 /mnt/media_rw/13F4-4003}
07-04 16:49:12.041  1733  1822 D VoldConnector: RCV <- {655 public:253,64 /storage/13F4-4003}
07-04 16:49:12.042  1370  1652 I ip6tables: ip6tables: No chain/target/match by that name.
07-04 16:49:12.043  1370  1652 I ip6tables: ip6tables terminated by exit(1)
07-04 16:49:12.043  1370  1652 E Netd    : exec() res=0, status=256 for /system/bin/ip6tables -w -X st_clear_caught 
07-04 16:49:12.054  1370  1652 I iptables: iptables: No chain/target/match by that name.
07-04 16:49:12.054  1370  1652 I iptables: iptables terminated by exit(1)
07-04 16:49:12.054  1370  1652 E Netd    : exec() res=0, status=256 for /system/bin/iptables -w -X st_clear_detect 
07-04 16:49:12.058  1247  1317 V vold    : Waiting for FUSE to spin up...
07-04 16:49:12.064  1370  1652 I ip6tables: ip6tables: No chain/target/match by that name.
07-04 16:49:12.064  1370  1652 I ip6tables: ip6tables terminated by exit(1)
07-04 16:49:12.065  1370  1652 E Netd    : exec() res=0, status=256 for /system/bin/ip6tables -w -X st_clear_detect 
07-04 16:49:12.109  1733  1822 D VoldConnector: RCV <- {651 public:253,64 2}
07-04 16:49:12.109  1733  1822 D VoldConnector: RCV <- {200 6 Command succeeded}
07-04 16:49:12.112  1733  1821 E VoldConnector: NDC Command {6 volume mount public:253,64 2 0} took too long (570ms)
07-04 16:49:12.127  1871  1871 D ExternalStorage: After updating volumes, found 2 active roots
07-04 16:49:12.129  1871  1871 D ExternalStorage: After updating volumes, found 2 active roots
07-04 16:49:12.133  1871  1871 D ExternalStorage: After updating volumes, found 2 active roots
07-04 16:49:12.295  1733  1754 W WindowManager: Keyguard drawn timeout. Setting mKeyguardDrawComplete
07-04 16:49:12.343  1913  1913 W System  : ClassLoader referenced unknown path: /system/priv-app/DownloadProvider/lib/x86
07-04 16:49:12.423  1733  1733 D PermissionMonitor: Monitoring
07-04 16:49:12.428  1733  1733 D PermissionMonitor: Users: 1, Apps: 54
07-04 16:49:12.434  1733  1733 I SystemServiceManager: Starting phase 600
07-04 16:49:12.436  1733  1842 E BluetoothAdapter: Bluetooth binder is null
07-04 16:49:12.439  1733  1842 E BluetoothAdapter: Bluetooth binder is null
07-04 16:49:12.442  1733  1733 I BackupManagerService: Backup enabled => false
07-04 16:49:12.449  1374  1843 I AudioFlinger: systemReady
07-04 16:49:12.574  1733  1733 I ActivityManager: Start proc 2023:com.google.android.googlequicksearchbox:interactor/u0a16 for service com.google.android.googlequicksearchbox/com.google.android.voiceinteraction.GsaVoiceInteractionService
07-04 16:49:12.580  1733  1733 E InputMethodManagerService: Ignoring updateSystemUiLocked due to an invalid token. uid:1000 token:null
07-04 16:49:12.607  1733  1733 I ActivityManager: Start proc 2037:com.android.inputmethod.latin/u0a34 for service com.android.inputmethod.latin/.LatinIME
07-04 16:49:12.607  1733  1733 V InputMethodManagerService: Adding window token: android.os.Binder@6fb9ed9
07-04 16:49:13.648  1733  1752 D GpsLocationProvider: Reset GPS properties, previous size = 0
07-04 16:49:13.648  1733  1752 D GpsLocationProvider: GpsParamsResource: SUPL_HOST=supl.google.com
07-04 16:49:13.648  1733  1752 D GpsLocationProvider: GpsParamsResource: SUPL_PORT=7275
07-04 16:49:13.648  1733  1752 D GpsLocationProvider: GpsParamsResource: NTP_SERVER=north-america.pool.ntp.org
07-04 16:49:13.648  1733  1752 D GpsLocationProvider: GpsParamsResource: SUPL_VER=0x20000
07-04 16:49:13.649  1733  1752 D GpsLocationProvider: GpsParamsResource: SUPL_MODE=1
07-04 16:49:13.649  1733  1752 W GpsLocationProvider: Could not open GPS configuration file /etc/gps.conf
07-04 16:49:13.649  1733  1752 D GpsLocationProvider: GPS properties reloaded, size = 5
07-04 16:49:13.649  1733  1752 E GpsLocationProvider: no AGPS interface in set_agps_server
07-04 16:49:13.777  1733  1733 E FlpHardwareProvider: Error hw_get_module 'flp': -2
07-04 16:49:13.777  1733  1733 E LocationManagerService: FLP HAL not supported
07-04 16:49:13.782  1733  1733 E ActivityRecognitionHardware: Error hw_get_module: -2
07-04 16:49:13.783  1733  1733 E LocationManagerService: Hardware Activity-Recognition not supported.
07-04 16:49:13.801  1733  1753 I ActivityManager: Start proc 2057:com.google.android.gms.persistent/u0a8 for broadcast com.google.android.gms/.chimera.GmsIntentOperationService$PersistentTrustedReceiver
07-04 16:49:13.805  1733  1752 E GpsLocationProvider: no AGPS interface in set_agps_server
07-04 16:49:13.810  1733  1733 I CommonTimeManagementService: No common time service detected on this platform.  Common time services will be unavailable.
07-04 16:49:13.818  1733  1818 I InputReader: Reconfiguring input devices.  changes=0x00000020
07-04 16:49:13.819  1733  1818 I InputReader: Reconfiguring input devices.  changes=0x00000010
07-04 16:49:13.824  1733  1733 I MmsServiceBroker: Delay connecting to MmsService until an API is called
07-04 16:49:13.827  1733  1733 D MountService: onStartUser 0
07-04 16:49:13.827  1733  1733 D VoldConnector: SND -> {7 volume user_started 0}
07-04 16:49:13.832  1247  1317 D vold    : Linking /storage/emulated/0 to /mnt/user/0/primary
07-04 16:49:13.835  1733  1822 D VoldConnector: RCV <- {200 7 Command succeeded}
07-04 16:49:13.837  1733  1821 D MountService: Volume public:253,64 broadcasting mounted to UserHandle{0}
07-04 16:49:13.848  1733  1733 I ActivityManager: Start proc 2073:com.android.phone/1001 for added application com.android.phone
07-04 16:49:13.849  1733  1733 I ActivityManager: START u0 {act=android.intent.action.MAIN cat=[android.intent.category.HOME] flg=0x10000000 cmp=com.android.launcher3/.Launcher} from uid 0 on display 0
07-04 16:49:13.853  2057  2063 I art     : Debugger is no longer active
07-04 16:49:13.869  2057  2057 W System  : ClassLoader referenced unknown path: /system/priv-app/PrebuiltGmsCore/lib/x86
07-04 16:49:13.882  1733  1733 I ActivityManager: Start proc 2081:com.android.launcher3/u0a9 for activity com.android.launcher3/.Launcher
07-04 16:49:13.888  1733  1821 D MountService: Volume emulated broadcasting mounted to UserHandle{0}
07-04 16:49:13.889  1733  1733 I SystemServer: Enabled StrictMode for system server main thread.
07-04 16:49:13.932  1733  1752 I ActivityManager: Start proc 2098:com.android.printspooler/u0a45 for service com.android.printspooler/.model.PrintSpoolerService
07-04 16:49:13.949  1733  1733 D RttService: SCAN_AVAILABLE : 1
07-04 16:49:13.952  1733  1853 D RttService: DefaultState got{ when=-1ms what=160513 target=com.android.internal.util.StateMachine$SmHandler }
07-04 16:49:13.965  1733  2052 E WVMExtractor: Failed to open libwvm.so: dlopen failed: library "libwvm.so" not found
07-04 16:49:13.973  1733  1733 I Choreographer: Skipped 162 frames!  The application may be doing too much work on its main thread.
07-04 16:49:14.017  1733  1733 W System  : ClassLoader referenced unknown path: /system/priv-app/Telecom/lib/x86
07-04 16:49:14.023  2073  2073 W System  : ClassLoader referenced unknown path: /system/priv-app/TeleService/lib/x86
07-04 16:49:14.031  2081  2081 W System  : ClassLoader referenced unknown path: /system/priv-app/Launcher3/lib/x86
07-04 16:49:15.683  1374  1669 W OMXNodeInstance: [f:google.mpeg2.decoder] component does not support metadata mode; using fallback
07-04 16:49:15.823  1374  1669 W OMXNodeInstance: [10:google.mpeg4.decoder] component does not support metadata mode; using fallback
07-04 16:49:15.825  1374  1669 W OMXNodeInstance: [11:google.h263.decoder] component does not support metadata mode; using fallback
07-04 16:49:15.857  1374  1669 D SoftAVCDec: Number of CPU cores: 2
07-04 16:49:15.861  1374  1669 W OMXNodeInstance: [12:google.h264.decoder] component does not support metadata mode; using fallback
07-04 16:49:15.862  1374  1669 D SoftAVCDec: Number of CPU cores: 2
07-04 16:49:15.949  1374  1669 D SoftHEVC: Number of CPU cores: 2
07-04 16:49:15.990  1733  1760 W WindowManager: Window freeze timeout expired.
07-04 16:49:15.990  1733  1760 W WindowManager: Force clearing orientation change: Window{65e350f u0 KeyguardScrim}
07-04 16:49:16.264  1374  1669 D SoftHEVC: Initializing decoder
07-04 16:49:16.307  1374  1669 D SoftHEVC: Set number of cores to 2
07-04 16:49:16.307  1374  1669 D SoftHEVC: Ittiam decoder version number: @(#)Id:HEVCDEC_production Ver:04.04 Released by ITTIAM Build: Feb 15 2017 @ 19:54:43
07-04 16:49:16.308  1374  1669 W OMXNodeInstance: [13:google.hevc.decoder] component does not support metadata mode; using fallback
07-04 16:49:16.308  1374  1669 D SoftHEVC: Freeing codec memory
07-04 16:49:16.311  1374  1669 D SoftHEVC: Number of CPU cores: 2
07-04 16:49:16.311  1374  1669 D SoftHEVC: Initializing decoder
07-04 16:49:16.311  1374  1669 D SoftHEVC: Set number of cores to 2
07-04 16:49:16.311  1374  1669 D SoftHEVC: Ittiam decoder version number: @(#)Id:HEVCDEC_production Ver:04.04 Released by ITTIAM Build: Feb 15 2017 @ 19:54:43
07-04 16:49:16.312  1374  1669 D SoftHEVC: In SoftHEVC::~SoftHEVC
07-04 16:49:16.312  1374  1669 D SoftHEVC: Freeing codec memory
07-04 16:49:16.682  1374  1669 W OMXNodeInstance: [14:google.vp8.decoder] component does not support metadata mode; using fallback
07-04 16:49:16.687  1374  1669 W OMXNodeInstance: [15:google.vp9.decoder] component does not support metadata mode; using fallback
07-04 16:49:16.720  1374  1669 I SoftMPEG4Encoder: Construct SoftMPEG4Encoder
07-04 16:49:16.724  1374  1669 W ACodec  : do not know color format 0x7f000789 = 2130708361
07-04 16:49:16.953  1374  1669 W ACodec  : do not know color format 0x7f000789 = 2130708361
07-04 16:49:16.956  1374  1669 I SoftMPEG4Encoder: Construct SoftMPEG4Encoder
07-04 16:49:16.957  1374  1669 W ACodec  : do not know color format 0x7f000789 = 2130708361
07-04 16:49:17.001  1374  1669 W ACodec  : do not know color format 0x7f000789 = 2130708361
07-04 16:49:17.096  1374  1669 W MediaCodecList: unable to open media codecs configuration xml file: /data/misc/media/media_codecs_profiling_results.xml
07-04 16:49:17.099  1733  2116 I OMXClient: Using client-side OMX mux.
07-04 16:49:17.898  1897  1897 V SystemUIService: Starting SystemUI services.
07-04 16:49:17.925  1733  1733 E BluetoothAdapter: Bluetooth binder is null
07-04 16:49:17.961  1733  2178 I ActivityManager: Start proc 2179:android.process.acore/u0a2 for content provider com.android.providers.contacts/.CallLogProvider
07-04 16:49:18.003  1733  1733 E BluetoothAdapter: Bluetooth binder is null
07-04 16:49:18.012  1733  1733 I Telecom : Class: TelecomSystem.INSTANCE being set
07-04 16:49:18.014  1733  1733 E BluetoothAdapter: Bluetooth binder is null
07-04 16:49:18.127  2179  2179 W System  : ClassLoader referenced unknown path: /system/priv-app/ContactsProvider/lib/x86
07-04 16:49:18.167  1733  1733 D GpsNetInitiatedHandler: location enabled :true
07-04 16:49:18.167  1733  1733 V WiredAccessoryManager: init()
07-04 16:49:18.296  1733  1839 D NotificationSQLiteLog: Pruned event entries: 0
07-04 16:49:19.492  2037  2047 W art     : Suspending all threads took: 1.856s
07-04 16:49:19.839  1733  2218 I OMXClient: Using client-side OMX mux.
07-04 16:49:19.868  2073  2073 W System  : ClassLoader referenced unknown path: /system/priv-app/TelephonyProvider/lib/x86
07-04 16:49:20.499  1733  2221 I OMXClient: Using client-side OMX mux.
07-04 16:49:20.566  1260  1855 D PermissionCache: checking android.permission.HARDWARE_TEST for uid=1000 => granted (1080 us)
07-04 16:49:20.585  1733  1733 V BackupManagerService: Connected to transport ComponentInfo{android/com.android.internal.backup.LocalTransportService}
07-04 16:49:20.585  1733  1733 V BackupManagerService: Registering transport android/com.android.internal.backup.LocalTransportService::android/com.android.internal.backup.LocalTransport = android.app.backup.BackupTransport$TransportImpl@a8aecd5
07-04 16:49:20.588  1733  1733 I Choreographer: Skipped 394 frames!  The application may be doing too much work on its main thread.
07-04 16:49:20.590  1260  1323 D gralloc_ranchu: gralloc_alloc: format 1 and usage 0x933 imply creation of host color buffer
07-04 16:49:20.646  1733  1733 D         : HostConnection::get() New Host Connection established 0x9f8e6980, tid 1733
07-04 16:49:20.656  1733  2234 I OMXClient: Using client-side OMX mux.
07-04 16:49:21.466  1733  2239 I OMXClient: Using client-side OMX mux.
07-04 16:49:21.563  1733  2242 I OMXClient: Using client-side OMX mux.
07-04 16:49:21.624  1733  1753 I ActivityManager: Start proc 2245:com.android.music/u0a39 for broadcast com.android.music/.MediaButtonIntentReceiver
07-04 16:49:21.689  2245  2245 W System  : ClassLoader referenced unknown path: /system/app/Music/lib/x86
07-04 16:49:21.796  2073  2073 D TelephonyProvider: dbh.onOpen: ok, queried table=siminfo
07-04 16:49:21.797  2073  2073 D TelephonyProvider: dbh.onOpen: ok, queried table=carriers
07-04 16:49:22.277  2098  2098 I PrintSpoolerService: No existing print spooler state.
07-04 16:49:23.293  1884  1884 I art     : System.exit called, status: 0
07-04 16:49:23.294  1884  1884 I AndroidRuntime: VM exiting with result code 0, cleanup skipped.
07-04 16:49:23.948  1733  1753 V KeyguardServiceDelegate: *** Keyguard started
07-04 16:49:23.954  1733  1753 W KeyguardServiceDelegate: onScreenTurningOn(): no keyguard service!
07-04 16:49:24.142  2081  2081 V Launcher: LauncherAppState inited
07-04 16:49:24.145  1897  2268 E WVMExtractor: Failed to open libwvm.so: dlopen failed: library "libwvm.so" not found
07-04 16:49:24.163  1897  2271 I OMXClient: Using client-side OMX mux.
07-04 16:49:24.350  2037  2037 I LatinIME: Hardware accelerated drawing: true
07-04 16:49:24.956  1733  1754 W WindowManager: Keyguard drawn timeout. Setting mKeyguardDrawComplete
07-04 16:49:25.380  1897  2282 I OMXClient: Using client-side OMX mux.
07-04 16:49:25.477  2037  2037 W InputAttributes: No editor info for this field. Bug?
07-04 16:49:25.639  1733  1752 D GpsLocationProvider: received SIM related action: 
07-04 16:49:25.641  1733  1752 D GpsLocationProvider: SIM MCC/MNC is still not available
07-04 16:49:25.644  2073  2297 E DcSwitchStateMachine-0: DctController is not ready
07-04 16:49:25.649  1733  1835 E ConnectivityService: Failed to find Messenger in unregisterNetworkFactory
07-04 16:49:25.653  1733  1835 D ConnectivityService: Got NetworkFactory Messenger for Telephony
07-04 16:49:25.712  2081  2081 D Launcher.Model: Old launcher provider: content://com.android.launcher2.settings/favorites?notify=true
07-04 16:49:25.712  2081  2081 D Launcher.Model: Old launcher provider does not exist.
07-04 16:49:25.759  2073  2073 D CarrierConfigLoader: CarrierConfigLoader has started
07-04 16:49:25.761  2073  2073 E BluetoothAdapter: Bluetooth binder is null
07-04 16:49:26.292  1897  2306 I OMXClient: Using client-side OMX mux.
07-04 16:49:26.859  2037  2289 I LatinIME:LogUtils: Dictionary info: dictionary = contacts.en_US ; version = 1499160786 ; date = 1499160796
07-04 16:49:26.860  2037  2289 I LatinIME:LogUtils: Dictionary info: dictionary = userunigram.en_US ; version = 1499179766 ; date = ?
07-04 16:49:27.123  1897  1909 W art     : Suspending all threads took: 135.243ms
07-04 16:49:27.134  1897  1909 I art     : Background sticky concurrent mark sweep GC freed 5637(600KB) AllocSpace objects, 2(40KB) LOS objects, 20% free, 2MB/3MB, paused 136.492ms total 165.693ms
07-04 16:49:27.262  1897  1897 I vol.Events: writeEvent collection_started
07-04 16:49:27.273  1897  2313 I vol.Events: writeEvent external_ringer_mode_changed normal
07-04 16:49:27.273  1897  2313 I vol.Events: writeEvent internal_ringer_mode_changed normal
07-04 16:49:27.295  2073  2073 I Telephony: TtyManager: updateUiTtyMode -1 -> 0
07-04 16:49:27.314  1733  1752 D GpsLocationProvider: received SIM related action: 
07-04 16:49:27.325  1733  1752 D GpsLocationProvider: SIM MCC/MNC is still not available
07-04 16:49:27.337  1733  1940 D AlarmManagerService: Kernel timezone updated to -120 minutes west of GMT
07-04 16:49:27.341  1733  1938 D AlarmManagerService: Setting time of day to sec=1499179769
07-04 16:49:29.577  1733  1938 W AlarmManagerService: Unable to set rtc to 1499179769: No such device
07-04 16:49:29.773  2073  2073 D TelephonyDebugService: TelephonyDebugService()
07-04 16:49:29.902  2073  2073 D CarrierConfigLoader: mHandler: 12 phoneId: 0
07-04 16:49:30.015  2073  2073 E PhoneInterfaceManager: [PhoneIntfMgr] getIccId: No UICC
07-04 16:49:30.160  2179  2179 W System  : ClassLoader referenced unknown path: /system/app/UserDictionaryProvider/lib/x86
07-04 16:49:30.179  1733  1937 I Telecom : PhoneAccountRegistrar: New phone account registered: [[ ] PhoneAccount: ComponentInfo{com.android.phone/com.android.services.telephony.TelephonyConnectionService}, [e0184adedf913b076626646d3f52c3b49c39ad6d], UserHandle{0} Capabilities: 54 Schemes: tel voicemail ]
07-04 16:49:30.229  1897  2313 I vol.Events: writeEvent level_changed STREAM_ALARM 6
07-04 16:49:30.232  1897  2313 I vol.Events: writeEvent level_changed STREAM_BLUETOOTH_SCO 7
07-04 16:49:30.238  1897  2313 I vol.Events: writeEvent level_changed STREAM_MUSIC 11
07-04 16:49:30.250  1897  2313 I vol.Events: writeEvent level_changed STREAM_RING 5
07-04 16:49:30.252  1897  2313 I vol.Events: writeEvent level_changed STREAM_SYSTEM 5
07-04 16:49:30.270  1897  2313 I vol.Events: writeEvent level_changed STREAM_VOICE_CALL 4
07-04 16:49:30.284  1733  1937 I Telecom : : Sending phone-account intent as user
07-04 16:49:30.289  2073  2073 I Telephony: AccountEntry: Registered phoneAccount: [[ ] PhoneAccount: ComponentInfo{com.android.phone/com.android.services.telephony.TelephonyConnectionService}, [e0184adedf913b076626646d3f52c3b49c39ad6d], UserHandle{0} Capabilities: 54 Schemes: tel voicemail ] with handle: ComponentInfo{com.android.phone/com.android.services.telephony.TelephonyConnectionService}, [e0184adedf913b076626646d3f52c3b49c39ad6d], UserHandle{0}
07-04 16:49:30.332  2037  2289 I LatinIME:LogUtils: Dictionary info: dictionary = UserHistoryDictionary.en_US ; version = 1499171727 ; date = 1499171727
07-04 16:49:30.515  2073  2073 I Telephony: PstnIncomingCallNotifier: Registering: Handler (com.android.internal.telephony.gsm.GSMPhone) {abe2e5f}
07-04 16:49:30.522  2073  2073 I Telephony: TelecomAccountRegistry: Unregistering phone account ComponentInfo{com.android.phone/com.android.services.telephony.TelephonyConnectionService}, [e2f7d48dd2b5ca523e7313cf4ba0f6ea830b6281], UserHandle{0}.
07-04 16:49:30.573  1733  1938 W Telecom : : No account found for the calling user
07-04 16:49:31.091  1897  1897 D StorageNotification: Notifying about private volume: VolumeInfo{private}:
07-04 16:49:31.091  1897  1897 D StorageNotification:     type=PRIVATE diskId=null partGuid=null mountFlags=0 mountUserId=-1 
07-04 16:49:31.091  1897  1897 D StorageNotification:     state=MOUNTED 
07-04 16:49:31.091  1897  1897 D StorageNotification:     fsType=null fsUuid=null fsLabel=null 
07-04 16:49:31.091  1897  1897 D StorageNotification:     path=/data internalPath=null 
07-04 16:49:31.092  1897  1897 D StorageNotification: Notifying about public volume: VolumeInfo{public:253,64}:
07-04 16:49:31.092  1897  1897 D StorageNotification:     type=PUBLIC diskId=disk:253,64 partGuid=null mountFlags=VISIBLE 
07-04 16:49:31.092  1897  1897 D StorageNotification:     mountUserId=0 state=MOUNTED 
07-04 16:49:31.092  1897  1897 D StorageNotification:     fsType=vfat fsUuid=13F4-4003 fsLabel=SDCARD 
07-04 16:49:31.092  1897  1897 D StorageNotification:     path=/storage/13F4-4003 internalPath=/mnt/media_rw/13F4-4003 
07-04 16:49:31.124  1733  1752 D GpsLocationProvider: received SIM related action: 
07-04 16:49:31.127  1733  1752 D GpsLocationProvider: SIM MCC/MNC is still not available
07-04 16:49:31.137  2073  2073 D MccTable: updateMccMncConfiguration mccmnc='310260' fromServiceState=true
07-04 16:49:31.142  2073  2085 I art     : Background sticky concurrent mark sweep GC freed 19559(1954KB) AllocSpace objects, 7(136KB) LOS objects, 69% free, 1123KB/3MB, paused 4.450ms total 550.167ms
07-04 16:49:31.154  2073  2073 D MccTable: updateMccMncConfiguration defaultMccMnc=
07-04 16:49:31.154  2073  2073 D MccTable: updateMccMncConfiguration: mcc=310, mnc=260
07-04 16:49:31.155  2073  2073 D MccTable: WIFI_COUNTRY_CODE set to us
07-04 16:49:31.160  1733  1834 D WifiService: New client listening to asynchronous messages
07-04 16:49:31.163  1733  1939 I WifiService: WifiService trying to set country code to us with persist set to true
07-04 16:49:31.209  2037  2289 I LatinIME:LogUtils: Dictionary info: dictionary = main:en ; version = 54 ; date = 1414726273
07-04 16:49:31.218  1733  1854 V KeyValueBackupJob: Scheduling k/v pass in 249 minutes
07-04 16:49:31.219  1733  1854 I UsageStatsService: User[0] Flushing usage stats to disk
07-04 16:49:31.227  1733  1733 V KeyguardServiceDelegate: *** Keyguard connected (yay!)
07-04 16:49:31.267  2073  2073 I Telephony: PstnIncomingCallNotifier: Unregistering: Handler (com.android.internal.telephony.gsm.GSMPhone) {abe2e5f}
07-04 16:49:31.272  2073  2073 E PhoneInterfaceManager: [PhoneIntfMgr] getIccId: No UICC
07-04 16:49:31.279  1733  1939 I Telecom : PhoneAccountRegistrar: [ComponentInfo{com.android.phone/com.android.services.telephony.TelephonyConnectionService}, [e0184adedf913b076626646d3f52c3b49c39ad6d], UserHandle{0}(icon: Icon(typ=BITMAP size=50x63) -> Icon(typ=BITMAP size=50x63))]
07-04 16:49:31.319  1733  1939 I Telecom : : Sending phone-account intent as user
07-04 16:49:31.324  2073  2073 I Telephony: AccountEntry: Registered phoneAccount: [[ ] PhoneAccount: ComponentInfo{com.android.phone/com.android.services.telephony.TelephonyConnectionService}, [e0184adedf913b076626646d3f52c3b49c39ad6d], UserHandle{0} Capabilities: 54 Schemes: tel voicemail ] with handle: ComponentInfo{com.android.phone/com.android.services.telephony.TelephonyConnectionService}, [e0184adedf913b076626646d3f52c3b49c39ad6d], UserHandle{0}
07-04 16:49:31.324  2073  2073 I Telephony: PstnIncomingCallNotifier: Registering: Handler (com.android.internal.telephony.gsm.GSMPhone) {abe2e5f}
07-04 16:49:31.329  1733  1940 W Telecom : : No account found for the calling user
07-04 16:49:31.363  1733  1854 I UsageStatsDatabase: Time changed by +2s235ms. files deleted: 0 files moved: 5
07-04 16:49:31.370  2073  2297 E DcSwitchStateMachine-0: EVENT_DATA_DISALLOWED failed, com.android.internal.telephony.CommandException: REQUEST_NOT_SUPPORTED
07-04 16:49:31.420  1733  1752 D GpsLocationProvider: received SIM related action: 
07-04 16:49:31.426  1733  1854 I UsageStatsService: User[0] Rollover scheduled @ 2017-07-05 02:00:00(1499212800000)
07-04 16:49:31.434  1733  1752 D GpsLocationProvider: SIM MCC/MNC is still not available
07-04 16:49:31.487  2073  2297 E DcSwitchStateMachine-0: EVENT_DATA_DISALLOWED failed, com.android.internal.telephony.CommandException: REQUEST_NOT_SUPPORTED
07-04 16:49:31.488  1733  1752 D GpsLocationProvider: received SIM related action: 
07-04 16:49:31.511  1733  1752 D GpsLocationProvider: SIM MCC/MNC is still not available
07-04 16:49:31.515  2073  2073 D MccTable: updateMccMncConfiguration mccmnc='310260' fromServiceState=false
07-04 16:49:31.517  2073  2073 D MccTable: updateMccMncConfiguration defaultMccMnc=
07-04 16:49:31.517  2073  2073 D MccTable: updateMccMncConfiguration: mcc=310, mnc=260
07-04 16:49:31.517  2073  2073 D MccTable: updateMccMncConfiguration updateConfig config={1.0 310mcc260mnc ?locale ?layoutDir ?swdp ?wdp ?hdp ?density ?lsize ?long ?orien ?uimode ?night ?touch ?keyb/?/? ?nav/?}
07-04 16:49:31.517  1733  1937 I ActivityManager: Config changes=3 {1.0 310mcc260mnc en_US ldltr sw411dp w411dp h659dp 420dpi nrml port finger -keyb/v/h dpad/v s.5}
07-04 16:49:31.546  1260  1323 D PermissionCache: checking android.permission.READ_FRAME_BUFFER for uid=1000 => granted (1682 us)
07-04 16:49:31.551  1260  1323 D gralloc_ranchu: gralloc_alloc: format 1 and usage 0xb33 imply creation of host color buffer
07-04 16:49:31.610  1260  1260 E EGL_emulation: tid 1260: eglCreateSyncKHR(1660): error 0x3004 (EGL_BAD_ATTRIBUTE)
07-04 16:49:31.690  1733  1752 D GpsLocationProvider: received SIM related action: 
07-04 16:49:31.697  1733  1752 D GpsLocationProvider: SIM MCC/MNC is still not available
07-04 16:49:31.702  2073  2073 I Telephony: PstnIncomingCallNotifier: Unregistering: Handler (com.android.internal.telephony.gsm.GSMPhone) {abe2e5f}
07-04 16:49:31.704  2073  2073 E PhoneInterfaceManager: [PhoneIntfMgr] getIccId: No UICC
07-04 16:49:31.710  1733  2337 I Telecom : PhoneAccountRegistrar: [ComponentInfo{com.android.phone/com.android.services.telephony.TelephonyConnectionService}, [e0184adedf913b076626646d3f52c3b49c39ad6d], UserHandle{0}(addr: tel:*********** -> tel:)(icon: Icon(typ=BITMAP size=50x63) -> Icon(typ=BITMAP size=50x63))(subAddr: tel:*********** -> tel:)]
07-04 16:49:31.724  1733  2337 I Telecom : : Sending phone-account intent as user
07-04 16:49:31.728  2073  2073 I Telephony: AccountEntry: Registered phoneAccount: [[ ] PhoneAccount: ComponentInfo{com.android.phone/com.android.services.telephony.TelephonyConnectionService}, [e0184adedf913b076626646d3f52c3b49c39ad6d], UserHandle{0} Capabilities: 54 Schemes: tel voicemail ] with handle: ComponentInfo{com.android.phone/com.android.services.telephony.TelephonyConnectionService}, [e0184adedf913b076626646d3f52c3b49c39ad6d], UserHandle{0}
07-04 16:49:31.729  2073  2073 I Telephony: PstnIncomingCallNotifier: Registering: Handler (com.android.internal.telephony.gsm.GSMPhone) {abe2e5f}
07-04 16:49:31.737  1733  1937 W Telecom : : No account found for the calling user
07-04 16:49:31.749  1733  1752 D GpsLocationProvider: received SIM related action: 
07-04 16:49:31.752  1733  1752 D GpsLocationProvider: SIM MCC/MNC is still not available
07-04 16:49:31.792  2073  2073 D TelephonyProvider: subIdString = -2 subId = -2
07-04 16:49:31.883  2073  2073 I Telephony: PstnIncomingCallNotifier: Unregistering: Handler (com.android.internal.telephony.gsm.GSMPhone) {abe2e5f}
07-04 16:49:31.888  2073  2073 E PhoneInterfaceManager: [PhoneIntfMgr] getIccId: No UICC
07-04 16:49:31.891  1733  1940 I Telecom : PhoneAccountRegistrar: [ComponentInfo{com.android.phone/com.android.services.telephony.TelephonyConnectionService}, [e0184adedf913b076626646d3f52c3b49c39ad6d], UserHandle{0}(icon: Icon(typ=BITMAP size=50x63) -> Icon(typ=BITMAP size=50x63))]
07-04 16:49:31.906  1733  1940 I Telecom : : Sending phone-account intent as user
07-04 16:49:31.908  2073  2073 I Telephony: AccountEntry: Registered phoneAccount: [[ ] PhoneAccount: ComponentInfo{com.android.phone/com.android.services.telephony.TelephonyConnectionService}, [e0184adedf913b076626646d3f52c3b49c39ad6d], UserHandle{0} Capabilities: 54 Schemes: tel voicemail ] with handle: ComponentInfo{com.android.phone/com.android.services.telephony.TelephonyConnectionService}, [e0184adedf913b076626646d3f52c3b49c39ad6d], UserHandle{0}
07-04 16:49:31.909  2073  2073 I Telephony: PstnIncomingCallNotifier: Registering: Handler (com.android.internal.telephony.gsm.GSMPhone) {abe2e5f}
07-04 16:49:31.915  1733  1939 W Telecom : : No account found for the calling user
07-04 16:49:31.929  2073  2297 E DcSwitchStateMachine-0: EVENT_DATA_DISALLOWED failed, com.android.internal.telephony.CommandException: REQUEST_NOT_SUPPORTED
07-04 16:49:31.951  2073  2073 D MccTable: updateMccMncConfiguration mccmnc='310260' fromServiceState=false
07-04 16:49:31.951  2073  2073 D MccTable: updateMccMncConfiguration defaultMccMnc=310260
07-04 16:49:31.951  2073  2073 D MccTable: updateMccMncConfiguration: mcc=310, mnc=260
07-04 16:49:31.952  2073  2073 D MccTable: updateMccMncConfiguration updateConfig config={1.0 310mcc260mnc ?locale ?layoutDir ?swdp ?wdp ?hdp ?density ?lsize ?long ?orien ?uimode ?night ?touch ?keyb/?/? ?nav/?}
07-04 16:49:32.091  1733  1752 D GpsLocationProvider: received SIM related action: 
07-04 16:49:32.091  2073  2073 D MccTable: updateMccMncConfiguration mccmnc='310260' fromServiceState=false
07-04 16:49:32.094  1733  1752 D GpsLocationProvider: SIM MCC/MNC is available: 310260
07-04 16:49:32.094  1733  1752 D GpsLocationProvider: Reset GPS properties, previous size = 5
07-04 16:49:32.094  1733  1752 D GpsLocationProvider: GpsParamsResource: SUPL_HOST=supl.google.com
07-04 16:49:32.094  1733  1752 D GpsLocationProvider: GpsParamsResource: SUPL_PORT=7275
07-04 16:49:32.094  1733  1752 D GpsLocationProvider: GpsParamsResource: NTP_SERVER=north-america.pool.ntp.org
07-04 16:49:32.094  1733  1752 D GpsLocationProvider: GpsParamsResource: SUPL_VER=0x20000
07-04 16:49:32.094  1733  1752 D GpsLocationProvider: GpsParamsResource: SUPL_MODE=1
07-04 16:49:32.096  2073  2073 D MccTable: updateMccMncConfiguration defaultMccMnc=310260
07-04 16:49:32.096  1733  1752 W GpsLocationProvider: Could not open GPS configuration file /etc/gps.conf
07-04 16:49:32.096  2073  2073 D MccTable: updateMccMncConfiguration: mcc=310, mnc=260
07-04 16:49:32.096  1733  1752 D GpsLocationProvider: GPS properties reloaded, size = 5
07-04 16:49:32.096  1733  1752 E GpsLocationProvider: no AGPS interface in set_agps_server
