07-04 16:48:40.786  1377  1377 I Zygote  : System server process 1733 has been created
07-04 16:48:40.791  1377  1377 I Zygote  : Accepting command socket connections
07-04 16:48:40.973  1733  1733 I InstallerConnection: connecting...
07-04 16:48:40.976  1375  1375 I installd: new connection
07-04 16:48:41.637  1733  1733 I InstallerConnection: disconnecting...
07-04 16:48:41.638  1375  1375 E installd: eof
07-04 16:48:41.638  1375  1375 E installd: failed to read size
07-04 16:48:41.638  1375  1375 I installd: closing connection
07-04 16:48:42.364  1733  1733 I SystemServer: Entered the Android system server!
07-04 16:48:43.077  1733  1733 I SystemServiceManager: Starting com.android.server.pm.Installer
07-04 16:48:43.165  1733  1733 I Installer: Waiting for installd to be ready.
07-04 16:48:43.165  1733  1733 I InstallerConnection: connecting...
07-04 16:48:43.167  1375  1375 I installd: new connection
07-04 16:48:43.167  1733  1733 I SystemServiceManager: Starting com.android.server.am.ActivityManagerService$Lifecycle
07-04 16:48:43.738  1733  1733 I ActivityManager: Memory class: 384
07-04 16:48:43.742  1733  1753 I ServiceThread: Enabled StrictMode logging for ActivityManager looper.
07-04 16:48:43.747  1733  1754 I ServiceThread: Enabled StrictMode logging for android.ui looper.
07-04 16:48:44.078  1733  1733 D BatteryStatsImpl: Reading daily items from /data/system/batterystats-daily.xml
07-04 16:48:44.449  1733  1733 I IntentFirewall: Read new rules (A:0 B:0 S:0)
07-04 16:48:44.524  1733  1760 I ServiceThread: Enabled StrictMode logging for android.display looper.
07-04 16:48:44.549  1733  1733 D AppOps  : AppOpsService published
07-04 16:48:44.550  1733  1733 I SystemServiceManager: Starting com.android.server.power.PowerManagerService
07-04 16:48:44.648  1733  1762 I ServiceThread: Enabled StrictMode logging for PowerManagerService looper.
07-04 16:48:44.668  1733  1733 E PowerManagerService-JNI: Couldn't load power module (No such file or directory)
07-04 16:48:44.668  1733  1733 W libsuspend: Error writing 'on' to /sys/power/state: Invalid argument
07-04 16:48:44.669  1733  1733 I libsuspend: Selected wakeup count
07-04 16:48:44.672  1733  1733 I SystemServiceManager: Starting com.android.server.lights.LightsService
07-04 16:48:44.702  1733  1733 I SystemServiceManager: Starting com.android.server.display.DisplayManagerService
07-04 16:48:44.711  1733  1733 I SystemServiceManager: Starting phase 100
07-04 16:48:44.807  1260  1379 E SurfaceFlinger: ro.sf.lcd_density must be defined as a build property
07-04 16:48:44.812  1733  1760 I DisplayManagerService: Display device added: DisplayDeviceInfo{"Built-in Screen": uniqueId="local:0", 1080 x 1920, modeId 1, defaultModeId 1, supportedModes [{id=1, width=1080, height=1920, fps=60.000004}], density 420, 420.0 x 420.0 dpi, appVsyncOff 0, presDeadline 17666666, touch INTERNAL, rotation 0, type BUILT_IN, state UNKNOWN, FLAG_DEFAULT_DISPLAY, FLAG_ROTATES_WITH_CONTENT, FLAG_SECURE, FLAG_SUPPORTS_PROTECTED_BUFFERS}
07-04 16:48:44.813  1260  1260 D SurfaceFlinger: Set power mode=2, type=0 flinger=0xb7022000
07-04 16:48:44.813  1260  1260 D SurfaceFlinger: Screen type=0 is already mode=2
07-04 16:48:44.814  1733  1760 I DisplayManagerService: Display device changed state: "Built-in Screen", ON
07-04 16:48:44.815  1733  1733 I SystemServer: Package Manager
07-04 16:48:45.209  1733  1733 W SystemConfig: No directory /system/etc/sysconfig, skipping
07-04 16:48:45.406  1733  1733 D SELinuxMMAC: Using policy file /system/etc/security/mac_permissions.xml
07-04 16:48:46.266  1733  1743 I art     : Background sticky concurrent mark sweep GC freed 16368(1408KB) AllocSpace objects, 18(360KB) LOS objects, 47% free, 1927KB/3MB, paused 1.111ms total 418.220ms
07-04 16:48:46.646  1733  1733 E art     : DexFile_getDexOptNeeded file '/system/framework/org.apache.http.legacy.jar' does not exist
07-04 16:48:46.646  1733  1733 W PackageManager: Library not found: /system/framework/org.apache.http.legacy.jar
07-04 16:48:46.896  1733  1733 D PackageManager: No files in app dir /vendor/overlay
07-04 16:48:47.147  1733  1733 W PackageManager: Failed to parse /system/framework/oat: Missing base APK in /system/framework/oat
07-04 16:48:47.147  1733  1733 W PackageManager: Failed to parse /system/framework/x86: Missing base APK in /system/framework/x86
07-04 16:48:47.886  1733  1733 W PackageParser: No actions in intent filter at /system/priv-app/Contacts/Contacts.apk Binary XML file line #388
07-04 16:48:48.748  1733  1733 W PackageParser: No actions in intent filter at /system/priv-app/Dialer/Dialer.apk Binary XML file line #172
07-04 16:48:48.888  1733  1733 W PackageManager: Permission android.permission.DOWNLOAD_WITHOUT_NOTIFICATION from package com.android.providers.downloads in an unknown group android.permission-group.NETWORK
07-04 16:48:49.891  1733  1733 W PackageManager: Permission com.google.android.googleapps.permission.GOOGLE_AUTH from package com.google.android.gsf in an unknown group android.permission-group.ACCOUNTS
07-04 16:48:49.891  1733  1733 W PackageManager: Permission com.google.android.googleapps.permission.GOOGLE_AUTH.ALL_SERVICES from package com.google.android.gsf in an unknown group android.permission-group.ACCOUNTS
07-04 16:48:49.891  1733  1733 W PackageManager: Permission com.google.android.googleapps.permission.GOOGLE_AUTH.OTHER_SERVICES from package com.google.android.gsf in an unknown group android.permission-group.ACCOUNTS
07-04 16:48:49.892  1733  1733 W PackageManager: Permission com.google.android.googleapps.permission.GOOGLE_AUTH.mail from package com.google.android.gsf in an unknown group android.permission-group.ACCOUNTS
07-04 16:48:49.892  1733  1733 W PackageManager: Permission com.google.android.googleapps.permission.GOOGLE_AUTH.cl from package com.google.android.gsf in an unknown group android.permission-group.ACCOUNTS
07-04 16:48:49.892  1733  1733 W PackageManager: Permission com.google.android.googleapps.permission.GOOGLE_AUTH.android from package com.google.android.gsf in an unknown group android.permission-group.ACCOUNTS
07-04 16:48:49.892  1733  1733 W PackageManager: Permission com.google.android.googleapps.permission.GOOGLE_AUTH.androidsecure from package com.google.android.gsf in an unknown group android.permission-group.ACCOUNTS
07-04 16:48:49.892  1733  1733 W PackageManager: Permission com.google.android.googleapps.permission.GOOGLE_AUTH.sierra from package com.google.android.gsf in an unknown group android.permission-group.ACCOUNTS
07-04 16:48:49.892  1733  1733 W PackageManager: Permission com.google.android.googleapps.permission.GOOGLE_AUTH.sierraqa from package com.google.android.gsf in an unknown group android.permission-group.ACCOUNTS
07-04 16:48:49.892  1733  1733 W PackageManager: Permission com.google.android.googleapps.permission.GOOGLE_AUTH.sierrasandbox from package com.google.android.gsf in an unknown group android.permission-group.ACCOUNTS
07-04 16:48:49.892  1733  1733 W PackageManager: Permission com.google.android.googleapps.permission.GOOGLE_AUTH.youtube from package com.google.android.gsf in an unknown group android.permission-group.ACCOUNTS
07-04 16:48:49.892  1733  1733 W PackageManager: Permission com.google.android.googleapps.permission.GOOGLE_AUTH.YouTubeUser from package com.google.android.gsf in an unknown group android.permission-group.ACCOUNTS
07-04 16:48:49.892  1733  1733 W PackageManager: Permission com.google.android.googleapps.permission.GOOGLE_AUTH.talk from package com.google.android.gsf in an unknown group android.permission-group.ACCOUNTS
07-04 16:48:49.892  1733  1733 W PackageManager: Permission com.google.android.googleapps.permission.GOOGLE_AUTH.ig from package com.google.android.gsf in an unknown group android.permission-group.ACCOUNTS
07-04 16:48:49.892  1733  1733 W PackageManager: Permission com.google.android.googleapps.permission.GOOGLE_AUTH.lh2 from package com.google.android.gsf in an unknown group android.permission-group.ACCOUNTS
07-04 16:48:49.893  1733  1733 W PackageManager: Permission com.google.android.googleapps.permission.GOOGLE_AUTH.mobile from package com.google.android.gsf in an unknown group android.permission-group.ACCOUNTS
07-04 16:48:49.893  1733  1733 W PackageManager: Permission com.google.android.googleapps.permission.GOOGLE_AUTH.cp from package com.google.android.gsf in an unknown group android.permission-group.ACCOUNTS
07-04 16:48:49.893  1733  1733 W PackageManager: Permission com.google.android.googleapps.permission.GOOGLE_AUTH.adsense from package com.google.android.gsf in an unknown group android.permission-group.ACCOUNTS
07-04 16:48:49.893  1733  1733 W PackageManager: Permission com.google.android.googleapps.permission.GOOGLE_AUTH.adwords from package com.google.android.gsf in an unknown group android.permission-group.ACCOUNTS
07-04 16:48:49.893  1733  1733 W PackageManager: Permission com.google.android.googleapps.permission.GOOGLE_AUTH.blogger from package com.google.android.gsf in an unknown group android.permission-group.ACCOUNTS
07-04 16:48:49.893  1733  1733 W PackageManager: Permission com.google.android.googleapps.permission.GOOGLE_AUTH.dodgeball from package com.google.android.gsf in an unknown group android.permission-group.ACCOUNTS
07-04 16:48:49.893  1733  1733 W PackageManager: Permission com.google.android.googleapps.permission.GOOGLE_AUTH.gbase from package com.google.android.gsf in an unknown group android.permission-group.ACCOUNTS
07-04 16:48:49.893  1733  1733 W PackageManager: Permission com.google.android.googleapps.permission.GOOGLE_AUTH.groups2 from package com.google.android.gsf in an unknown group android.permission-group.ACCOUNTS
07-04 16:48:49.893  1733  1733 W PackageManager: Permission com.google.android.googleapps.permission.GOOGLE_AUTH.health from package com.google.android.gsf in an unknown group android.permission-group.ACCOUNTS
07-04 16:48:49.893  1733  1733 W PackageManager: Permission com.google.android.googleapps.permission.GOOGLE_AUTH.jotspot from package com.google.android.gsf in an unknown group android.permission-group.ACCOUNTS
07-04 16:48:49.893  1733  1733 W PackageManager: Permission com.google.android.googleapps.permission.GOOGLE_AUTH.knol from package com.google.android.gsf in an unknown group android.permission-group.ACCOUNTS
07-04 16:48:49.893  1733  1733 W PackageManager: Permission com.google.android.googleapps.permission.GOOGLE_AUTH.news from package com.google.android.gsf in an unknown group android.permission-group.ACCOUNTS
07-04 16:48:49.894  1733  1733 W PackageManager: Permission com.google.android.googleapps.permission.GOOGLE_AUTH.orkut from package com.google.android.gsf in an unknown group android.permission-group.ACCOUNTS
07-04 16:48:49.894  1733  1733 W PackageManager: Permission com.google.android.googleapps.permission.GOOGLE_AUTH.print from package com.google.android.gsf in an unknown group android.permission-group.ACCOUNTS
07-04 16:48:49.894  1733  1733 W PackageManager: Permission com.google.android.googleapps.permission.GOOGLE_AUTH.sitemaps from package com.google.android.gsf in an unknown group android.permission-group.ACCOUNTS
07-04 16:48:49.894  1733  1733 W PackageManager: Permission com.google.android.googleapps.permission.GOOGLE_AUTH.wifi from package com.google.android.gsf in an unknown group android.permission-group.ACCOUNTS
07-04 16:48:49.894  1733  1733 W PackageManager: Permission com.google.android.googleapps.permission.GOOGLE_AUTH.finance from package com.google.android.gsf in an unknown group android.permission-group.ACCOUNTS
07-04 16:48:49.894  1733  1733 W PackageManager: Permission com.google.android.googleapps.permission.GOOGLE_AUTH.local from package com.google.android.gsf in an unknown group android.permission-group.ACCOUNTS
07-04 16:48:49.894  1733  1733 W PackageManager: Permission com.google.android.googleapps.permission.GOOGLE_AUTH.ah from package com.google.android.gsf in an unknown group android.permission-group.ACCOUNTS
07-04 16:48:49.894  1733  1733 W PackageManager: Permission com.google.android.googleapps.permission.GOOGLE_AUTH.notebook from package com.google.android.gsf in an unknown group android.permission-group.ACCOUNTS
07-04 16:48:49.894  1733  1733 W PackageManager: Permission com.google.android.googleapps.permission.GOOGLE_AUTH.writely from package com.google.android.gsf in an unknown group android.permission-group.ACCOUNTS
07-04 16:48:49.894  1733  1733 W PackageManager: Permission com.google.android.googleapps.permission.GOOGLE_AUTH.wise from package com.google.android.gsf in an unknown group android.permission-group.ACCOUNTS
07-04 16:48:49.894  1733  1733 W PackageManager: Permission com.google.android.googleapps.permission.GOOGLE_AUTH.grandcentral from package com.google.android.gsf in an unknown group android.permission-group.ACCOUNTS
07-04 16:48:49.894  1733  1733 W PackageManager: Permission com.google.android.googleapps.permission.GOOGLE_AUTH.speechpersonalization from package com.google.android.gsf in an unknown group android.permission-group.ACCOUNTS
07-04 16:48:49.895  1733  1733 W PackageManager: Permission com.google.android.googleapps.permission.GOOGLE_AUTH.speech from package com.google.android.gsf in an unknown group android.permission-group.ACCOUNTS
07-04 16:48:49.895  1733  1733 W PackageManager: Permission com.google.android.providers.talk.permission.READ_ONLY from package com.google.android.gsf in an unknown group android.permission-group.MESSAGES
07-04 16:48:49.895  1733  1733 W PackageManager: Permission com.google.android.providers.talk.permission.WRITE_ONLY from package com.google.android.gsf in an unknown group android.permission-group.MESSAGES
07-04 16:48:49.895  1733  1733 W PackageManager: Permission com.google.android.gtalkservice.permission.GTALK_SERVICE from package com.google.android.gsf in an unknown group android.permission-group.MESSAGES
07-04 16:48:49.895  1733  1733 W PackageManager: Permission com.google.android.gtalkservice.permission.SEND_HEARTBEAT from package com.google.android.gsf in an unknown group android.permission-group.NETWORK
07-04 16:48:49.895  1733  1733 W PackageManager: Permission com.google.android.permission.BROADCAST_DATA_MESSAGE from package com.google.android.gsf in an unknown group android.permission-group.NETWORK
07-04 16:48:49.895  1733  1733 W PackageManager: Permission com.google.android.c2dm.permission.SEND from package com.google.android.gsf in an unknown group android.permission-group.NETWORK
07-04 16:48:49.895  1733  1733 W PackageManager: Permission com.google.android.c2dm.permission.RECEIVE from package com.google.android.gsf in an unknown group android.permission-group.NETWORK
07-04 16:48:49.895  1733  1733 W PackageManager: Permission com.google.android.xmpp.permission.BROADCAST from package com.google.android.gsf in an unknown group android.permission-group.NETWORK
07-04 16:48:49.895  1733  1733 W PackageManager: Permission com.google.android.xmpp.permission.SEND_RECEIVE from package com.google.android.gsf in an unknown group android.permission-group.NETWORK
07-04 16:48:49.895  1733  1733 W PackageManager: Permission com.google.android.xmpp.permission.XMPP_ENDPOINT_BROADCAST from package com.google.android.gsf in an unknown group android.permission-group.NETWORK
07-04 16:48:49.895  1733  1733 W PackageManager: Permission com.google.android.xmpp.permission.USE_XMPP_ENDPOINT from package com.google.android.gsf in an unknown group android.permission-group.NETWORK
07-04 16:48:49.896  1733  1733 W PackageManager: Permission com.google.android.providers.gsf.permission.READ_GSERVICES from package com.google.android.gsf in an unknown group android.permission-group.ACCOUNTS
07-04 16:48:50.024  1260  1339 D hwcomposer: hw_composer sent 973 syncs in 60s
07-04 16:48:51.762  1733  1733 W PackageManager: Permission com.google.android.gms.permission.ACTIVITY_RECOGNITION from package com.google.android.gms in an unknown group android.permission-group.PERSONAL_INFO
07-04 16:48:52.370  1733  1733 W PackageParser: Ignoring duplicate uses-permissions/uses-permissions-sdk-m: android.permission.USE_CREDENTIALS in package: com.android.settings at: Binary XML file line #55
07-04 16:48:52.371  1733  1733 W PackageParser: Ignoring duplicate uses-permissions/uses-permissions-sdk-m: android.permission.READ_SYNC_SETTINGS in package: com.android.settings at: Binary XML file line #60
07-04 16:48:52.371  1733  1733 W PackageParser: Ignoring duplicate uses-permissions/uses-permissions-sdk-m: android.permission.WRITE_SYNC_SETTINGS in package: com.android.settings at: Binary XML file line #61
07-04 16:48:52.565  1733  1733 W PackageParser: Ignoring duplicate uses-permissions/uses-permissions-sdk-m: android.permission.INSTALL_GRANT_RUNTIME_PERMISSIONS in package: com.android.shell at: Binary XML file line #101
07-04 16:48:52.792  1733  1733 W PackageParser: Ignoring duplicate uses-permissions/uses-permissions-sdk-m: android.permission.CONFIGURE_WIFI_DISPLAY in package: com.android.systemui at: Binary XML file line #119
07-04 16:48:54.151  1733  1733 W PackageManager: Permission com.google.android.launcher.permission.READ_SETTINGS from package com.google.android.googlequicksearchbox in an unknown group android.permission-group.SYSTEM_TOOLS
07-04 16:48:54.152  1733  1733 W PackageManager: Permission com.google.android.launcher.permission.WRITE_SETTINGS from package com.google.android.googlequicksearchbox in an unknown group android.permission-group.SYSTEM_TOOLS
07-04 16:48:54.152  1733  1733 W PackageManager: Permission com.android.launcher.permission.INSTALL_SHORTCUT from package com.google.android.googlequicksearchbox in an unknown group android.permission-group.SYSTEM_TOOLS
07-04 16:48:55.397  1733  1733 W PackageParser: Ignoring duplicate uses-permissions/uses-permissions-sdk-m: android.permission.WRITE_CONTACTS in package: com.android.email at: Binary XML file line #40
07-04 16:48:56.709  1733  1733 W PackageManager: Permission com.android.vending.CHECK_LICENSE from package com.android.vending in an unknown group android.permission-group.NETWORK
07-04 16:48:57.387  1733  1733 W PackageParser: Ignoring duplicate uses-permissions/uses-permissions-sdk-m: android.permission.WAKE_LOCK in package: com.google.android.apps.maps at: Binary XML file line #96
07-04 16:48:58.228  1733  1733 W PackageParser: Problem in package /system/app/Photos/Photos.apk:
07-04 16:48:58.228  1733  1733 W PackageParser: Unknown element under <activity>: category at /system/app/Photos/Photos.apk Binary XML file line #802
07-04 16:48:58.365  1733  1733 W PackageManager: Permission com.google.android.apps.photos.permission.GOOGLE_PHOTOS_PROVIDER from package com.google.android.apps.photos in an unknown group android.permission-group.PERSONAL_INFO
07-04 16:48:59.736  1733  1733 D PackageManager: No files in app dir /system/vendor/app
07-04 16:48:59.736  1733  1733 D PackageManager: No files in app dir /oem/app
07-04 16:49:00.178  1733  1733 W PackageParser: No actions in intent filter at /data/app/ApiDemos/ApiDemos.apk Binary XML file line #3082
07-04 16:49:00.178  1733  1733 W PackageParser: No actions in intent filter at /data/app/ApiDemos/ApiDemos.apk Binary XML file line #3088
07-04 16:49:00.180  1733  1733 W PackageManager: Package com.example.android.apis desires unavailable shared library com.example.will.never.exist; ignoring!
07-04 16:49:00.187  1733  1733 I SELinux : SELinux: Loaded file_contexts contexts from /file_contexts.
07-04 16:49:01.355  1733  1733 W PackageParser: Unknown element under <manifest>: meta-data at /data/app/com.example.kelvinmudzimuirema.globtrotter-1/base.apk Binary XML file line #11
07-04 16:49:02.278  1733  1733 W PackageParser: Unknown element under <manifest>: meta-data at /data/app/com.example.kelvinmudzimuirema.cartandbasket-2/base.apk Binary XML file line #23
07-04 16:49:02.897  1733  1733 W PackageParser: Unknown element under <manifest>: meta-data at /data/app/com.example.kelvinmudzimuirema.cartnbasket-1/base.apk Binary XML file line #13
07-04 16:49:03.033  1733  1733 D PackageManager: No files in app dir /data/app-private
07-04 16:49:03.033  1733  1733 W PackageManager: Package com.google.android.gms desires unavailable shared library com.google.android.ble; ignoring!
07-04 16:49:03.033  1733  1733 W PackageManager: Package com.example.android.apis desires unavailable shared library com.example.will.never.exist; ignoring!
07-04 16:49:03.033  1733  1733 I PackageManager: Adjusting ABI for : com.google.android.gsf.login to x86
07-04 16:49:03.082  1733  1733 I PackageManager: Adjusting ABI for : com.google.android.gsf to x86
07-04 16:49:03.083  1733  1733 I PackageManager: Adjusting ABI for : com.android.keychain to x86
07-04 16:49:03.083  1733  1733 I PackageManager: Adjusting ABI for : com.android.server.telecom to x86
07-04 16:49:03.084  1733  1733 I PackageManager: Adjusting ABI for : com.android.inputdevices to x86
07-04 16:49:03.087  1733  1733 I PackageManager: Adjusting ABI for : com.android.location.fused to x86
07-04 16:49:03.089  1733  1733 I PackageManager: Adjusting ABI for : com.android.providers.settings to x86
07-04 16:49:03.089  1733  1733 I PackageManager: Adjusting ABI for : com.android.settings to x86
07-04 16:49:03.091  1733  1733 I PackageManager: Time to scan packages: 16.795 seconds
07-04 16:49:03.094  1733  1733 W PackageManager: Unknown permission com.google.android.voicesearch.SHORTCUTS_ACCESS in package com.google.android.googlequicksearchbox
07-04 16:49:03.094  1733  1733 W PackageManager: Unknown permission com.google.android.voicesearch.ACCESS_SETTINGS in package com.google.android.googlequicksearchbox
07-04 16:49:03.094  1733  1733 W PackageManager: Unknown permission com.google.android.ears.permission.WRITE in package com.google.android.googlequicksearchbox
07-04 16:49:03.094  1733  1733 W PackageManager: Unknown permission com.google.android.apps.googlevoice.permission.AUTO_SEND in package com.google.android.googlequicksearchbox
07-04 16:49:03.094  1733  1733 W PackageManager: Unknown permission com.google.android.gm.permission.AUTO_SEND in package com.google.android.googlequicksearchbox
07-04 16:49:03.094  1733  1733 W PackageManager: Unknown permission com.google.android.hangouts.START_HANGOUT in package com.google.android.googlequicksearchbox
07-04 16:49:03.094  1733  1733 W PackageManager: Unknown permission com.android.chrome.PRERENDER_URL in package com.google.android.googlequicksearchbox
07-04 16:49:03.094  1733  1733 W PackageManager: Unknown permission com.google.android.launcher.permission.CONTENT_REDIRECT in package com.google.android.googlequicksearchbox
07-04 16:49:03.095  1733  1733 W PackageManager: Not granting permission com.google.android.googleapps.permission.GOOGLE_AUTH to package com.android.providers.calendar (protectionLevel=2 flags=0x30083e45)
07-04 16:49:03.095  1733  1733 W PackageManager: Not granting permission com.google.android.googleapps.permission.GOOGLE_AUTH.cl to package com.android.providers.calendar (protectionLevel=2 flags=0x30083e45)
07-04 16:49:03.097  1733  1733 W PackageManager: Not granting permission android.permission.ACCESS_DOWNLOAD_MANAGER to package com.android.browser (protectionLevel=18 flags=0x3809be45)
07-04 16:49:03.097  1733  1733 W PackageManager: Not granting permission android.permission.SEND_DOWNLOAD_COMPLETED_INTENTS to package com.android.browser (protectionLevel=2 flags=0x3809be45)
07-04 16:49:03.097  1733  1733 W PackageManager: Unknown permission com.android.launcher.permission.READ_SETTINGS in package com.android.launcher3
07-04 16:49:03.097  1733  1733 W PackageManager: Unknown permission com.android.launcher.permission.WRITE_SETTINGS in package com.android.launcher3
07-04 16:49:03.097  1733  1733 W PackageManager: Not granting permission com.google.android.googleapps.permission.GOOGLE_AUTH.mail to package com.android.calendar (protectionLevel=2 flags=0x3009be45)
07-04 16:49:03.098  1733  1733 W PackageManager: Not granting permission android.permission.READ_EXTERNAL_STORAGE to package com.example.kelvinmudzimuirema.cartandbasket because it was previously installed without
07-04 16:49:03.100  1733  1733 W PackageManager: Unknown permission android.permission.MANAGE_SOUND_TRIGGER in package com.google.android.gms
07-04 16:49:03.100  1733  1733 W PackageManager: Unknown permission com.google.android.apps.enterprise.dmagent.permission.AutoSyncPermission in package com.google.android.gms
07-04 16:49:03.100  1733  1733 W PackageManager: Unknown permission android.permission.CONNECTIVITY_USE_RESTRICTED_NETWORKS in package com.google.android.gms
07-04 16:49:03.101  1733  1733 W PackageManager: Unknown permission android.permission.SEND_SMS_NO_CONFIRMATION in package com.google.android.gms
07-04 16:49:03.101  1733  1733 W PackageManager: Unknown permission android.permission.TETHER_PRIVILEGED in package com.google.android.gms
07-04 16:49:03.101  1733  1733 W PackageManager: Unknown permission com.google.android.hangouts.START_HANGOUT in package com.google.android.gms
07-04 16:49:03.101  1733  1733 W PackageManager: Unknown permission android.permission.READ_OEM_UNLOCK_STATE in package com.google.android.gms
07-04 16:49:03.101  1733  1733 W PackageManager: Unknown permission com.google.android.wearable.READ_SETTINGS in package com.google.android.gms
07-04 16:49:03.101  1733  1733 W PackageManager: Unknown permission android.permission.SUBSTITUTE_NOTIFICATION_APP_NAME in package com.google.android.gms
07-04 16:49:03.101  1733  1733 W PackageManager: Unknown permission com.android.vending.setup.PLAY_SETUP_SERVICE in package com.google.android.gms
07-04 16:49:03.101  1733  1733 W PackageManager: Unknown permission com.google.android.vending.verifier.ACCESS_VERIFIER in package com.google.android.gms
07-04 16:49:03.101  1733  1733 W PackageManager: Unknown permission com.google.android.gm.permission.READ_GMAIL in package com.google.android.gms
07-04 16:49:03.102  1733  1733 W PackageManager: Not granting permission android.permission.DELETE_PACKAGES to package com.svox.pico (protectionLevel=18 flags=0x3808be45)
07-04 16:49:03.102  1733  1733 W PackageManager: Not granting permission android.permission.READ_CONTACTS to package com.example.android.apis because it was previously installed without
07-04 16:49:03.102  1733  1733 W PackageManager: Not granting permission android.permission.WRITE_CONTACTS to package com.example.android.apis because it was previously installed without
07-04 16:49:03.102  1733  1733 W PackageManager: Not granting permission android.permission.ACCESS_COARSE_LOCATION to package com.example.android.apis because it was previously installed without
07-04 16:49:03.102  1733  1733 W PackageManager: Not granting permission android.permission.WRITE_EXTERNAL_STORAGE to package com.example.android.apis because it was previously installed without
07-04 16:49:03.103  1733  1733 W PackageManager: Not granting permission android.permission.SEND_SMS to package com.example.android.apis because it was previously installed without
07-04 16:49:03.103  1733  1733 W PackageManager: Not granting permission android.permission.RECEIVE_SMS to package com.example.android.apis because it was previously installed without
07-04 16:49:03.103  1733  1733 W PackageManager: Not granting permission android.permission.RECEIVE_MMS to package com.example.android.apis because it was previously installed without
07-04 16:49:03.103  1733  1733 W PackageManager: Not granting permission android.permission.READ_SMS to package com.example.android.apis because it was previously installed without
07-04 16:49:03.103  1733  1733 W PackageManager: Not granting permission android.permission.READ_PHONE_STATE to package com.example.android.apis because it was previously installed without
07-04 16:49:03.103  1733  1733 W PackageManager: Not granting permission android.permission.RECORD_AUDIO to package com.example.android.apis because it was previously installed without
07-04 16:49:03.103  1733  1733 W PackageManager: Not granting permission android.permission.CAMERA to package com.example.android.apis because it was previously installed without
07-04 16:49:03.103  1733  1733 W PackageManager: Not granting permission android.permission.READ_EXTERNAL_STORAGE to package com.example.android.apis because it was previously installed without
07-04 16:49:03.103  1733  1733 W PackageManager: Unknown permission com.google.android.gallery3d.permission.PICASA_STORE in package com.google.android.apps.photos
07-04 16:49:03.104  1733  1733 W PackageManager: Not granting permission android.permission.CONTROL_KEYGUARD to package com.google.android.gsf.login (protectionLevel=2 flags=0x3048be45)
07-04 16:49:03.104  1733  1733 W PackageManager: Unknown permission com.android.vending.billing.BILLING_ACCOUNT_SERVICE in package com.google.android.gsf.login
07-04 16:49:03.104  1733  1733 W PackageManager: Unknown permission com.android.vending.billing.ADD_CREDIT_CARD in package com.google.android.gsf.login
07-04 16:49:03.104  1733  1733 W PackageManager: Unknown permission com.android.vending.billing.IBillingAccountService.BIND2 in package com.google.android.gsf.login
07-04 16:49:03.104  1733  1733 W PackageManager: Unknown permission com.android.vending.TOS_ACKED in package com.google.android.gsf.login
07-04 16:49:03.104  1733  1733 W PackageManager: Unknown permission com.android.chrome.TOS_ACKED in package com.google.android.gsf.login
07-04 16:49:03.104  1733  1733 W PackageManager: Unknown permission com.android.launcher.permission.READ_SETTINGS in package com.android.settings
07-04 16:49:03.104  1733  1733 W PackageManager: Unknown permission com.android.launcher.permission.WRITE_SETTINGS in package com.android.settings
07-04 16:49:03.105  1733  1733 W PackageManager: Unknown permission com.android.smspush.WAPPUSH_MANAGER_BIND in package com.android.phone
07-04 16:49:03.106  1733  1733 W PackageManager: Not granting permission android.permission.BIND_APPWIDGET to package com.android.widgetpreview (protectionLevel=18 flags=0x1808be44)
07-04 16:49:03.491  1733  1733 I art     : Starting a blocking GC Explicit
07-04 16:49:03.616  1733  1733 I art     : Explicit concurrent mark sweep GC freed 7493(616KB) AllocSpace objects, 3(60KB) LOS objects, 33% free, 4MB/6MB, paused 1.548ms total 123.064ms
07-04 16:49:03.620  1733  1733 I SystemServer: User Service
07-04 16:49:03.703  1258  1258 I lowmemorykiller: ActivityManager connected
07-04 16:49:03.707  1733  1733 D SensorService: nuSensorService starting...
07-04 16:49:03.714  1733  1733 I SystemServiceManager: Starting com.android.server.BatteryService
07-04 16:49:03.715  1733  1805 D SensorService: new thread SensorEventAckReceiver
07-04 16:49:03.716  1733  1806 D SensorService: nuSensorService thread starting...
07-04 16:49:03.763  1733  1733 I SystemServiceManager: Starting com.android.server.usage.UsageStatsService
07-04 16:49:04.065  1733  1733 I UsageStatsService: User[0] Rollover scheduled @ 2017-07-05 02:00:00(1499212800000)
07-04 16:49:04.065  1733  1733 I SystemServiceManager: Starting com.android.server.webkit.WebViewUpdateService
07-04 16:49:04.174  1733  1733 I SystemServer: Reading configuration...
07-04 16:49:04.174  1733  1733 I SystemServer: Scheduling Policy
07-04 16:49:04.175  1733  1733 I SystemServiceManager: Starting com.android.server.telecom.TelecomLoaderService
07-04 16:49:04.178  1733  1733 I SystemServer: Telephony Registry
07-04 16:49:04.275  1733  1733 I SystemServer: Entropy Mixer
07-04 16:49:04.277  1733  1733 I EntropyMixer: Writing entropy...
07-04 16:49:04.287  1733  1733 I SystemServer: Camera Service
07-04 16:49:04.287  1733  1733 I SystemServiceManager: Starting com.android.server.camera.CameraService
07-04 16:49:04.408  1733  1809 I ServiceThread: Enabled StrictMode logging for CameraService_proxy looper.
07-04 16:49:04.409  1733  1733 I SystemServer: Account Manager
07-04 16:49:04.497  1733  1733 I SystemServer: Content Manager
07-04 16:49:04.506  1733  1733 I SystemServer: System Content Providers
07-04 16:49:04.510  1733  1733 W System  : ClassLoader referenced unknown path: /system/priv-app/SettingsProvider/lib/x86
07-04 16:49:04.756  1733  1733 I SystemServer: Vibrator Service
07-04 16:49:04.759  1733  1733 I SystemServer: Consumer IR Service
07-04 16:49:04.759  1733  1733 E ConsumerIrService: Can't open consumer IR HW Module, error: -2
07-04 16:49:04.760  1733  1733 I SystemServiceManager: Starting com.android.server.AlarmManagerService
07-04 16:49:04.791  1733  1733 W AlarmManagerService: no wall clock RTC found
07-04 16:49:04.791  1733  1733 D AlarmManagerService: Kernel timezone updated to -120 minutes west of GMT
07-04 16:49:04.795  1733  1733 I SystemServer: Init Watchdog
07-04 16:49:04.795  1733  1733 I SystemServer: Input Manager
07-04 16:49:04.796  1733  1733 I InputManager: Initializing input manager, mUseDevInputEventForAudioJack=false
07-04 16:49:04.866  1733  1733 I SystemServer: Window Manager
07-04 16:49:05.426  1733  1760 I WindowManager: No existing display settings /data/system/display_settings.xml; starting empty
07-04 16:49:06.089  1733  1733 I InputManager: Starting input manager
07-04 16:49:06.095  1733  1733 I SystemServer: No Bluetooh Service (emulator)
07-04 16:49:06.095  1733  1733 I SystemServer: Input Method Service
07-04 16:49:06.096  1733  1818 D EventHub: No input device configuration file found for device 'Power Button'.
07-04 16:49:06.132  1733  1818 W EventHub: Unable to disable kernel key repeat for /dev/input/event0: Function not implemented
07-04 16:49:06.132  1733  1818 I EventHub: New device: id=1, fd=75, path='/dev/input/event0', name='Power Button', classes=0x1, configuration='', keyLayout='/system/usr/keylayout/Generic.kl', keyCharacterMap='/system/usr/keychars/Generic.kcm', builtinKeyboard=false, wakeMechanism=EPOLLWAKEUP, usingClockIoctl=true
07-04 16:49:06.137  1733  1818 W EventHub: Unable to disable kernel key repeat for /dev/input/event1: Function not implemented
07-04 16:49:06.137  1733  1818 I EventHub: New device: id=2, fd=77, path='/dev/input/event1', name='qwerty2', classes=0xb7, configuration='/system/usr/idc/qwerty2.idc', keyLayout='/system/usr/keylayout/qwerty.kl', keyCharacterMap='/system/usr/keychars/qwerty2.kcm', builtinKeyboard=true, wakeMechanism=EPOLLWAKEUP, usingClockIoctl=true
07-04 16:49:06.137  1733  1818 E EventHub: could not get driver version for /dev/input/mice, Not a typewriter
07-04 16:49:06.173  1733  1818 I InputReader: Device added: id=-1, name='Virtual', sources=0x00000301
07-04 16:49:06.207  1733  1818 I InputReader:   Touch device 'qwerty2' could not query the properties of its associated display.  The device will be inoperable until the display size becomes available.
07-04 16:49:06.207  1733  1818 I InputReader: Device added: id=0, name='qwerty2', sources=0x80001303
07-04 16:49:06.208  1733  1818 I InputReader: Device added: id=1, name='Power Button', sources=0x00000101
07-04 16:49:06.436  1733  1733 I SystemServer: Accessibility Manager
07-04 16:49:06.519  1733  1733 I ActivityManager: Config changes=1df8 {1.0 ?mcc?mnc en_US ldltr sw411dp w411dp h731dp 420dpi nrml long port ?uimode ?night -touch -keyb/v/h dpad/v s.2}
07-04 16:49:06.532  1260  1260 E SurfaceFlinger: ro.sf.lcd_density must be defined as a build property
07-04 16:49:06.532  1260  1260 D SurfaceFlinger: Set active config mode=0, type=0 flinger=0xb7022000
07-04 16:49:06.532  1260  1260 D SurfaceFlinger: Screen type=0 is already mode=0
07-04 16:49:06.534  1733  1818 I InputReader: Reconfiguring input devices.  changes=0x00000004
07-04 16:49:06.535  1733  1818 I InputReader: Device reconfigured: id=0, name='qwerty2', size 1080x1920, orientation 0, mode 1, display id 0
07-04 16:49:06.554  1733  1733 I ActivityManager: Config changes=508 {1.0 ?mcc?mnc en_US ldltr sw411dp w411dp h659dp 420dpi nrml port ?uimode ?night finger -keyb/v/h dpad/v s.3}
07-04 16:49:06.559  1733  1733 I SystemServiceManager: Starting com.android.server.MountService$Lifecycle
07-04 16:49:06.576  1733  1733 I SystemServiceManager: Starting com.android.server.UiModeManagerService
07-04 16:49:06.578  1733  1821 D MountService: Thinking about reset, mSystemReady=false, mDaemonConnected=true
07-04 16:49:06.579  1733  1821 D MountService: Thinking about reset, mSystemReady=false, mDaemonConnected=true
07-04 16:49:06.580  1733  1821 D CryptdConnector: SND -> {1 cryptfs getfield SystemLocale}
07-04 16:49:06.581  1247  1318 I Ext4Crypt: ext4 crypto complete called on /data
07-04 16:49:06.581  1733  1733 I ActivityManager: Config changes=200 {1.0 ?mcc?mnc en_US ldltr sw411dp w411dp h659dp 420dpi nrml port finger -keyb/v/h dpad/v s.4}
07-04 16:49:06.581  1247  1318 I Ext4Crypt: No master key, so not ext4enc
07-04 16:49:06.580  1318  1318 W vold    : type=1400 audit(0.0:13): avc: granted { read write } for name="vdd" dev="tmpfs" ino=3965 scontext=u:r:vold:s0 tcontext=u:object_r:block_device:s0 tclass=blk_file
07-04 16:49:06.594  1733  1733 I SystemServer: LockSettingsService
07-04 16:49:06.596  1733  1733 I SystemServiceManager: Starting com.android.server.DeviceIdleController
07-04 16:49:06.599  1733  1733 I SystemServiceManager: Starting com.android.server.devicepolicy.DevicePolicyManagerService$Lifecycle
07-04 16:49:06.580  1318  1318 W vold    : type=1400 audit(0.0:14): avc: granted { read write open } for path="/dev/block/vdd" dev="tmpfs" ino=3965 scontext=u:r:vold:s0 tcontext=u:object_r:block_device:s0 tclass=blk_file
07-04 16:49:06.580  1318  1318 W vold    : type=1400 audit(0.0:15): avc: granted { getattr } for path="/dev/block/vdd" dev="tmpfs" ino=3965 scontext=u:r:vold:s0 tcontext=u:object_r:block_device:s0 tclass=blk_file
07-04 16:49:06.590  1318  1318 W vold    : type=1400 audit(0.0:16): avc: granted { read } for name="vdd" dev="tmpfs" ino=3965 scontext=u:r:vold:s0 tcontext=u:object_r:block_device:s0 tclass=blk_file
07-04 16:49:06.633  1733  1733 I SystemServer: Status Bar
07-04 16:49:06.590  1318  1318 W vold    : type=1400 audit(0.0:17): avc: granted { read open } for path="/dev/block/vdd" dev="tmpfs" ino=3965 scontext=u:r:vold:s0 tcontext=u:object_r:block_device:s0 tclass=blk_file
07-04 16:49:06.672  1733  1733 I SystemServer: Clipboard Service
07-04 16:49:06.674  1733  1733 I SystemServer: NetworkManagement Service
07-04 16:49:06.683  1733  1733 I SystemServer: Text Service Manager Service
07-04 16:49:06.759  1733  1823 D CryptdConnector: RCV <- {200 1 -1}
07-04 16:49:06.761  1733  1821 W MountService: No primary storage mounted!
07-04 16:49:06.762  1733  1821 D VoldConnector: SND -> {1 asec list}
07-04 16:49:06.855  1733  1733 I SystemServer: Network Score Service
07-04 16:49:06.857  1733  1733 I SystemServer: NetworkStats Service
07-04 16:49:06.959  1733  1733 I SystemServer: NetworkPolicy Service
07-04 16:49:06.995  1733  1822 D VoldConnector: RCV <- {200 1 asec operation succeeded}
07-04 16:49:06.997  1733  1821 I PackageManager: No secure containers found
07-04 16:49:06.997  1733  1821 W PackageManager: Unknown permission com.google.android.voicesearch.SHORTCUTS_ACCESS in package com.google.android.googlequicksearchbox
07-04 16:49:06.997  1733  1821 W PackageManager: Unknown permission com.google.android.voicesearch.ACCESS_SETTINGS in package com.google.android.googlequicksearchbox
07-04 16:49:07.003  1733  1821 W PackageManager: Unknown permission com.google.android.ears.permission.WRITE in package com.google.android.googlequicksearchbox
07-04 16:49:07.004  1733  1821 W PackageManager: Unknown permission com.google.android.apps.googlevoice.permission.AUTO_SEND in package com.google.android.googlequicksearchbox
07-04 16:49:07.004  1733  1821 W PackageManager: Unknown permission com.google.android.gm.permission.AUTO_SEND in package com.google.android.googlequicksearchbox
07-04 16:49:07.004  1733  1821 W PackageManager: Unknown permission com.google.android.hangouts.START_HANGOUT in package com.google.android.googlequicksearchbox
07-04 16:49:07.004  1733  1821 W PackageManager: Unknown permission com.android.chrome.PRERENDER_URL in package com.google.android.googlequicksearchbox
07-04 16:49:07.004  1733  1821 W PackageManager: Unknown permission com.google.android.launcher.permission.CONTENT_REDIRECT in package com.google.android.googlequicksearchbox
07-04 16:49:07.004  1733  1821 W PackageManager: Not granting permission com.google.android.googleapps.permission.GOOGLE_AUTH to package com.android.providers.calendar (protectionLevel=2 flags=0x30083e45)
07-04 16:49:07.004  1733  1821 W PackageManager: Not granting permission com.google.android.googleapps.permission.GOOGLE_AUTH.cl to package com.android.providers.calendar (protectionLevel=2 flags=0x30083e45)
07-04 16:49:07.005  1733  1821 W PackageManager: Not granting permission android.permission.ACCESS_DOWNLOAD_MANAGER to package com.android.browser (protectionLevel=18 flags=0x3809be45)
07-04 16:49:07.005  1733  1821 W PackageManager: Not granting permission android.permission.SEND_DOWNLOAD_COMPLETED_INTENTS to package com.android.browser (protectionLevel=2 flags=0x3809be45)
07-04 16:49:07.006  1733  1821 W PackageManager: Unknown permission com.android.launcher.permission.READ_SETTINGS in package com.android.launcher3
07-04 16:49:07.006  1733  1821 W PackageManager: Unknown permission com.android.launcher.permission.WRITE_SETTINGS in package com.android.launcher3
07-04 16:49:07.006  1733  1821 W PackageManager: Not granting permission com.google.android.googleapps.permission.GOOGLE_AUTH.mail to package com.android.calendar (protectionLevel=2 flags=0x3009be45)
07-04 16:49:07.006  1733  1821 W PackageManager: Not granting permission android.permission.READ_EXTERNAL_STORAGE to package com.example.kelvinmudzimuirema.cartandbasket because it was previously installed without
07-04 16:49:07.007  1733  1821 W PackageManager: Unknown permission android.permission.MANAGE_SOUND_TRIGGER in package com.google.android.gms
07-04 16:49:07.007  1733  1821 W PackageManager: Unknown permission com.google.android.apps.enterprise.dmagent.permission.AutoSyncPermission in package com.google.android.gms
07-04 16:49:07.007  1733  1821 W PackageManager: Unknown permission android.permission.CONNECTIVITY_USE_RESTRICTED_NETWORKS in package com.google.android.gms
07-04 16:49:07.007  1733  1821 W PackageManager: Unknown permission android.permission.SEND_SMS_NO_CONFIRMATION in package com.google.android.gms
07-04 16:49:07.007  1733  1821 W PackageManager: Unknown permission android.permission.TETHER_PRIVILEGED in package com.google.android.gms
07-04 16:49:07.007  1733  1821 W PackageManager: Unknown permission com.google.android.hangouts.START_HANGOUT in package com.google.android.gms
07-04 16:49:07.008  1733  1821 W PackageManager: Unknown permission android.permission.READ_OEM_UNLOCK_STATE in package com.google.android.gms
07-04 16:49:07.008  1733  1821 W PackageManager: Unknown permission com.google.android.wearable.READ_SETTINGS in package com.google.android.gms
07-04 16:49:07.008  1733  1821 W PackageManager: Unknown permission android.permission.SUBSTITUTE_NOTIFICATION_APP_NAME in package com.google.android.gms
07-04 16:49:07.008  1733  1821 W PackageManager: Unknown permission com.android.vending.setup.PLAY_SETUP_SERVICE in package com.google.android.gms
07-04 16:49:07.008  1733  1821 W PackageManager: Unknown permission com.google.android.vending.verifier.ACCESS_VERIFIER in package com.google.android.gms
07-04 16:49:07.008  1733  1821 W PackageManager: Unknown permission com.google.android.gm.permission.READ_GMAIL in package com.google.android.gms
07-04 16:49:07.009  1733  1821 W PackageManager: Not granting permission android.permission.DELETE_PACKAGES to package com.svox.pico (protectionLevel=18 flags=0x3808be45)
07-04 16:49:07.009  1733  1821 W PackageManager: Not granting permission android.permission.READ_CONTACTS to package com.example.android.apis because it was previously installed without
07-04 16:49:07.009  1733  1821 W PackageManager: Not granting permission android.permission.WRITE_CONTACTS to package com.example.android.apis because it was previously installed without
07-04 16:49:07.009  1733  1821 W PackageManager: Not granting permission android.permission.ACCESS_COARSE_LOCATION to package com.example.android.apis because it was previously installed without
07-04 16:49:07.009  1733  1821 W PackageManager: Not granting permission android.permission.WRITE_EXTERNAL_STORAGE to package com.example.android.apis because it was previously installed without
07-04 16:49:07.009  1733  1821 W PackageManager: Not granting permission android.permission.SEND_SMS to package com.example.android.apis because it was previously installed without
07-04 16:49:07.009  1733  1821 W PackageManager: Not granting permission android.permission.RECEIVE_SMS to package com.example.android.apis because it was previously installed without
07-04 16:49:07.009  1733  1821 W PackageManager: Not granting permission android.permission.RECEIVE_MMS to package com.example.android.apis because it was previously installed without
07-04 16:49:07.009  1733  1821 W PackageManager: Not granting permission android.permission.READ_SMS to package com.example.android.apis because it was previously installed without
07-04 16:49:07.010  1733  1821 W PackageManager: Not granting permission android.permission.READ_PHONE_STATE to package com.example.android.apis because it was previously installed without
07-04 16:49:07.010  1733  1821 W PackageManager: Not granting permission android.permission.RECORD_AUDIO to package com.example.android.apis because it was previously installed without
07-04 16:49:07.010  1733  1821 W PackageManager: Not granting permission android.permission.CAMERA to package com.example.android.apis because it was previously installed without
07-04 16:49:07.010  1733  1821 W PackageManager: Not granting permission android.permission.READ_EXTERNAL_STORAGE to package com.example.android.apis because it was previously installed without
07-04 16:49:07.010  1733  1821 W PackageManager: Unknown permission com.google.android.gallery3d.permission.PICASA_STORE in package com.google.android.apps.photos
07-04 16:49:07.012  1733  1821 W PackageManager: Not granting permission android.permission.CONTROL_KEYGUARD to package com.google.android.gsf.login (protectionLevel=2 flags=0x3048be45)
07-04 16:49:07.013  1733  1821 W PackageManager: Unknown permission com.android.vending.billing.BILLING_ACCOUNT_SERVICE in package com.google.android.gsf.login
07-04 16:49:07.013  1733  1821 W PackageManager: Unknown permission com.android.vending.billing.ADD_CREDIT_CARD in package com.google.android.gsf.login
07-04 16:49:07.013  1733  1821 W PackageManager: Unknown permission com.android.vending.billing.IBillingAccountService.BIND2 in package com.google.android.gsf.login
07-04 16:49:07.013  1733  1821 W PackageManager: Unknown permission com.android.vending.TOS_ACKED in package com.google.android.gsf.login
07-04 16:49:07.013  1733  1821 W PackageManager: Unknown permission com.android.chrome.TOS_ACKED in package com.google.android.gsf.login
07-04 16:49:07.013  1733  1821 W PackageManager: Unknown permission com.android.launcher.permission.READ_SETTINGS in package com.android.settings
07-04 16:49:07.015  1733  1821 W PackageManager: Unknown permission com.android.launcher.permission.WRITE_SETTINGS in package com.android.settings
07-04 16:49:07.015  1733  1821 W PackageManager: Unknown permission com.android.smspush.WAPPUSH_MANAGER_BIND in package com.android.phone
07-04 16:49:07.016  1733  1821 W PackageManager: Not granting permission android.permission.BIND_APPWIDGET to package com.android.widgetpreview (protectionLevel=18 flags=0x1808be44)
07-04 16:49:07.033  1733  1743 I art     : Background sticky concurrent mark sweep GC freed 10850(983KB) AllocSpace objects, 14(280KB) LOS objects, 15% free, 5MB/6MB, paused 5.640ms total 419.591ms
07-04 16:49:07.079  1733  1821 W MountService: No primary storage defined yet; hacking together a stub
07-04 16:49:07.080  1733  1821 W MountService: No primary storage defined yet; hacking together a stub
07-04 16:49:07.082  1733  1821 W MountService: No primary storage mounted!
07-04 16:49:07.082  1733  1821 D VoldConnector: SND -> {2 asec list}
07-04 16:49:07.083  1733  1822 D VoldConnector: RCV <- {200 2 asec operation succeeded}
07-04 16:49:08.029  1733  1733 I SystemServiceManager: Starting com.android.server.wifi.p2p.WifiP2pService
07-04 16:49:08.443  1733  1733 I WifiP2pService: Registering wifip2p
07-04 16:49:08.448  1733  1733 I SystemServiceManager: Starting com.android.server.wifi.WifiService
07-04 16:49:08.765  1733  1733 D HS20    : Passpoint is disabled
07-04 16:49:08.835  1733  1733 D WifiController: isAirplaneModeOn = false, isWifiEnabled = false, isScanningAvailable = false
07-04 16:49:08.836  1733  1733 I WifiService: Registering wifi
07-04 16:49:08.839  1733  1733 I SystemServiceManager: Starting com.android.server.wifi.WifiScanningService
07-04 16:49:08.839  1733  1733 I WifiScanningService: Creating wifiscanner
07-04 16:49:08.839  1733  1733 I WifiScanningService: Starting wifiscanner
07-04 16:49:08.842  1733  1733 I SystemServiceManager: Starting com.android.server.wifi.RttService
07-04 16:49:08.842  1733  1733 I RttService: Creating rttmanager
07-04 16:49:08.843  1733  1733 I RttService: Starting rttmanager
07-04 16:49:08.844  1733  1733 I SystemServer: Connectivity Service
07-04 16:49:08.852  1733  1733 D ConnectivityService: ConnectivityService starting up
07-04 16:49:08.861  1733  1733 D ConnectivityService: wifiOnly=false
07-04 16:49:08.875  1733  1733 I SystemServer: Network Service Discovery Service
